Component: ARM Compiler 5.06 update 7 (build 960) Tool: armlink [4d3601]

==============================================================================

Section Cross References

    main.o(i.led1_task) refers to gd32f1x0r_eval.o(i.gd_eval_led_toggle) for gd_eval_led_toggle
    main.o(i.led1_task) refers to printfb.o(i.__0printf$bare) for __2printf
    main.o(i.led1_task) refers to tasks.o(i.vTaskDelay) for vTaskDelay
    main.o(i.led1_task) refers to tasks.o(i.vTaskSuspend) for vTaskSuspend
    main.o(i.led1_task) refers to main.o(.data) for .data
    main.o(i.led2_task) refers to gd32f1x0r_eval.o(i.gd_eval_led_toggle) for gd_eval_led_toggle
    main.o(i.led2_task) refers to printfb.o(i.__0printf$bare) for __2printf
    main.o(i.led2_task) refers to tasks.o(i.vTaskDelay) for vTaskDelay
    main.o(i.main) refers to key.o(i.key_init) for key_init
    main.o(i.main) refers to debug_printf.o(i.debug_printf_init) for debug_printf_init
    main.o(i.main) refers to gd32f1x0r_eval.o(i.gd_eval_led_init) for gd_eval_led_init
    main.o(i.main) refers to tasks.o(i.xTaskCreate) for xTaskCreate
    main.o(i.main) refers to tasks.o(i.vTaskStartScheduler) for vTaskStartScheduler
    main.o(i.main) refers to main.o(.data) for .data
    main.o(i.main) refers to main.o(i.led1_task) for led1_task
    main.o(i.main) refers to main.o(i.led2_task) for led2_task
    debug_printf.o(i.debug_printf_init) refers to gd32f1x0r_eval.o(i.gd_eval_com_init) for gd_eval_com_init
    debug_printf.o(i.fputc) refers to gd32f1x0_usart.o(i.usart_data_transmit) for usart_data_transmit
    debug_printf.o(i.fputc) refers to gd32f1x0_usart.o(i.usart_flag_get) for usart_flag_get
    key.o(i.EXTI0_1_IRQHandler) refers to gd32f1x0_exti.o(i.exti_interrupt_flag_get) for exti_interrupt_flag_get
    key.o(i.EXTI0_1_IRQHandler) refers to tasks.o(i.xTaskResumeFromISR) for xTaskResumeFromISR
    key.o(i.EXTI0_1_IRQHandler) refers to gd32f1x0_exti.o(i.exti_interrupt_flag_clear) for exti_interrupt_flag_clear
    key.o(i.EXTI0_1_IRQHandler) refers to main.o(.data) for LED1Task_Handler
    key.o(i.key_init) refers to gd32f1x0_rcu.o(i.rcu_periph_clock_enable) for rcu_periph_clock_enable
    key.o(i.key_init) refers to gd32f1x0_gpio.o(i.gpio_mode_set) for gpio_mode_set
    key.o(i.key_init) refers to gd32f1x0_misc.o(i.nvic_irq_enable) for nvic_irq_enable
    key.o(i.key_init) refers to gd32f1x0_syscfg.o(i.syscfg_exti_line_config) for syscfg_exti_line_config
    key.o(i.key_init) refers to gd32f1x0_exti.o(i.exti_init) for exti_init
    key.o(i.key_init) refers to gd32f1x0_exti.o(i.exti_interrupt_flag_clear) for exti_interrupt_flag_clear
    startup_gd32f1x0.o(RESET) refers to startup_gd32f1x0.o(STACK) for __initial_sp
    startup_gd32f1x0.o(RESET) refers to startup_gd32f1x0.o(.text) for Reset_Handler
    startup_gd32f1x0.o(RESET) refers to gd32f1x0_it.o(i.NMI_Handler) for NMI_Handler
    startup_gd32f1x0.o(RESET) refers to gd32f1x0_it.o(i.MemManage_Handler) for MemManage_Handler
    startup_gd32f1x0.o(RESET) refers to gd32f1x0_it.o(i.BusFault_Handler) for BusFault_Handler
    startup_gd32f1x0.o(RESET) refers to gd32f1x0_it.o(i.UsageFault_Handler) for UsageFault_Handler
    startup_gd32f1x0.o(RESET) refers to port.o(.emb_text) for SVC_Handler
    startup_gd32f1x0.o(RESET) refers to gd32f1x0_it.o(i.DebugMon_Handler) for DebugMon_Handler
    startup_gd32f1x0.o(RESET) refers to port.o(i.SysTick_Handler) for SysTick_Handler
    startup_gd32f1x0.o(RESET) refers to key.o(i.EXTI0_1_IRQHandler) for EXTI0_1_IRQHandler
    startup_gd32f1x0.o(.text) refers to system_gd32f1x0.o(i.SystemInit) for SystemInit
    startup_gd32f1x0.o(.text) refers to entry.o(.ARM.Collect$$$$00000000) for __main
    system_gd32f1x0.o(i.SystemCoreClockUpdate) refers to system_gd32f1x0.o(.data) for .data
    system_gd32f1x0.o(i.SystemInit) refers to system_gd32f1x0.o(i.system_clock_72m_hxtal) for system_clock_72m_hxtal
    system_gd32f1x0.o(i.SystemInit) refers to gd32f1x0_misc.o(i.nvic_vector_table_set) for nvic_vector_table_set
    gd32f1x0_gpio.o(i.gpio_deinit) refers to gd32f1x0_rcu.o(i.rcu_periph_reset_enable) for rcu_periph_reset_enable
    gd32f1x0_gpio.o(i.gpio_deinit) refers to gd32f1x0_rcu.o(i.rcu_periph_reset_disable) for rcu_periph_reset_disable
    gd32f1x0_syscfg.o(i.syscfg_deinit) refers to gd32f1x0_rcu.o(i.rcu_periph_reset_enable) for rcu_periph_reset_enable
    gd32f1x0_syscfg.o(i.syscfg_deinit) refers to gd32f1x0_rcu.o(i.rcu_periph_reset_disable) for rcu_periph_reset_disable
    gd32f1x0_usart.o(i.usart_baudrate_set) refers to gd32f1x0_rcu.o(i.rcu_clock_freq_get) for rcu_clock_freq_get
    gd32f1x0_usart.o(i.usart_deinit) refers to gd32f1x0_rcu.o(i.rcu_periph_reset_enable) for rcu_periph_reset_enable
    gd32f1x0_usart.o(i.usart_deinit) refers to gd32f1x0_rcu.o(i.rcu_periph_reset_disable) for rcu_periph_reset_disable
    gd32f1x0_rcu.o(i.rcu_osci_stab_wait) refers to gd32f1x0_rcu.o(i.rcu_flag_get) for rcu_flag_get
[...]
    printf3.o(i.__0fprintf$3) refers to debug_printf.o(i.fputc) for fputc
    printf3.o(i.__0printf$3) refers to printf3.o(i._printf_core) for _printf_core
    printf3.o(i.__0printf$3) refers to debug_printf.o(i.fputc) for fputc
    printf3.o(i.__0printf$3) refers to stdout.o(.data) for __stdout
    printf3.o(i.__0snprintf$3) refers to printf3.o(i._printf_core) for _printf_core
    printf3.o(i.__0snprintf$3) refers to printf3.o(i._snputc) for _snputc
    printf3.o(i.__0sprintf$3) refers to printf3.o(i._printf_core) for _printf_core
    printf3.o(i.__0sprintf$3) refers to printf3.o(i._sputc) for _sputc
    printf3.o(i.__0vfprintf$3) refers to printf3.o(i._printf_core) for _printf_core
    printf3.o(i.__0vfprintf$3) refers to debug_printf.o(i.fputc) for fputc
    printf3.o(i.__0vprintf$3) refers to printf3.o(i._printf_core) for _printf_core
    printf3.o(i.__0vprintf$3) refers to debug_printf.o(i.fputc) for fputc
    printf3.o(i.__0vprintf$3) refers to stdout.o(.data) for __stdout
    printf3.o(i.__0vsnprintf$3) refers to printf3.o(i._printf_core) for _printf_core
    printf3.o(i.__0vsnprintf$3) refers to printf3.o(i._snputc) for _snputc
    printf3.o(i.__0vsprintf$3) refers to printf3.o(i._printf_core) for _printf_core
    printf3.o(i.__0vsprintf$3) refers to printf3.o(i._sputc) for _sputc
    printf3.o(i._printf_core) refers to uidiv.o(.text) for __aeabi_uidivmod
    printf4.o(i.__0fprintf$4) refers to printf4.o(i._printf_core) for _printf_core
    printf4.o(i.__0fprintf$4) refers to debug_printf.o(i.fputc) for fputc
    printf4.o(i.__0printf$4) refers to printf4.o(i._printf_core) for _printf_core
    printf4.o(i.__0printf$4) refers to debug_printf.o(i.fputc) for fputc
    printf4.o(i.__0printf$4) refers to stdout.o(.data) for __stdout
    printf4.o(i.__0snprintf$4) refers to printf4.o(i._printf_core) for _printf_core
    printf4.o(i.__0snprintf$4) refers to printf4.o(i._snputc) for _snputc
    printf4.o(i.__0sprintf$4) refers to printf4.o(i._printf_core) for _printf_core
    printf4.o(i.__0sprintf$4) refers to printf4.o(i._sputc) for _sputc
    printf4.o(i.__0vfprintf$4) refers to printf4.o(i._printf_core) for _printf_core
    printf4.o(i.__0vfprintf$4) refers to debug_printf.o(i.fputc) for fputc
    printf4.o(i.__0vprintf$4) refers to printf4.o(i._printf_core) for _printf_core
    printf4.o(i.__0vprintf$4) refers to debug_printf.o(i.fputc) for fputc
    printf4.o(i.__0vprintf$4) refers to stdout.o(.data) for __stdout
    printf4.o(i.__0vsnprintf$4) refers to printf4.o(i._printf_core) for _printf_core
    printf4.o(i.__0vsnprintf$4) refers to printf4.o(i._snputc) for _snputc
    printf4.o(i.__0vsprintf$4) refers to printf4.o(i._printf_core) for _printf_core
    printf4.o(i.__0vsprintf$4) refers to printf4.o(i._sputc) for _sputc
    printf4.o(i._printf_core) refers to uldiv.o(.text) for __aeabi_uldivmod
    printf5.o(i.__0fprintf$5) refers to printf5.o(i._printf_core) for _printf_core
    printf5.o(i.__0fprintf$5) refers to debug_printf.o(i.fputc) for fputc
    printf5.o(i.__0printf$5) refers to printf5.o(i._printf_core) for _printf_core
    printf5.o(i.__0printf$5) refers to debug_printf.o(i.fputc) for fputc
    printf5.o(i.__0printf$5) refers to stdout.o(.data) for __stdout
    printf5.o(i.__0snprintf$5) refers to printf5.o(i._printf_core) for _printf_core
    printf5.o(i.__0snprintf$5) refers to printf5.o(i._snputc) for _snputc
    printf5.o(i.__0sprintf$5) refers to printf5.o(i._printf_core) for _printf_core
    printf5.o(i.__0sprintf$5) refers to printf5.o(i._sputc) for _sputc
    printf5.o(i.__0vfprintf$5) refers to printf5.o(i._printf_core) for _printf_core
    printf5.o(i.__0vfprintf$5) refers to debug_printf.o(i.fputc) for fputc
    printf5.o(i.__0vprintf$5) refers to printf5.o(i._printf_core) for _printf_core
    printf5.o(i.__0vprintf$5) refers to debug_printf.o(i.fputc) for fputc
    printf5.o(i.__0vprintf$5) refers to stdout.o(.data) for __stdout
    printf5.o(i.__0vsnprintf$5) refers to printf5.o(i._printf_core) for _printf_core
    printf5.o(i.__0vsnprintf$5) refers to printf5.o(i._snputc) for _snputc
    printf5.o(i.__0vsprintf$5) refers to printf5.o(i._printf_core) for _printf_core
    printf5.o(i.__0vsprintf$5) refers to printf5.o(i._sputc) for _sputc
    printf5.o(i._printf_core) refers to uldiv.o(.text) for __aeabi_uldivmod
    printf6.o(i.__0fprintf$6) refers to printf6.o(i._printf_core) for _printf_core
    printf6.o(i.__0fprintf$6) refers to debug_printf.o(i.fputc) for fputc
    printf6.o(i.__0printf$6) refers to printf6.o(i._printf_core) for _printf_core
    printf6.o(i.__0printf$6) refers to debug_printf.o(i.fputc) for fputc
    printf6.o(i.__0printf$6) refers to stdout.o(.data) for __stdout
    printf6.o(i.__0snprintf$6) refers to printf6.o(i._printf_core) for _printf_core
    printf6.o(i.__0snprintf$6) refers to printf6.o(i._snputc) for _snputc
    printf6.o(i.__0sprintf$6) refers to printf6.o(i._printf_core) for _printf_core
    printf6.o(i.__0sprintf$6) refers to printf6.o(i._sputc) for _sputc
    printf6.o(i.__0vfprintf$6) refers to printf6.o(i._printf_core) for _printf_core
    printf6.o(i.__0vfprintf$6) refers to debug_printf.o(i.fputc) for fputc
    printf6.o(i.__0vprintf$6) refers to printf6.o(i._printf_core) for _printf_core
    printf6.o(i.__0vprintf$6) refers to debug_printf.o(i.fputc) for fputc
    printf6.o(i.__0vprintf$6) refers to stdout.o(.data) for __stdout
    printf6.o(i.__0vsnprintf$6) refers to printf6.o(i._printf_core) for _printf_core
    printf6.o(i.__0vsnprintf$6) refers to printf6.o(i._snputc) for _snputc
    printf6.o(i.__0vsprintf$6) refers to printf6.o(i._printf_core) for _printf_core
    printf6.o(i.__0vsprintf$6) refers to printf6.o(i._sputc) for _sputc
    printf6.o(i._printf_core) refers to printf6.o(i._printf_pre_padding) for _printf_pre_padding
    printf6.o(i._printf_core) refers to uidiv.o(.text) for __aeabi_uidivmod
    printf6.o(i._printf_core) refers to printf6.o(i._printf_post_padding) for _printf_post_padding
    printf7.o(i.__0fprintf$7) refers to printf7.o(i._printf_core) for _printf_core
    printf7.o(i.__0fprintf$7) refers to debug_printf.o(i.fputc) for fputc
    printf7.o(i.__0printf$7) refers to printf7.o(i._printf_core) for _printf_core
    printf7.o(i.__0printf$7) refers to debug_printf.o(i.fputc) for fputc
    printf7.o(i.__0printf$7) refers to stdout.o(.data) for __stdout
    printf7.o(i.__0snprintf$7) refers to printf7.o(i._printf_core) for _printf_core
    printf7.o(i.__0snprintf$7) refers to printf7.o(i._snputc) for _snputc
    printf7.o(i.__0sprintf$7) refers to printf7.o(i._printf_core) for _printf_core
    printf7.o(i.__0sprintf$7) refers to printf7.o(i._sputc) for _sputc
    printf7.o(i.__0vfprintf$7) refers to printf7.o(i._printf_core) for _printf_core
    printf7.o(i.__0vfprintf$7) refers to debug_printf.o(i.fputc) for fputc
    printf7.o(i.__0vprintf$7) refers to printf7.o(i._printf_core) for _printf_core
    printf7.o(i.__0vprintf$7) refers to debug_printf.o(i.fputc) for fputc
    printf7.o(i.__0vprintf$7) refers to stdout.o(.data) for __stdout
    printf7.o(i.__0vsnprintf$7) refers to printf7.o(i._printf_core) for _printf_core
    printf7.o(i.__0vsnprintf$7) refers to printf7.o(i._snputc) for _snputc
    printf7.o(i.__0vsprintf$7) refers to printf7.o(i._printf_core) for _printf_core
    printf7.o(i.__0vsprintf$7) refers to printf7.o(i._sputc) for _sputc
    printf7.o(i._printf_core) refers to printf7.o(i._printf_pre_padding) for _printf_pre_padding
    printf7.o(i._printf_core) refers to uldiv.o(.text) for __aeabi_uldivmod
    printf7.o(i._printf_core) refers to printf7.o(i._printf_post_padding) for _printf_post_padding
    printf8.o(i.__0fprintf$8) refers to printf8.o(i._printf_core) for _printf_core
    printf8.o(i.__0fprintf$8) refers to debug_printf.o(i.fputc) for fputc
    printf8.o(i.__0printf$8) refers to printf8.o(i._printf_core) for _printf_core
    printf8.o(i.__0printf$8) refers to debug_printf.o(i.fputc) for fputc
    printf8.o(i.__0printf$8) refers to stdout.o(.data) for __stdout
    printf8.o(i.__0snprintf$8) refers to printf8.o(i._printf_core) for _printf_core
    printf8.o(i.__0snprintf$8) refers to printf8.o(i._snputc) for _snputc
    printf8.o(i.__0sprintf$8) refers to printf8.o(i._printf_core) for _printf_core
    printf8.o(i.__0sprintf$8) refers to printf8.o(i._sputc) for _sputc
    printf8.o(i.__0vfprintf$8) refers to printf8.o(i._printf_core) for _printf_core
    printf8.o(i.__0vfprintf$8) refers to debug_printf.o(i.fputc) for fputc
    printf8.o(i.__0vprintf$8) refers to printf8.o(i._printf_core) for _printf_core
    printf8.o(i.__0vprintf$8) refers to debug_printf.o(i.fputc) for fputc
    printf8.o(i.__0vprintf$8) refers to stdout.o(.data) for __stdout
    printf8.o(i.__0vsnprintf$8) refers to printf8.o(i._printf_core) for _printf_core
    printf8.o(i.__0vsnprintf$8) refers to printf8.o(i._snputc) for _snputc
    printf8.o(i.__0vsprintf$8) refers to printf8.o(i._printf_core) for _printf_core
    printf8.o(i.__0vsprintf$8) refers to printf8.o(i._sputc) for _sputc
    printf8.o(i._printf_core) refers to printf8.o(i._printf_pre_padding) for _printf_pre_padding
    printf8.o(i._printf_core) refers to uldiv.o(.text) for __aeabi_uldivmod
    printf8.o(i._printf_core) refers to printf8.o(i._printf_post_padding) for _printf_post_padding
    printfa.o(i.__0fprintf) refers (Special) to iusefp.o(.text) for __I$use$fp
    printfa.o(i.__0fprintf) refers to printfa.o(i._printf_core) for _printf_core
    printfa.o(i.__0fprintf) refers to debug_printf.o(i.fputc) for fputc
    printfa.o(i.__0printf) refers (Special) to iusefp.o(.text) for __I$use$fp
    printfa.o(i.__0printf) refers to printfa.o(i._printf_core) for _printf_core
    printfa.o(i.__0printf) refers to debug_printf.o(i.fputc) for fputc
    printfa.o(i.__0printf) refers to stdout.o(.data) for __stdout
    printfa.o(i.__0snprintf) refers (Special) to iusefp.o(.text) for __I$use$fp
    printfa.o(i.__0snprintf) refers to printfa.o(i._printf_core) for _printf_core
    printfa.o(i.__0snprintf) refers to printfa.o(i._snputc) for _snputc
    printfa.o(i.__0sprintf) refers (Special) to iusefp.o(.text) for __I$use$fp
    printfa.o(i.__0sprintf) refers to printfa.o(i._printf_core) for _printf_core
    printfa.o(i.__0sprintf) refers to printfa.o(i._sputc) for _sputc
    printfa.o(i.__0vfprintf) refers (Special) to iusefp.o(.text) for __I$use$fp
    printfa.o(i.__0vfprintf) refers to printfa.o(i._printf_core) for _printf_core
    printfa.o(i.__0vfprintf) refers to debug_printf.o(i.fputc) for fputc
    printfa.o(i.__0vprintf) refers (Special) to iusefp.o(.text) for __I$use$fp
    printfa.o(i.__0vprintf) refers to printfa.o(i._printf_core) for _printf_core
    printfa.o(i.__0vprintf) refers to debug_printf.o(i.fputc) for fputc
    printfa.o(i.__0vprintf) refers to stdout.o(.data) for __stdout
    printfa.o(i.__0vsnprintf) refers (Special) to iusefp.o(.text) for __I$use$fp
    printfa.o(i.__0vsnprintf) refers to printfa.o(i._printf_core) for _printf_core
    printfa.o(i.__0vsnprintf) refers to printfa.o(i._snputc) for _snputc
    printfa.o(i.__0vsprintf) refers (Special) to iusefp.o(.text) for __I$use$fp
    printfa.o(i.__0vsprintf) refers to printfa.o(i._printf_core) for _printf_core
    printfa.o(i.__0vsprintf) refers to printfa.o(i._sputc) for _sputc
    printfa.o(i._fp_digits) refers (Special) to iusefp.o(.text) for __I$use$fp
    printfa.o(i._fp_digits) refers to dmul.o(.text) for __aeabi_dmul
    printfa.o(i._fp_digits) refers to ddiv.o(.text) for __aeabi_ddiv
    printfa.o(i._fp_digits) refers to cdrcmple.o(.text) for __aeabi_cdrcmple
    printfa.o(i._fp_digits) refers to dadd.o(.text) for __aeabi_dadd
    printfa.o(i._fp_digits) refers to dfixul.o(.text) for __aeabi_d2ulz
    printfa.o(i._fp_digits) refers to uldiv.o(.text) for __aeabi_uldivmod
    printfa.o(i._printf_core) refers (Special) to iusefp.o(.text) for __I$use$fp
    printfa.o(i._printf_core) refers to printfa.o(i._printf_pre_padding) for _printf_pre_padding
    printfa.o(i._printf_core) refers to uldiv.o(.text) for __aeabi_uldivmod
    printfa.o(i._printf_core) refers to printfa.o(i._printf_post_padding) for _printf_post_padding
    printfa.o(i._printf_core) refers to printfa.o(i._fp_digits) for _fp_digits
    printfa.o(i._printf_core) refers to uidiv.o(.text) for __aeabi_uidivmod
    printfa.o(i._printf_post_padding) refers (Special) to iusefp.o(.text) for __I$use$fp
    printfa.o(i._printf_pre_padding) refers (Special) to iusefp.o(.text) for __I$use$fp
    printfa.o(i._snputc) refers (Special) to iusefp.o(.text) for __I$use$fp
    printfa.o(i._sputc) refers (Special) to iusefp.o(.text) for __I$use$fp
    entry2.o(.ARM.Collect$$$$00000001) refers to entry2.o(.ARM.Collect$$$$00002712) for __lit__00000000
    entry2.o(.ARM.Collect$$$$00002712) refers to startup_gd32f1x0.o(STACK) for __initial_sp
    entry2.o(__vectab_stack_and_reset_area) refers to startup_gd32f1x0.o(STACK) for __initial_sp
    entry2.o(__vectab_stack_and_reset_area) refers to entry.o(.ARM.Collect$$$$00000000) for __main
    entry5.o(.ARM.Collect$$$$00000004) refers to init.o(.text) for __scatterload
    entry9a.o(.ARM.Collect$$$$0000000B) refers to main.o(i.main) for main
    entry9b.o(.ARM.Collect$$$$0000000C) refers to main.o(i.main) for main
    uldiv.o(.text) refers to llushr.o(.text) for __aeabi_llsr
    uldiv.o(.text) refers to llshl.o(.text) for __aeabi_llsl
    dadd.o(.text) refers to llshl.o(.text) for __aeabi_llsl
    dadd.o(.text) refers to llsshr.o(.text) for __aeabi_lasr
    dadd.o(.text) refers to depilogue.o(.text) for _double_epilogue
    dmul.o(.text) refers to depilogue.o(.text) for _double_epilogue
    ddiv.o(.text) refers to depilogue.o(.text) for _double_round
    dfixul.o(.text) refers to llushr.o(.text) for __aeabi_llsr
    dfixul.o(.text) refers to llshl.o(.text) for __aeabi_llsl
    init.o(.text) refers to entry5.o(.ARM.Collect$$$$00000004) for __main_after_scatterload
    depilogue.o(.text) refers to llshl.o(.text) for __aeabi_llsl
    depilogue.o(.text) refers to llushr.o(.text) for __aeabi_llsr


==============================================================================

Removing Unused input sections from the image.

    Removing gd32f1x0_it.o(.rev16_text), (4 bytes).
    Removing gd32f1x0_it.o(.revsh_text), (4 bytes).
    Removing gd32f1x0_it.o(.rrx_text), (6 bytes).
    Removing main.o(.rev16_text), (4 bytes).
    Removing main.o(.revsh_text), (4 bytes).
    Removing main.o(.rrx_text), (6 bytes).
    Removing debug_printf.o(.rev16_text), (4 bytes).
    Removing debug_printf.o(.revsh_text), (4 bytes).
    Removing debug_printf.o(.rrx_text), (6 bytes).
    Removing key.o(.rev16_text), (4 bytes).
    Removing key.o(.revsh_text), (4 bytes).
    Removing key.o(.rrx_text), (6 bytes).
    Removing startup_gd32f1x0.o(HEAP), (1024 bytes).
    Removing system_gd32f1x0.o(.rev16_text), (4 bytes).
    Removing system_gd32f1x0.o(.revsh_text), (4 bytes).
    Removing system_gd32f1x0.o(.rrx_text), (6 bytes).
    Removing system_gd32f1x0.o(i.SystemCoreClockUpdate), (136 bytes).
    Removing gd32f1x0_exti.o(.rev16_text), (4 bytes).
    Removing gd32f1x0_exti.o(.revsh_text), (4 bytes).
    Removing gd32f1x0_exti.o(.rrx_text), (6 bytes).
    Removing gd32f1x0_exti.o(i.exti_deinit), (32 bytes).
    Removing gd32f1x0_exti.o(i.exti_event_disable), (16 bytes).
    Removing gd32f1x0_exti.o(i.exti_event_enable), (16 bytes).
    Removing gd32f1x0_exti.o(i.exti_flag_clear), (12 bytes).
    Removing gd32f1x0_exti.o(i.exti_flag_get), (20 bytes).
    Removing gd32f1x0_exti.o(i.exti_interrupt_disable), (16 bytes).
    Removing gd32f1x0_exti.o(i.exti_interrupt_enable), (16 bytes).
    Removing gd32f1x0_exti.o(i.exti_software_interrupt_disable), (16 bytes).
    Removing gd32f1x0_exti.o(i.exti_software_interrupt_enable), (16 bytes).
    Removing gd32f1x0_gpio.o(.rev16_text), (4 bytes).
    Removing gd32f1x0_gpio.o(.revsh_text), (4 bytes).
    Removing gd32f1x0_gpio.o(.rrx_text), (6 bytes).
    Removing gd32f1x0_gpio.o(i.gpio_bit_reset), (4 bytes).
    Removing gd32f1x0_gpio.o(i.gpio_bit_set), (4 bytes).
    Removing gd32f1x0_gpio.o(i.gpio_bit_write), (10 bytes).
    Removing gd32f1x0_gpio.o(i.gpio_deinit), (92 bytes).
    Removing gd32f1x0_gpio.o(i.gpio_input_bit_get), (10 bytes).
    Removing gd32f1x0_gpio.o(i.gpio_input_port_get), (6 bytes).
    Removing gd32f1x0_gpio.o(i.gpio_output_bit_get), (10 bytes).
    Removing gd32f1x0_gpio.o(i.gpio_output_port_get), (6 bytes).
    Removing gd32f1x0_gpio.o(i.gpio_pin_lock), (16 bytes).
    Removing gd32f1x0_gpio.o(i.gpio_port_write), (4 bytes).
    Removing gd32f1x0_syscfg.o(.rev16_text), (4 bytes).
    Removing gd32f1x0_syscfg.o(.revsh_text), (4 bytes).
    Removing gd32f1x0_syscfg.o(.rrx_text), (6 bytes).
    Removing gd32f1x0_syscfg.o(i.syscfg_deinit), (22 bytes).
    Removing gd32f1x0_syscfg.o(i.syscfg_dma_remap_disable), (16 bytes).
    Removing gd32f1x0_syscfg.o(i.syscfg_dma_remap_enable), (16 bytes).
    Removing gd32f1x0_syscfg.o(i.syscfg_flag_clear), (16 bytes).
    Removing gd32f1x0_syscfg.o(i.syscfg_flag_get), (20 bytes).
    Removing gd32f1x0_syscfg.o(i.syscfg_high_current_disable), (16 bytes).
    Removing gd32f1x0_syscfg.o(i.syscfg_high_current_enable), (16 bytes).
    Removing gd32f1x0_syscfg.o(i.syscfg_lock_config), (16 bytes).
    Removing gd32f1x0_usart.o(.rev16_text), (4 bytes).
    Removing gd32f1x0_usart.o(.revsh_text), (4 bytes).
    Removing gd32f1x0_usart.o(.rrx_text), (6 bytes).
    Removing gd32f1x0_usart.o(i.usart_address_config), (26 bytes).
    Removing gd32f1x0_usart.o(i.usart_address_detection_mode_config), (28 bytes).
    Removing gd32f1x0_usart.o(i.usart_autobaud_detection_disable), (10 bytes).
    Removing gd32f1x0_usart.o(i.usart_autobaud_detection_enable), (10 bytes).
    Removing gd32f1x0_usart.o(i.usart_autobaud_detection_mode_config), (16 bytes).
    Removing gd32f1x0_usart.o(i.usart_block_length_config), (18 bytes).
    Removing gd32f1x0_usart.o(i.usart_clock_disable), (18 bytes).
    Removing gd32f1x0_usart.o(i.usart_clock_enable), (18 bytes).
    Removing gd32f1x0_usart.o(i.usart_command_enable), (8 bytes).
    Removing gd32f1x0_usart.o(i.usart_data_first_config), (28 bytes).
    Removing gd32f1x0_usart.o(i.usart_data_receive), (8 bytes).
    Removing gd32f1x0_usart.o(i.usart_depolarity_config), (28 bytes).
    Removing gd32f1x0_usart.o(i.usart_disable), (10 bytes).
    Removing gd32f1x0_usart.o(i.usart_dma_receive_config), (16 bytes).
    Removing gd32f1x0_usart.o(i.usart_dma_transmit_config), (16 bytes).
    Removing gd32f1x0_usart.o(i.usart_driver_assertime_config), (32 bytes).
    Removing gd32f1x0_usart.o(i.usart_driver_deassertime_config), (32 bytes).
    Removing gd32f1x0_usart.o(i.usart_flag_clear), (16 bytes).
    Removing gd32f1x0_usart.o(i.usart_guard_time_config), (32 bytes).
    Removing gd32f1x0_usart.o(i.usart_halfduplex_disable), (18 bytes).
    Removing gd32f1x0_usart.o(i.usart_halfduplex_enable), (18 bytes).
    Removing gd32f1x0_usart.o(i.usart_hardware_flow_cts_config), (24 bytes).
    Removing gd32f1x0_usart.o(i.usart_hardware_flow_rts_config), (24 bytes).
    Removing gd32f1x0_usart.o(i.usart_interrupt_disable), (20 bytes).
    Removing gd32f1x0_usart.o(i.usart_interrupt_enable), (20 bytes).
    Removing gd32f1x0_usart.o(i.usart_interrupt_flag_clear), (16 bytes).
    Removing gd32f1x0_usart.o(i.usart_interrupt_flag_get), (48 bytes).
    Removing gd32f1x0_usart.o(i.usart_invert_config), (90 bytes).
    Removing gd32f1x0_usart.o(i.usart_irda_lowpower_config), (28 bytes).
    Removing gd32f1x0_usart.o(i.usart_irda_mode_disable), (18 bytes).
    Removing gd32f1x0_usart.o(i.usart_irda_mode_enable), (18 bytes).
    Removing gd32f1x0_usart.o(i.usart_lin_break_detection_length_config), (28 bytes).
    Removing gd32f1x0_usart.o(i.usart_lin_mode_disable), (18 bytes).
    Removing gd32f1x0_usart.o(i.usart_lin_mode_enable), (18 bytes).
    Removing gd32f1x0_usart.o(i.usart_mute_mode_disable), (10 bytes).
    Removing gd32f1x0_usart.o(i.usart_mute_mode_enable), (10 bytes).
    Removing gd32f1x0_usart.o(i.usart_mute_mode_wakeup_config), (24 bytes).
    Removing gd32f1x0_usart.o(i.usart_overrun_disable), (18 bytes).
    Removing gd32f1x0_usart.o(i.usart_overrun_enable), (18 bytes).
    Removing gd32f1x0_usart.o(i.usart_oversample_config), (24 bytes).
    Removing gd32f1x0_usart.o(i.usart_parity_config), (24 bytes).
    Removing gd32f1x0_usart.o(i.usart_prescaler_config), (24 bytes).
    Removing gd32f1x0_usart.o(i.usart_receiver_timeout_disable), (10 bytes).
    Removing gd32f1x0_usart.o(i.usart_receiver_timeout_enable), (10 bytes).
    Removing gd32f1x0_usart.o(i.usart_receiver_timeout_threshold_config), (16 bytes).
    Removing gd32f1x0_usart.o(i.usart_reception_error_dma_disable), (18 bytes).
    Removing gd32f1x0_usart.o(i.usart_reception_error_dma_enable), (18 bytes).
    Removing gd32f1x0_usart.o(i.usart_rs485_driver_disable), (18 bytes).
    Removing gd32f1x0_usart.o(i.usart_rs485_driver_enable), (18 bytes).
    Removing gd32f1x0_usart.o(i.usart_sample_bit_config), (24 bytes).
    Removing gd32f1x0_usart.o(i.usart_smartcard_autoretry_config), (32 bytes).
    Removing gd32f1x0_usart.o(i.usart_smartcard_mode_disable), (18 bytes).
    Removing gd32f1x0_usart.o(i.usart_smartcard_mode_enable), (18 bytes).
    Removing gd32f1x0_usart.o(i.usart_smartcard_mode_nack_disable), (18 bytes).
    Removing gd32f1x0_usart.o(i.usart_smartcard_mode_nack_enable), (18 bytes).
    Removing gd32f1x0_usart.o(i.usart_stop_bit_set), (24 bytes).
    Removing gd32f1x0_usart.o(i.usart_synchronous_clock_config), (50 bytes).
    Removing gd32f1x0_usart.o(i.usart_wakeup_disable), (10 bytes).
    Removing gd32f1x0_usart.o(i.usart_wakeup_enable), (10 bytes).
    Removing gd32f1x0_usart.o(i.usart_wakeup_mode_config), (28 bytes).
    Removing gd32f1x0_usart.o(i.usart_word_length_set), (24 bytes).
    Removing gd32f1x0_rcu.o(.rev16_text), (4 bytes).
    Removing gd32f1x0_rcu.o(.revsh_text), (4 bytes).
    Removing gd32f1x0_rcu.o(.rrx_text), (6 bytes).
    Removing gd32f1x0_rcu.o(i.rcu_adc_clock_config), (84 bytes).
    Removing gd32f1x0_rcu.o(i.rcu_ahb_clock_config), (20 bytes).
    Removing gd32f1x0_rcu.o(i.rcu_all_reset_flag_clear), (16 bytes).
    Removing gd32f1x0_rcu.o(i.rcu_apb1_clock_config), (20 bytes).
    Removing gd32f1x0_rcu.o(i.rcu_apb2_clock_config), (20 bytes).
    Removing gd32f1x0_rcu.o(i.rcu_bkp_reset_disable), (16 bytes).
    Removing gd32f1x0_rcu.o(i.rcu_bkp_reset_enable), (16 bytes).
    Removing gd32f1x0_rcu.o(i.rcu_cec_clock_config), (24 bytes).
    Removing gd32f1x0_rcu.o(i.rcu_ckout_config), (20 bytes).
    Removing gd32f1x0_rcu.o(i.rcu_deepsleep_voltage_set), (32 bytes).
    Removing gd32f1x0_rcu.o(i.rcu_deinit), (96 bytes).
    Removing gd32f1x0_rcu.o(i.rcu_flag_get), (32 bytes).
    Removing gd32f1x0_rcu.o(i.rcu_hxtal_clock_monitor_disable), (16 bytes).
    Removing gd32f1x0_rcu.o(i.rcu_hxtal_clock_monitor_enable), (16 bytes).
    Removing gd32f1x0_rcu.o(i.rcu_hxtal_prediv_config), (20 bytes).
    Removing gd32f1x0_rcu.o(i.rcu_interrupt_disable), (16 bytes).
    Removing gd32f1x0_rcu.o(i.rcu_interrupt_enable), (16 bytes).
    Removing gd32f1x0_rcu.o(i.rcu_interrupt_flag_clear), (16 bytes).
    Removing gd32f1x0_rcu.o(i.rcu_interrupt_flag_get), (20 bytes).
    Removing gd32f1x0_rcu.o(i.rcu_irc14m_adjust_value_set), (20 bytes).
    Removing gd32f1x0_rcu.o(i.rcu_irc8m_adjust_value_set), (20 bytes).
    Removing gd32f1x0_rcu.o(i.rcu_lxtal_drive_capability_config), (24 bytes).
    Removing gd32f1x0_rcu.o(i.rcu_osci_bypass_mode_disable), (60 bytes).
    Removing gd32f1x0_rcu.o(i.rcu_osci_bypass_mode_enable), (60 bytes).
    Removing gd32f1x0_rcu.o(i.rcu_osci_off), (28 bytes).
    Removing gd32f1x0_rcu.o(i.rcu_osci_on), (28 bytes).
    Removing gd32f1x0_rcu.o(i.rcu_osci_stab_wait), (188 bytes).
    Removing gd32f1x0_rcu.o(i.rcu_periph_clock_disable), (28 bytes).
    Removing gd32f1x0_rcu.o(i.rcu_periph_clock_sleep_disable), (28 bytes).
    Removing gd32f1x0_rcu.o(i.rcu_periph_clock_sleep_enable), (28 bytes).
    Removing gd32f1x0_rcu.o(i.rcu_pll_config), (32 bytes).
    Removing gd32f1x0_rcu.o(i.rcu_power_down_voltage_set), (32 bytes).
    Removing gd32f1x0_rcu.o(i.rcu_rtc_clock_config), (24 bytes).
    Removing gd32f1x0_rcu.o(i.rcu_system_clock_source_config), (20 bytes).
    Removing gd32f1x0_rcu.o(i.rcu_system_clock_source_get), (16 bytes).
    Removing gd32f1x0_rcu.o(i.rcu_usart_clock_config), (24 bytes).
    Removing gd32f1x0_rcu.o(i.rcu_usbd_clock_config), (24 bytes).
    Removing gd32f1x0_rcu.o(i.rcu_voltage_key_unlock), (36 bytes).
    Removing gd32f1x0_misc.o(.rev16_text), (4 bytes).
    Removing gd32f1x0_misc.o(.revsh_text), (4 bytes).
    Removing gd32f1x0_misc.o(.rrx_text), (6 bytes).
    Removing gd32f1x0_misc.o(i.nvic_irq_disable), (22 bytes).
    Removing gd32f1x0_misc.o(i.system_lowpower_reset), (16 bytes).
    Removing gd32f1x0_misc.o(i.system_lowpower_set), (16 bytes).
    Removing gd32f1x0_misc.o(i.systick_clksource_set), (24 bytes).
    Removing gd32f1x0_timer.o(.rev16_text), (4 bytes).
    Removing gd32f1x0_timer.o(.revsh_text), (4 bytes).
    Removing gd32f1x0_timer.o(.rrx_text), (6 bytes).
    Removing gd32f1x0_timer.o(i.timer_auto_reload_shadow_disable), (10 bytes).
    Removing gd32f1x0_timer.o(i.timer_auto_reload_shadow_enable), (10 bytes).
    Removing gd32f1x0_timer.o(i.timer_automatic_output_disable), (10 bytes).
    Removing gd32f1x0_timer.o(i.timer_automatic_output_enable), (10 bytes).
    Removing gd32f1x0_timer.o(i.timer_autoreload_value_config), (4 bytes).
    Removing gd32f1x0_timer.o(i.timer_break_config), (32 bytes).
    Removing gd32f1x0_timer.o(i.timer_break_disable), (10 bytes).
    Removing gd32f1x0_timer.o(i.timer_break_enable), (10 bytes).
    Removing gd32f1x0_timer.o(i.timer_break_struct_para_init), (18 bytes).
    Removing gd32f1x0_timer.o(i.timer_channel_capture_value_register_read), (34 bytes).
    Removing gd32f1x0_timer.o(i.timer_channel_complementary_output_polarity_config), (78 bytes).
    Removing gd32f1x0_timer.o(i.timer_channel_complementary_output_state_config), (58 bytes).
    Removing gd32f1x0_timer.o(i.timer_channel_control_shadow_config), (20 bytes).
    Removing gd32f1x0_timer.o(i.timer_channel_control_shadow_update_config), (24 bytes).
    Removing gd32f1x0_timer.o(i.timer_channel_dma_request_source_select), (24 bytes).
    Removing gd32f1x0_timer.o(i.timer_channel_input_capture_prescaler_config), (78 bytes).
    Removing gd32f1x0_timer.o(i.timer_channel_input_struct_para_init), (14 bytes).
    Removing gd32f1x0_timer.o(i.timer_channel_output_clear_config), (78 bytes).
    Removing gd32f1x0_timer.o(i.timer_channel_output_config), (496 bytes).
    Removing gd32f1x0_timer.o(i.timer_channel_output_fast_config), (78 bytes).
    Removing gd32f1x0_timer.o(i.timer_channel_output_mode_config), (78 bytes).
    Removing gd32f1x0_timer.o(i.timer_channel_output_polarity_config), (78 bytes).
    Removing gd32f1x0_timer.o(i.timer_channel_output_pulse_value_config), (30 bytes).
    Removing gd32f1x0_timer.o(i.timer_channel_output_shadow_config), (78 bytes).
    Removing gd32f1x0_timer.o(i.timer_channel_output_state_config), (78 bytes).
    Removing gd32f1x0_timer.o(i.timer_channel_output_struct_para_init), (16 bytes).
    Removing gd32f1x0_timer.o(i.timer_channel_remap_config), (4 bytes).
    Removing gd32f1x0_timer.o(i.timer_counter_alignment), (16 bytes).
    Removing gd32f1x0_timer.o(i.timer_counter_down_direction), (10 bytes).
    Removing gd32f1x0_timer.o(i.timer_counter_read), (4 bytes).
    Removing gd32f1x0_timer.o(i.timer_counter_up_direction), (10 bytes).
    Removing gd32f1x0_timer.o(i.timer_counter_value_config), (4 bytes).
    Removing gd32f1x0_timer.o(i.timer_deinit), (128 bytes).
    Removing gd32f1x0_timer.o(i.timer_disable), (10 bytes).
    Removing gd32f1x0_timer.o(i.timer_dma_disable), (8 bytes).
    Removing gd32f1x0_timer.o(i.timer_dma_enable), (8 bytes).
    Removing gd32f1x0_timer.o(i.timer_dma_transfer_config), (22 bytes).
    Removing gd32f1x0_timer.o(i.timer_enable), (10 bytes).
    Removing gd32f1x0_timer.o(i.timer_event_software_generate), (8 bytes).
    Removing gd32f1x0_timer.o(i.timer_external_clock_mode0_config), (26 bytes).
    Removing gd32f1x0_timer.o(i.timer_external_clock_mode1_config), (18 bytes).
    Removing gd32f1x0_timer.o(i.timer_external_clock_mode1_disable), (10 bytes).
    Removing gd32f1x0_timer.o(i.timer_external_trigger_as_external_clock_config), (156 bytes).
    Removing gd32f1x0_timer.o(i.timer_external_trigger_config), (28 bytes).
    Removing gd32f1x0_timer.o(i.timer_flag_clear), (6 bytes).
    Removing gd32f1x0_timer.o(i.timer_flag_get), (10 bytes).
    Removing gd32f1x0_timer.o(i.timer_hall_mode_config), (24 bytes).
    Removing gd32f1x0_timer.o(i.timer_init), (160 bytes).
    Removing gd32f1x0_timer.o(i.timer_input_capture_config), (300 bytes).
    Removing gd32f1x0_timer.o(i.timer_input_pwm_capture_config), (334 bytes).
    Removing gd32f1x0_timer.o(i.timer_input_trigger_source_select), (16 bytes).
    Removing gd32f1x0_timer.o(i.timer_internal_clock_config), (10 bytes).
    Removing gd32f1x0_timer.o(i.timer_internal_trigger_as_external_clock_config), (26 bytes).
    Removing gd32f1x0_timer.o(i.timer_interrupt_disable), (8 bytes).
    Removing gd32f1x0_timer.o(i.timer_interrupt_enable), (8 bytes).
    Removing gd32f1x0_timer.o(i.timer_interrupt_flag_clear), (6 bytes).
    Removing gd32f1x0_timer.o(i.timer_interrupt_flag_get), (20 bytes).
    Removing gd32f1x0_timer.o(i.timer_master_output_trigger_source_select), (16 bytes).
    Removing gd32f1x0_timer.o(i.timer_master_slave_mode_config), (24 bytes).
    Removing gd32f1x0_timer.o(i.timer_ocpre_clear_source_config), (26 bytes).
    Removing gd32f1x0_timer.o(i.timer_prescaler_config), (16 bytes).
    Removing gd32f1x0_timer.o(i.timer_prescaler_read), (6 bytes).
    Removing gd32f1x0_timer.o(i.timer_primary_output_config), (20 bytes).
    Removing gd32f1x0_timer.o(i.timer_quadrature_decoder_mode_config), (64 bytes).
    Removing gd32f1x0_timer.o(i.timer_repetition_value_config), (4 bytes).
    Removing gd32f1x0_timer.o(i.timer_single_pulse_mode_config), (24 bytes).
    Removing gd32f1x0_timer.o(i.timer_slave_mode_select), (16 bytes).
    Removing gd32f1x0_timer.o(i.timer_struct_para_init), (20 bytes).
    Removing gd32f1x0_timer.o(i.timer_update_event_disable), (10 bytes).
    Removing gd32f1x0_timer.o(i.timer_update_event_enable), (10 bytes).
    Removing gd32f1x0_timer.o(i.timer_update_source_config), (24 bytes).
    Removing gd32f1x0r_eval.o(.rev16_text), (4 bytes).
    Removing gd32f1x0r_eval.o(.revsh_text), (4 bytes).
    Removing gd32f1x0r_eval.o(.rrx_text), (6 bytes).
    Removing gd32f1x0r_eval.o(i.gd_eval_key_init), (112 bytes).
    Removing gd32f1x0r_eval.o(i.gd_eval_key_state_get), (24 bytes).
    Removing gd32f1x0r_eval.o(i.gd_eval_led_off), (24 bytes).
    Removing gd32f1x0r_eval.o(i.gd_eval_led_on), (24 bytes).
    Removing timers.o(.rev16_text), (4 bytes).
    Removing timers.o(.revsh_text), (4 bytes).
    Removing timers.o(.rrx_text), (6 bytes).
    Removing tasks.o(.rev16_text), (4 bytes).
    Removing tasks.o(.revsh_text), (4 bytes).
    Removing tasks.o(.rrx_text), (6 bytes).
    Removing tasks.o(i.pcTaskGetName), (16 bytes).
    Removing tasks.o(i.ulTaskGenericNotifyTake), (132 bytes).
    Removing tasks.o(i.ulTaskGenericNotifyValueClear), (44 bytes).
    Removing tasks.o(i.uxTaskGetNumberOfTasks), (12 bytes).
    Removing tasks.o(i.uxTaskPriorityGet), (28 bytes).
    Removing tasks.o(i.uxTaskPriorityGetFromISR), (36 bytes).
    Removing tasks.o(i.uxTaskResetEventItemValue), (24 bytes).
    Removing tasks.o(i.vTaskDelete), (156 bytes).
    Removing tasks.o(i.vTaskEndScheduler), (28 bytes).
    Removing tasks.o(i.vTaskGenericNotifyGiveFromISR), (140 bytes).
    Removing tasks.o(i.vTaskInternalSetTimeOutState), (16 bytes).
    Removing tasks.o(i.vTaskMissedYield), (12 bytes).
    Removing tasks.o(i.vTaskPlaceOnEventList), (36 bytes).
    Removing tasks.o(i.vTaskPlaceOnUnorderedEventList), (44 bytes).
    Removing tasks.o(i.vTaskPrioritySet), (172 bytes).
    Removing tasks.o(i.vTaskRemoveFromUnorderedEventList), (76 bytes).
    Removing tasks.o(i.vTaskResume), (112 bytes).
    Removing tasks.o(i.vTaskSetTimeOutState), (32 bytes).
    Removing tasks.o(i.xTaskCatchUpTicks), (28 bytes).
    Removing tasks.o(i.xTaskCheckForTimeOut), (88 bytes).
    Removing tasks.o(i.xTaskDelayUntil), (88 bytes).
    Removing tasks.o(i.xTaskGenericNotify), (180 bytes).
    Removing tasks.o(i.xTaskGenericNotifyFromISR), (192 bytes).
    Removing tasks.o(i.xTaskGenericNotifyStateClear), (52 bytes).
    Removing tasks.o(i.xTaskGenericNotifyWait), (164 bytes).
    Removing tasks.o(i.xTaskGetCurrentTaskHandle), (12 bytes).
    Removing tasks.o(i.xTaskGetTickCount), (12 bytes).
    Removing tasks.o(i.xTaskGetTickCountFromISR), (12 bytes).
    Removing tasks.o(i.xTaskRemoveFromEventList), (100 bytes).
    Removing queue.o(.rev16_text), (4 bytes).
    Removing queue.o(.revsh_text), (4 bytes).
    Removing queue.o(.rrx_text), (6 bytes).
    Removing queue.o(i.prvCopyDataFromQueue), (38 bytes).
    Removing queue.o(i.prvCopyDataToQueue), (90 bytes).
    Removing queue.o(i.prvIsQueueEmpty), (26 bytes).
    Removing queue.o(i.prvUnlockQueue), (106 bytes).
    Removing queue.o(i.uxQueueMessagesWaiting), (18 bytes).
    Removing queue.o(i.uxQueueMessagesWaitingFromISR), (4 bytes).
    Removing queue.o(i.uxQueueSpacesAvailable), (22 bytes).
    Removing queue.o(i.vQueueDelete), (4 bytes).
    Removing queue.o(i.xQueueGenericCreate), (46 bytes).
    Removing queue.o(i.xQueueGenericReset), (116 bytes).
    Removing queue.o(i.xQueueGenericSend), (256 bytes).
    Removing queue.o(i.xQueueGenericSendFromISR), (104 bytes).
    Removing queue.o(i.xQueueGiveFromISR), (86 bytes).
    Removing queue.o(i.xQueueIsQueueEmptyFromISR), (12 bytes).
    Removing queue.o(i.xQueueIsQueueFullFromISR), (16 bytes).
    Removing queue.o(i.xQueuePeek), (240 bytes).
    Removing queue.o(i.xQueuePeekFromISR), (44 bytes).
    Removing queue.o(i.xQueueReceive), (240 bytes).
    Removing queue.o(i.xQueueReceiveFromISR), (100 bytes).
    Removing queue.o(i.xQueueSemaphoreTake), (228 bytes).
    Removing list.o(.rev16_text), (4 bytes).
    Removing list.o(.revsh_text), (4 bytes).
    Removing list.o(.rrx_text), (6 bytes).
    Removing event_groups.o(.rev16_text), (4 bytes).
    Removing event_groups.o(.revsh_text), (4 bytes).
    Removing event_groups.o(.rrx_text), (6 bytes).
    Removing event_groups.o(i.prvTestWaitCondition), (20 bytes).
    Removing event_groups.o(i.vEventGroupClearBitsCallback), (4 bytes).
    Removing event_groups.o(i.vEventGroupDelete), (44 bytes).
    Removing event_groups.o(i.vEventGroupSetBitsCallback), (4 bytes).
    Removing event_groups.o(i.xEventGroupClearBits), (26 bytes).
    Removing event_groups.o(i.xEventGroupCreate), (26 bytes).
    Removing event_groups.o(i.xEventGroupGetBitsFromISR), (26 bytes).
    Removing event_groups.o(i.xEventGroupSetBits), (100 bytes).
    Removing event_groups.o(i.xEventGroupSync), (136 bytes).
    Removing event_groups.o(i.xEventGroupWaitBits), (188 bytes).
    Removing croutine.o(.rev16_text), (4 bytes).
    Removing croutine.o(.revsh_text), (4 bytes).
    Removing croutine.o(.rrx_text), (6 bytes).
    Removing stream_buffer.o(.rev16_text), (4 bytes).
    Removing stream_buffer.o(.revsh_text), (4 bytes).
    Removing stream_buffer.o(.rrx_text), (6 bytes).
    Removing stream_buffer.o(i.prvBytesInBuffer), (18 bytes).
    Removing stream_buffer.o(i.prvInitialiseNewStreamBuffer), (36 bytes).
    Removing stream_buffer.o(i.prvReadBytesFromBuffer), (78 bytes).
    Removing stream_buffer.o(i.prvReadMessageFromBuffer), (58 bytes).
    Removing stream_buffer.o(i.prvWriteBytesToBuffer), (66 bytes).
    Removing stream_buffer.o(i.prvWriteMessageToBuffer), (60 bytes).
    Removing stream_buffer.o(i.vStreamBufferDelete), (16 bytes).
    Removing stream_buffer.o(i.xStreamBufferBytesAvailable), (4 bytes).
    Removing stream_buffer.o(i.xStreamBufferGenericCreate), (64 bytes).
    Removing stream_buffer.o(i.xStreamBufferIsEmpty), (16 bytes).
    Removing stream_buffer.o(i.xStreamBufferIsFull), (30 bytes).
    Removing stream_buffer.o(i.xStreamBufferNextMessageLengthBytes), (44 bytes).
    Removing stream_buffer.o(i.xStreamBufferReceive), (162 bytes).
    Removing stream_buffer.o(i.xStreamBufferReceiveCompletedFromISR), (54 bytes).
    Removing stream_buffer.o(i.xStreamBufferReceiveFromISR), (106 bytes).
    Removing stream_buffer.o(i.xStreamBufferReset), (44 bytes).
    Removing stream_buffer.o(i.xStreamBufferSend), (202 bytes).
    Removing stream_buffer.o(i.xStreamBufferSendCompletedFromISR), (54 bytes).
    Removing stream_buffer.o(i.xStreamBufferSendFromISR), (112 bytes).
    Removing stream_buffer.o(i.xStreamBufferSetTriggerLevel), (20 bytes).
    Removing stream_buffer.o(i.xStreamBufferSpacesAvailable), (20 bytes).
    Removing port.o(.rev16_text), (4 bytes).
    Removing port.o(.revsh_text), (4 bytes).
    Removing port.o(.rrx_text), (6 bytes).
    Removing port.o(i.vPortEndScheduler), (2 bytes).
    Removing heap_4.o(.rev16_text), (4 bytes).
    Removing heap_4.o(.revsh_text), (4 bytes).
    Removing heap_4.o(.rrx_text), (6 bytes).
    Removing heap_4.o(i.vPortGetHeapStats), (108 bytes).
    Removing heap_4.o(i.vPortInitialiseBlocks), (2 bytes).
    Removing heap_4.o(i.xPortGetFreeHeapSize), (12 bytes).
    Removing heap_4.o(i.xPortGetMinimumEverFreeHeapSize), (12 bytes).
    Removing dadd.o(.text), (334 bytes).
    Removing dmul.o(.text), (228 bytes).
    Removing ddiv.o(.text), (222 bytes).
    Removing dfixul.o(.text), (48 bytes).
    Removing cdrcmple.o(.text), (48 bytes).
    Removing depilogue.o(.text), (186 bytes).

364 unused section(s) (total 14758 bytes) removed from the image.

==============================================================================

Image Symbol Table

    Local Symbols

    Symbol Name                              Value     Ov Type        Size  Object(Section)

    ../clib/microlib/division.c              0x00000000   Number         0  uidiv.o ABSOLUTE
    ../clib/microlib/division.c              0x00000000   Number         0  uldiv.o ABSOLUTE
    ../clib/microlib/init/entry.s            0x00000000   Number         0  entry11b.o ABSOLUTE
    ../clib/microlib/init/entry.s            0x00000000   Number         0  entry12a.o ABSOLUTE
    ../clib/microlib/init/entry.s            0x00000000   Number         0  entry.o ABSOLUTE
    ../clib/microlib/init/entry.s            0x00000000   Number         0  entry11a.o ABSOLUTE
    ../clib/microlib/init/entry.s            0x00000000   Number         0  entry10b.o ABSOLUTE
    ../clib/microlib/init/entry.s            0x00000000   Number         0  entry10a.o ABSOLUTE
    ../clib/microlib/init/entry.s            0x00000000   Number         0  entry9b.o ABSOLUTE
    ../clib/microlib/init/entry.s            0x00000000   Number         0  entry12b.o ABSOLUTE
    ../clib/microlib/init/entry.s            0x00000000   Number         0  entry9a.o ABSOLUTE
    ../clib/microlib/init/entry.s            0x00000000   Number         0  entry8b.o ABSOLUTE
    ../clib/microlib/init/entry.s            0x00000000   Number         0  entry8a.o ABSOLUTE
    ../clib/microlib/init/entry.s            0x00000000   Number         0  entry7b.o ABSOLUTE
    ../clib/microlib/init/entry.s            0x00000000   Number         0  entry7a.o ABSOLUTE
    ../clib/microlib/init/entry.s            0x00000000   Number         0  entry5.o ABSOLUTE
    ../clib/microlib/init/entry.s            0x00000000   Number         0  entry2.o ABSOLUTE
    ../clib/microlib/longlong.c              0x00000000   Number         0  llsshr.o ABSOLUTE
    ../clib/microlib/longlong.c              0x00000000   Number         0  llshl.o ABSOLUTE
    ../clib/microlib/longlong.c              0x00000000   Number         0  llushr.o ABSOLUTE
    ../clib/microlib/printf/printf.c         0x00000000   Number         0  printf5.o ABSOLUTE
    ../clib/microlib/printf/printf.c         0x00000000   Number         0  printf7.o ABSOLUTE
    ../clib/microlib/printf/printf.c         0x00000000   Number         0  printf8.o ABSOLUTE
    ../clib/microlib/printf/printf.c         0x00000000   Number         0  printfa.o ABSOLUTE
    ../clib/microlib/printf/printf.c         0x00000000   Number         0  printf6.o ABSOLUTE
    ../clib/microlib/printf/printf.c         0x00000000   Number         0  printfb.o ABSOLUTE
    ../clib/microlib/printf/printf.c         0x00000000   Number         0  printf0.o ABSOLUTE
    ../clib/microlib/printf/printf.c         0x00000000   Number         0  printf1.o ABSOLUTE
    ../clib/microlib/printf/printf.c         0x00000000   Number         0  printf2.o ABSOLUTE
    ../clib/microlib/printf/printf.c         0x00000000   Number         0  printf3.o ABSOLUTE
    ../clib/microlib/printf/printf.c         0x00000000   Number         0  printf4.o ABSOLUTE
    ../clib/microlib/stdio/streams.c         0x00000000   Number         0  stdout.o ABSOLUTE
    ../clib/microlib/string/memcpy.c         0x00000000   Number         0  memcpya.o ABSOLUTE
    ../clib/microlib/string/memcpy.c         0x00000000   Number         0  memcpyb.o ABSOLUTE
    ../clib/microlib/string/memset.c         0x00000000   Number         0  memseta.o ABSOLUTE
    ../clib/microlib/stubs.s                 0x00000000   Number         0  iusefp.o ABSOLUTE
    ../fplib/microlib/fpadd.c                0x00000000   Number         0  dadd.o ABSOLUTE
    ../fplib/microlib/fpdiv.c                0x00000000   Number         0  ddiv.o ABSOLUTE
    ../fplib/microlib/fpepilogue.c           0x00000000   Number         0  depilogue.o ABSOLUTE
    ../fplib/microlib/fpfix.c                0x00000000   Number         0  dfixul.o ABSOLUTE
    ../fplib/microlib/fpmul.c                0x00000000   Number         0  dmul.o ABSOLUTE
    FreeRTOS\\croutine.c                     0x00000000   Number         0  croutine.o ABSOLUTE
    FreeRTOS\\event_groups.c                 0x00000000   Number         0  event_groups.o ABSOLUTE
    FreeRTOS\\list.c                         0x00000000   Number         0  list.o ABSOLUTE
    FreeRTOS\\portable\\MemMang\\heap_4.c    0x00000000   Number         0  heap_4.o ABSOLUTE
    FreeRTOS\\portable\\RVDS\\ARM_CM3\\port.c 0x00000000   Number         0  port.o ABSOLUTE
    FreeRTOS\\queue.c                        0x00000000   Number         0  queue.o ABSOLUTE
    FreeRTOS\\stream_buffer.c                0x00000000   Number         0  stream_buffer.o ABSOLUTE
    FreeRTOS\\tasks.c                        0x00000000   Number         0  tasks.o ABSOLUTE
    FreeRTOS\\timers.c                       0x00000000   Number         0  timers.o ABSOLUTE
    FreeRTOS\croutine.c                      0x00000000   Number         0  croutine.o ABSOLUTE
    FreeRTOS\event_groups.c                  0x00000000   Number         0  event_groups.o ABSOLUTE
    FreeRTOS\list.c                          0x00000000   Number         0  list.o ABSOLUTE
    FreeRTOS\portable\MemMang\heap_4.c       0x00000000   Number         0  heap_4.o ABSOLUTE
    FreeRTOS\portable\RVDS\ARM_CM3\port.c    0x00000000   Number         0  port.o ABSOLUTE
    FreeRTOS\queue.c                         0x00000000   Number         0  queue.o ABSOLUTE
    FreeRTOS\stream_buffer.c                 0x00000000   Number         0  stream_buffer.o ABSOLUTE
    FreeRTOS\tasks.c                         0x00000000   Number         0  tasks.o ABSOLUTE
    FreeRTOS\timers.c                        0x00000000   Number         0  timers.o ABSOLUTE
    GD32F1x0_Firmware_Library\CMSIS\GD\GD32F1x0\Source\ARM\startup_gd32f1x0.s 0x00000000   Number         0  startup_gd32f1x0.o ABSOLUTE
    GD32F1x0_Firmware_Library\CMSIS\GD\GD32F1x0\Source\system_gd32f1x0.c 0x00000000   Number         0  system_gd32f1x0.o ABSOLUTE
    GD32F1x0_Firmware_Library\GD32F1x0_standard_peripheral\Source\gd32f1x0_exti.c 0x00000000   Number         0  gd32f1x0_exti.o ABSOLUTE
    GD32F1x0_Firmware_Library\GD32F1x0_standard_peripheral\Source\gd32f1x0_gpio.c 0x00000000   Number         0  gd32f1x0_gpio.o ABSOLUTE
    GD32F1x0_Firmware_Library\GD32F1x0_standard_peripheral\Source\gd32f1x0_misc.c 0x00000000   Number         0  gd32f1x0_misc.o ABSOLUTE
    GD32F1x0_Firmware_Library\GD32F1x0_standard_peripheral\Source\gd32f1x0_rcu.c 0x00000000   Number         0  gd32f1x0_rcu.o ABSOLUTE
    GD32F1x0_Firmware_Library\GD32F1x0_standard_peripheral\Source\gd32f1x0_syscfg.c 0x00000000   Number         0  gd32f1x0_syscfg.o ABSOLUTE
    GD32F1x0_Firmware_Library\GD32F1x0_standard_peripheral\Source\gd32f1x0_timer.c 0x00000000   Number         0  gd32f1x0_timer.o ABSOLUTE
    GD32F1x0_Firmware_Library\GD32F1x0_standard_peripheral\Source\gd32f1x0_usart.c 0x00000000   Number         0  gd32f1x0_usart.o ABSOLUTE
    GD32F1x0_Firmware_Library\Utilities\gd32f1x0r_eval.c 0x00000000   Number         0  gd32f1x0r_eval.o ABSOLUTE
    GD32F1x0_Firmware_Library\\CMSIS\\GD\\GD32F1x0\\Source\\system_gd32f1x0.c 0x00000000   Number         0  system_gd32f1x0.o ABSOLUTE
    GD32F1x0_Firmware_Library\\GD32F1x0_standard_peripheral\\Source\\gd32f1x0_exti.c 0x00000000   Number         0  gd32f1x0_exti.o ABSOLUTE
    GD32F1x0_Firmware_Library\\GD32F1x0_standard_peripheral\\Source\\gd32f1x0_gpio.c 0x00000000   Number         0  gd32f1x0_gpio.o ABSOLUTE
    GD32F1x0_Firmware_Library\\GD32F1x0_standard_peripheral\\Source\\gd32f1x0_misc.c 0x00000000   Number         0  gd32f1x0_misc.o ABSOLUTE
    GD32F1x0_Firmware_Library\\GD32F1x0_standard_peripheral\\Source\\gd32f1x0_rcu.c 0x00000000   Number         0  gd32f1x0_rcu.o ABSOLUTE
    GD32F1x0_Firmware_Library\\GD32F1x0_standard_peripheral\\Source\\gd32f1x0_syscfg.c 0x00000000   Number         0  gd32f1x0_syscfg.o ABSOLUTE
    GD32F1x0_Firmware_Library\\GD32F1x0_standard_peripheral\\Source\\gd32f1x0_timer.c 0x00000000   Number         0  gd32f1x0_timer.o ABSOLUTE
    GD32F1x0_Firmware_Library\\GD32F1x0_standard_peripheral\\Source\\gd32f1x0_usart.c 0x00000000   Number         0  gd32f1x0_usart.o ABSOLUTE
    GD32F1x0_Firmware_Library\\Utilities\\gd32f1x0r_eval.c 0x00000000   Number         0  gd32f1x0r_eval.o ABSOLUTE
    User\Src\debug_printf.c                  0x00000000   Number         0  debug_printf.o ABSOLUTE
    User\Src\gd32f1x0_it.c                   0x00000000   Number         0  gd32f1x0_it.o ABSOLUTE
    User\Src\key.c                           0x00000000   Number         0  key.o ABSOLUTE
    User\Src\main.c                          0x00000000   Number         0  main.o ABSOLUTE
    User\\Src\\debug_printf.c                0x00000000   Number         0  debug_printf.o ABSOLUTE
    User\\Src\\gd32f1x0_it.c                 0x00000000   Number         0  gd32f1x0_it.o ABSOLUTE
    User\\Src\\key.c                         0x00000000   Number         0  key.o ABSOLUTE
    User\\Src\\main.c                        0x00000000   Number         0  main.o ABSOLUTE
    cdrcmple.s                               0x00000000   Number         0  cdrcmple.o ABSOLUTE
    dc.s                                     0x00000000   Number         0  dc.o ABSOLUTE
    handlers.s                               0x00000000   Number         0  handlers.o ABSOLUTE
    init.s                                   0x00000000   Number         0  init.o ABSOLUTE
    RESET                                    0x08000000   Section      360  startup_gd32f1x0.o(RESET)
    .ARM.Collect$$$$00000000                 0x08000168   Section        0  entry.o(.ARM.Collect$$$$00000000)
    .ARM.Collect$$$$00000001                 0x08000168   Section        4  entry2.o(.ARM.Collect$$$$00000001)
    .ARM.Collect$$$$00000004                 0x0800016c   Section        4  entry5.o(.ARM.Collect$$$$00000004)
    .ARM.Collect$$$$00000008                 0x08000170   Section        0  entry7b.o(.ARM.Collect$$$$00000008)
    .ARM.Collect$$$$0000000A                 0x08000170   Section        0  entry8b.o(.ARM.Collect$$$$0000000A)
    .ARM.Collect$$$$0000000B                 0x08000170   Section        8  entry9a.o(.ARM.Collect$$$$0000000B)
    .ARM.Collect$$$$0000000E                 0x08000178   Section        4  entry12b.o(.ARM.Collect$$$$0000000E)
    .ARM.Collect$$$$0000000F                 0x0800017c   Section        0  entry10a.o(.ARM.Collect$$$$0000000F)
    .ARM.Collect$$$$00000011                 0x0800017c   Section        0  entry11a.o(.ARM.Collect$$$$00000011)
    .ARM.Collect$$$$00002712                 0x0800017c   Section        4  entry2.o(.ARM.Collect$$$$00002712)
    __lit__00000000                          0x0800017c   Data           4  entry2.o(.ARM.Collect$$$$00002712)
    .emb_text                                0x08000180   Section      150  port.o(.emb_text)
    .text                                    0x08000218   Section       36  startup_gd32f1x0.o(.text)
    .text                                    0x0800023c   Section       36  init.o(.text)
    i.BusFault_Handler                       0x08000260   Section        0  gd32f1x0_it.o(i.BusFault_Handler)
    i.DebugMon_Handler                       0x08000262   Section        0  gd32f1x0_it.o(i.DebugMon_Handler)
    i.EXTI0_1_IRQHandler                     0x08000264   Section        0  key.o(i.EXTI0_1_IRQHandler)
    i.MemManage_Handler                      0x080002a0   Section        0  gd32f1x0_it.o(i.MemManage_Handler)
    i.NMI_Handler                            0x080002a2   Section        0  gd32f1x0_it.o(i.NMI_Handler)
    i.SysTick_Handler                        0x080002a4   Section        0  port.o(i.SysTick_Handler)
    i.SystemInit                             0x080002d0   Section        0  system_gd32f1x0.o(i.SystemInit)
    i.UsageFault_Handler                     0x08000344   Section        0  gd32f1x0_it.o(i.UsageFault_Handler)
    i.__0printf$bare                         0x08000348   Section        0  printfb.o(i.__0printf$bare)
    i.__scatterload_copy                     0x08000358   Section       14  handlers.o(i.__scatterload_copy)
    i.__scatterload_null                     0x08000366   Section        2  handlers.o(i.__scatterload_null)
    i.__scatterload_zeroinit                 0x08000368   Section       14  handlers.o(i.__scatterload_zeroinit)
    i._printf_core                           0x08000376   Section        0  printfb.o(i._printf_core)
    _printf_core                             0x08000377   Thumb Code    34  printfb.o(i._printf_core)
    i.debug_printf_init                      0x08000398   Section        0  debug_printf.o(i.debug_printf_init)
    i.exti_init                              0x0800039c   Section        0  gd32f1x0_exti.o(i.exti_init)
    i.exti_interrupt_flag_clear              0x08000404   Section        0  gd32f1x0_exti.o(i.exti_interrupt_flag_clear)
    i.exti_interrupt_flag_get                0x08000410   Section        0  gd32f1x0_exti.o(i.exti_interrupt_flag_get)
    i.fputc                                  0x08000434   Section        0  debug_printf.o(i.fputc)
    i.gd_eval_com_init                       0x0800045c   Section        0  gd32f1x0r_eval.o(i.gd_eval_com_init)
    i.gd_eval_led_init                       0x080004f0   Section        0  gd32f1x0r_eval.o(i.gd_eval_led_init)
    i.gd_eval_led_toggle                     0x08000538   Section        0  gd32f1x0r_eval.o(i.gd_eval_led_toggle)
    i.gpio_af_set                            0x08000554   Section        0  gd32f1x0_gpio.o(i.gpio_af_set)
    i.gpio_mode_set                          0x080005aa   Section        0  gd32f1x0_gpio.o(i.gpio_mode_set)
    i.gpio_output_options_set                0x080005f2   Section        0  gd32f1x0_gpio.o(i.gpio_output_options_set)
    i.key_init                               0x08000630   Section        0  key.o(i.key_init)
    i.led1_task                              0x08000670   Section        0  main.o(i.led1_task)
    i.led2_task                              0x080006c0   Section        0  main.o(i.led2_task)
    i.main                                   0x080006f0   Section        0  main.o(i.main)
    i.nvic_irq_enable                        0x08000760   Section        0  gd32f1x0_misc.o(i.nvic_irq_enable)
    i.nvic_priority_group_set                0x080007e8   Section        0  gd32f1x0_misc.o(i.nvic_priority_group_set)
    i.nvic_vector_table_set                  0x080007fc   Section        0  gd32f1x0_misc.o(i.nvic_vector_table_set)
    i.prvAddCurrentTaskToDelayedList         0x08000810   Section        0  tasks.o(i.prvAddCurrentTaskToDelayedList)
    prvAddCurrentTaskToDelayedList           0x08000811   Thumb Code   102  tasks.o(i.prvAddCurrentTaskToDelayedList)
    i.prvAddNewTaskToReadyList               0x08000880   Section        0  tasks.o(i.prvAddNewTaskToReadyList)
    prvAddNewTaskToReadyList                 0x08000881   Thumb Code   194  tasks.o(i.prvAddNewTaskToReadyList)
    i.prvDeleteTCB                           0x08000950   Section        0  tasks.o(i.prvDeleteTCB)
    prvDeleteTCB                             0x08000951   Thumb Code    20  tasks.o(i.prvDeleteTCB)
    i.prvHeapInit                            0x08000964   Section        0  heap_4.o(i.prvHeapInit)
    prvHeapInit                              0x08000965   Thumb Code    66  heap_4.o(i.prvHeapInit)
    i.prvIdleTask                            0x080009b0   Section        0  tasks.o(i.prvIdleTask)
    prvIdleTask                              0x080009b1   Thumb Code    80  tasks.o(i.prvIdleTask)
    i.prvInitialiseNewTask                   0x08000a0c   Section        0  tasks.o(i.prvInitialiseNewTask)
    prvInitialiseNewTask                     0x08000a0d   Thumb Code   124  tasks.o(i.prvInitialiseNewTask)
    i.prvInsertBlockIntoFreeList             0x08000a88   Section        0  heap_4.o(i.prvInsertBlockIntoFreeList)
    prvInsertBlockIntoFreeList               0x08000a89   Thumb Code    72  heap_4.o(i.prvInsertBlockIntoFreeList)
    i.prvResetNextTaskUnblockTime            0x08000ad4   Section        0  tasks.o(i.prvResetNextTaskUnblockTime)
    prvResetNextTaskUnblockTime              0x08000ad5   Thumb Code    24  tasks.o(i.prvResetNextTaskUnblockTime)
    i.prvTaskExitError                       0x08000af0   Section        0  port.o(i.prvTaskExitError)
    prvTaskExitError                         0x08000af1   Thumb Code    16  port.o(i.prvTaskExitError)
    i.prvTaskIsTaskSuspended                 0x08000b00   Section        0  tasks.o(i.prvTaskIsTaskSuspended)
    prvTaskIsTaskSuspended                   0x08000b01   Thumb Code    28  tasks.o(i.prvTaskIsTaskSuspended)
    i.pvPortMalloc                           0x08000b20   Section        0  heap_4.o(i.pvPortMalloc)
    i.pxPortInitialiseStack                  0x08000bd0   Section        0  port.o(i.pxPortInitialiseStack)
    i.rcu_clock_freq_get                     0x08000bf4   Section        0  gd32f1x0_rcu.o(i.rcu_clock_freq_get)
    i.rcu_periph_clock_enable                0x08000d60   Section        0  gd32f1x0_rcu.o(i.rcu_periph_clock_enable)
    i.rcu_periph_reset_disable               0x08000d7c   Section        0  gd32f1x0_rcu.o(i.rcu_periph_reset_disable)
    i.rcu_periph_reset_enable                0x08000d98   Section        0  gd32f1x0_rcu.o(i.rcu_periph_reset_enable)
    i.syscfg_exti_line_config                0x08000db4   Section        0  gd32f1x0_syscfg.o(i.syscfg_exti_line_config)
    i.system_clock_72m_hxtal                 0x08000e10   Section        0  system_gd32f1x0.o(i.system_clock_72m_hxtal)
    system_clock_72m_hxtal                   0x08000e11   Thumb Code   100  system_gd32f1x0.o(i.system_clock_72m_hxtal)
    i.usart_baudrate_set                     0x08000e7c   Section        0  gd32f1x0_usart.o(i.usart_baudrate_set)
    i.usart_data_transmit                    0x08000ed0   Section        0  gd32f1x0_usart.o(i.usart_data_transmit)
    i.usart_deinit                           0x08000ed8   Section        0  gd32f1x0_usart.o(i.usart_deinit)
    i.usart_enable                           0x08000f08   Section        0  gd32f1x0_usart.o(i.usart_enable)
    i.usart_flag_get                         0x08000f12   Section        0  gd32f1x0_usart.o(i.usart_flag_get)
    i.usart_receive_config                   0x08000f28   Section        0  gd32f1x0_usart.o(i.usart_receive_config)
    i.usart_transmit_config                  0x08000f38   Section        0  gd32f1x0_usart.o(i.usart_transmit_config)
    i.uxListRemove                           0x08000f48   Section        0  list.o(i.uxListRemove)
    i.vListInitialise                        0x08000f6e   Section        0  list.o(i.vListInitialise)
    i.vListInitialiseItem                    0x08000f84   Section        0  list.o(i.vListInitialiseItem)
    i.vListInsert                            0x08000f8a   Section        0  list.o(i.vListInsert)
    i.vListInsertEnd                         0x08000fba   Section        0  list.o(i.vListInsertEnd)
    i.vPortEnterCritical                     0x08000fd4   Section        0  port.o(i.vPortEnterCritical)
    i.vPortExitCritical                      0x08000ff0   Section        0  port.o(i.vPortExitCritical)
    i.vPortFree                              0x08001004   Section        0  heap_4.o(i.vPortFree)
    i.vPortSetupTimerInterrupt               0x08001048   Section        0  port.o(i.vPortSetupTimerInterrupt)
    i.vTaskDelay                             0x0800106c   Section        0  tasks.o(i.vTaskDelay)
    i.vTaskStartScheduler                    0x0800109c   Section        0  tasks.o(i.vTaskStartScheduler)
    i.vTaskSuspend                           0x080010ec   Section        0  tasks.o(i.vTaskSuspend)
    i.vTaskSuspendAll                        0x0800119c   Section        0  tasks.o(i.vTaskSuspendAll)
    i.vTaskSwitchContext                     0x080011ac   Section        0  tasks.o(i.vTaskSwitchContext)
    i.xPortStartScheduler                    0x080011f0   Section        0  port.o(i.xPortStartScheduler)
    i.xTaskCreate                            0x08001220   Section        0  tasks.o(i.xTaskCreate)
    i.xTaskIncrementTick                     0x08001278   Section        0  tasks.o(i.xTaskIncrementTick)
    i.xTaskResumeAll                         0x0800132c   Section        0  tasks.o(i.xTaskResumeAll)
    i.xTaskResumeFromISR                     0x080013dc   Section        0  tasks.o(i.xTaskResumeFromISR)
    .data                                    0x20000000   Section       12  main.o(.data)
    count                                    0x20000000   Data           4  main.o(.data)
    .data                                    0x2000000c   Section        4  system_gd32f1x0.o(.data)
    .data                                    0x20000010   Section      104  gd32f1x0r_eval.o(.data)
    COM_CLK                                  0x20000010   Data           2  gd32f1x0r_eval.o(.data)
    KEY_PORT_SOURCE                          0x20000012   Data           3  gd32f1x0r_eval.o(.data)
    KEY_PIN_SOURCE                           0x20000015   Data           3  gd32f1x0r_eval.o(.data)
    KEY_IRQn                                 0x20000018   Data           3  gd32f1x0r_eval.o(.data)
    COM_TX_PIN                               0x2000001c   Data           4  gd32f1x0r_eval.o(.data)
    COM_RX_PIN                               0x20000020   Data           4  gd32f1x0r_eval.o(.data)
    KEY_CLK                                  0x20000024   Data           6  gd32f1x0r_eval.o(.data)
    GPIO_CLK                                 0x2000002a   Data           8  gd32f1x0r_eval.o(.data)
    GPIO_PORT                                0x20000034   Data          16  gd32f1x0r_eval.o(.data)
    GPIO_PIN                                 0x20000044   Data          16  gd32f1x0r_eval.o(.data)
    KEY_PORT                                 0x20000054   Data          12  gd32f1x0r_eval.o(.data)
    KEY_PIN                                  0x20000060   Data          12  gd32f1x0r_eval.o(.data)
    KEY_EXTI_LINE                            0x2000006c   Data          12  gd32f1x0r_eval.o(.data)
    .data                                    0x20000078   Section       64  tasks.o(.data)
    uxDeletedTasksWaitingCleanUp             0x2000007c   Data           4  tasks.o(.data)
    uxCurrentNumberOfTasks                   0x20000080   Data           4  tasks.o(.data)
    xTickCount                               0x20000084   Data           4  tasks.o(.data)
    uxTopReadyPriority                       0x20000088   Data           4  tasks.o(.data)
    xSchedulerRunning                        0x2000008c   Data           4  tasks.o(.data)
    xPendedTicks                             0x20000090   Data           4  tasks.o(.data)
    xYieldPending                            0x20000094   Data           4  tasks.o(.data)
    xNumOfOverflows                          0x20000098   Data           4  tasks.o(.data)
    uxTaskNumber                             0x2000009c   Data           4  tasks.o(.data)
    xNextTaskUnblockTime                     0x200000a0   Data           4  tasks.o(.data)
    xIdleTaskHandle                          0x200000a4   Data           4  tasks.o(.data)
    uxSchedulerSuspended                     0x200000ac   Data           4  tasks.o(.data)
    pxDelayedTaskList                        0x200000b0   Data           4  tasks.o(.data)
    pxOverflowDelayedTaskList                0x200000b4   Data           4  tasks.o(.data)
    .data                                    0x200000b8   Section        4  port.o(.data)
    uxCriticalNesting                        0x200000b8   Data           4  port.o(.data)
    .data                                    0x200000bc   Section       32  heap_4.o(.data)
    pxEnd                                    0x200000bc   Data           4  heap_4.o(.data)
    xFreeBytesRemaining                      0x200000c0   Data           4  heap_4.o(.data)
    xMinimumEverFreeBytesRemaining           0x200000c4   Data           4  heap_4.o(.data)
    xNumberOfSuccessfulAllocations           0x200000c8   Data           4  heap_4.o(.data)
    xNumberOfSuccessfulFrees                 0x200000cc   Data           4  heap_4.o(.data)
    xBlockAllocatedBit                       0x200000d0   Data           4  heap_4.o(.data)
    xStart                                   0x200000d4   Data           8  heap_4.o(.data)
    .data                                    0x200000dc   Section        4  stdout.o(.data)
    .bss                                     0x200000e0   Section      200  tasks.o(.bss)
    pxReadyTasksLists                        0x200000e0   Data         100  tasks.o(.bss)
    xDelayedTaskList1                        0x20000144   Data          20  tasks.o(.bss)
    xDelayedTaskList2                        0x20000158   Data          20  tasks.o(.bss)
    xPendingReadyList                        0x2000016c   Data          20  tasks.o(.bss)
    xTasksWaitingTermination                 0x20000180   Data          20  tasks.o(.bss)
    xSuspendedTaskList                       0x20000194   Data          20  tasks.o(.bss)
    .bss                                     0x200001a8   Section     3072  heap_4.o(.bss)
    ucHeap                                   0x200001a8   Data        3072  heap_4.o(.bss)
    STACK                                    0x20000da8   Section     1024  startup_gd32f1x0.o(STACK)

    Global Symbols

    Symbol Name                              Value     Ov Type        Size  Object(Section)

    BuildAttributes$$THM_ISAv4$P$D$K$B$S$PE$A:L22UL41UL21$X:L11$S22US41US21$IEEE1$IW$USESV6$~STKCKD$USESV7$~SHL$OSPACE$ROPI$EBA8$MICROLIB$REQ8$PRES8$EABIv2 0x00000000   Number         0  anon$$obj.o ABSOLUTE
    __ARM_use_no_argv                        0x00000000   Number         0  main.o ABSOLUTE
    __arm_fini_                               - Undefined Weak Reference
    __cpp_initialize__aeabi_                  - Undefined Weak Reference
    __cxa_finalize                            - Undefined Weak Reference
    __decompress                              - Undefined Weak Reference
    _clock_init                               - Undefined Weak Reference
    _microlib_exit                            - Undefined Weak Reference
    __Vectors_Size                           0x00000168   Number         0  startup_gd32f1x0.o ABSOLUTE
    __Vectors                                0x08000000   Data           4  startup_gd32f1x0.o(RESET)
    __Vectors_End                            0x08000168   Data           0  startup_gd32f1x0.o(RESET)
    __main                                   0x08000169   Thumb Code     0  entry.o(.ARM.Collect$$$$00000000)
    _main_stk                                0x08000169   Thumb Code     0  entry2.o(.ARM.Collect$$$$00000001)
    _main_scatterload                        0x0800016d   Thumb Code     0  entry5.o(.ARM.Collect$$$$00000004)
    __main_after_scatterload                 0x08000171   Thumb Code     0  entry5.o(.ARM.Collect$$$$00000004)
    _main_clock                              0x08000171   Thumb Code     0  entry7b.o(.ARM.Collect$$$$00000008)
    _main_cpp_init                           0x08000171   Thumb Code     0  entry8b.o(.ARM.Collect$$$$0000000A)
    _main_init                               0x08000171   Thumb Code     0  entry9a.o(.ARM.Collect$$$$0000000B)
    __rt_lib_shutdown_fini                   0x08000179   Thumb Code     0  entry12b.o(.ARM.Collect$$$$0000000E)
    __rt_final_cpp                           0x0800017d   Thumb Code     0  entry10a.o(.ARM.Collect$$$$0000000F)
    __rt_final_exit                          0x0800017d   Thumb Code     0  entry11a.o(.ARM.Collect$$$$00000011)
    SVC_Handler                              0x08000181   Thumb Code    32  port.o(.emb_text)
    __asm___6_port_c_39a90d8d__prvStartFirstTask 0x080001a5   Thumb Code    28  port.o(.emb_text)
    PendSV_Handler                           0x080001c5   Thumb Code    72  port.o(.emb_text)
    vPortGetIPSR                             0x08000211   Thumb Code     6  port.o(.emb_text)
    Reset_Handler                            0x08000219   Thumb Code     8  startup_gd32f1x0.o(.text)
    HardFault_Handler                        0x08000223   Thumb Code     2  startup_gd32f1x0.o(.text)
    ADC_CMP_IRQHandler                       0x08000233   Thumb Code     0  startup_gd32f1x0.o(.text)
    CAN0_RX0_IRQHandler                      0x08000233   Thumb Code     0  startup_gd32f1x0.o(.text)
    CAN0_RX1_IRQHandler                      0x08000233   Thumb Code     0  startup_gd32f1x0.o(.text)
    CAN0_SCE_IRQHandler                      0x08000233   Thumb Code     0  startup_gd32f1x0.o(.text)
    CAN0_TX_IRQHandler                       0x08000233   Thumb Code     0  startup_gd32f1x0.o(.text)
    CAN1_RX0_IRQHandler                      0x08000233   Thumb Code     0  startup_gd32f1x0.o(.text)
    CAN1_RX1_IRQHandler                      0x08000233   Thumb Code     0  startup_gd32f1x0.o(.text)
    CAN1_SCE_IRQHandler                      0x08000233   Thumb Code     0  startup_gd32f1x0.o(.text)
    CAN1_TX_IRQHandler                       0x08000233   Thumb Code     0  startup_gd32f1x0.o(.text)
    CEC_IRQHandler                           0x08000233   Thumb Code     0  startup_gd32f1x0.o(.text)
    DMA_Channel0_IRQHandler                  0x08000233   Thumb Code     0  startup_gd32f1x0.o(.text)
    DMA_Channel1_2_IRQHandler                0x08000233   Thumb Code     0  startup_gd32f1x0.o(.text)
    DMA_Channel3_4_IRQHandler                0x08000233   Thumb Code     0  startup_gd32f1x0.o(.text)
    DMA_Channel5_6_IRQHandler                0x08000233   Thumb Code     0  startup_gd32f1x0.o(.text)
    EXTI2_3_IRQHandler                       0x08000233   Thumb Code     0  startup_gd32f1x0.o(.text)
    EXTI4_15_IRQHandler                      0x08000233   Thumb Code     0  startup_gd32f1x0.o(.text)
    FMC_IRQHandler                           0x08000233   Thumb Code     0  startup_gd32f1x0.o(.text)
    I2C0_ER_IRQHandler                       0x08000233   Thumb Code     0  startup_gd32f1x0.o(.text)
    I2C0_EV_IRQHandler                       0x08000233   Thumb Code     0  startup_gd32f1x0.o(.text)
    I2C1_ER_IRQHandler                       0x08000233   Thumb Code     0  startup_gd32f1x0.o(.text)
    I2C1_EV_IRQHandler                       0x08000233   Thumb Code     0  startup_gd32f1x0.o(.text)
    I2C2_ER_IRQHandler                       0x08000233   Thumb Code     0  startup_gd32f1x0.o(.text)
    I2C2_EV_IRQHandler                       0x08000233   Thumb Code     0  startup_gd32f1x0.o(.text)
    LVD_IRQHandler                           0x08000233   Thumb Code     0  startup_gd32f1x0.o(.text)
    RCU_IRQHandler                           0x08000233   Thumb Code     0  startup_gd32f1x0.o(.text)
    RTC_IRQHandler                           0x08000233   Thumb Code     0  startup_gd32f1x0.o(.text)
    SLCD_IRQHandler                          0x08000233   Thumb Code     0  startup_gd32f1x0.o(.text)
    SPI0_IRQHandler                          0x08000233   Thumb Code     0  startup_gd32f1x0.o(.text)
    SPI1_IRQHandler                          0x08000233   Thumb Code     0  startup_gd32f1x0.o(.text)
    SPI2_IRQHandler                          0x08000233   Thumb Code     0  startup_gd32f1x0.o(.text)
    TIMER0_BRK_UP_TRG_COM_IRQHandler         0x08000233   Thumb Code     0  startup_gd32f1x0.o(.text)
    TIMER0_Channel_IRQHandler                0x08000233   Thumb Code     0  startup_gd32f1x0.o(.text)
    TIMER13_IRQHandler                       0x08000233   Thumb Code     0  startup_gd32f1x0.o(.text)
    TIMER14_IRQHandler                       0x08000233   Thumb Code     0  startup_gd32f1x0.o(.text)
    TIMER15_IRQHandler                       0x08000233   Thumb Code     0  startup_gd32f1x0.o(.text)
    TIMER16_IRQHandler                       0x08000233   Thumb Code     0  startup_gd32f1x0.o(.text)
    TIMER1_IRQHandler                        0x08000233   Thumb Code     0  startup_gd32f1x0.o(.text)
    TIMER2_IRQHandler                        0x08000233   Thumb Code     0  startup_gd32f1x0.o(.text)
    TIMER5_DAC_IRQHandler                    0x08000233   Thumb Code     0  startup_gd32f1x0.o(.text)
    TSI_IRQHandler                           0x08000233   Thumb Code     0  startup_gd32f1x0.o(.text)
    USART0_IRQHandler                        0x08000233   Thumb Code     0  startup_gd32f1x0.o(.text)
    USART1_IRQHandler                        0x08000233   Thumb Code     0  startup_gd32f1x0.o(.text)
    USBDWakeUp_IRQHandler                    0x08000233   Thumb Code     0  startup_gd32f1x0.o(.text)
    USBD_HP_IRQHandler                       0x08000233   Thumb Code     0  startup_gd32f1x0.o(.text)
    USBD_LP_IRQHandler                       0x08000233   Thumb Code     0  startup_gd32f1x0.o(.text)
    WWDGT_IRQHandler                         0x08000233   Thumb Code     0  startup_gd32f1x0.o(.text)
    __scatterload                            0x0800023d   Thumb Code    28  init.o(.text)
    __scatterload_rt2                        0x0800023d   Thumb Code     0  init.o(.text)
    BusFault_Handler                         0x08000261   Thumb Code     2  gd32f1x0_it.o(i.BusFault_Handler)
    DebugMon_Handler                         0x08000263   Thumb Code     2  gd32f1x0_it.o(i.DebugMon_Handler)
    EXTI0_1_IRQHandler                       0x08000265   Thumb Code    50  key.o(i.EXTI0_1_IRQHandler)
    MemManage_Handler                        0x080002a1   Thumb Code     2  gd32f1x0_it.o(i.MemManage_Handler)
    NMI_Handler                              0x080002a3   Thumb Code     2  gd32f1x0_it.o(i.NMI_Handler)
    SysTick_Handler                          0x080002a5   Thumb Code    38  port.o(i.SysTick_Handler)
    SystemInit                               0x080002d1   Thumb Code    98  system_gd32f1x0.o(i.SystemInit)
    UsageFault_Handler                       0x08000345   Thumb Code     2  gd32f1x0_it.o(i.UsageFault_Handler)
    __0printf$bare                           0x08000349   Thumb Code     8  printfb.o(i.__0printf$bare)
    __1printf$bare                           0x08000349   Thumb Code     0  printfb.o(i.__0printf$bare)
    __2printf                                0x08000349   Thumb Code     0  printfb.o(i.__0printf$bare)
    __scatterload_copy                       0x08000359   Thumb Code    14  handlers.o(i.__scatterload_copy)
    __scatterload_null                       0x08000367   Thumb Code     2  handlers.o(i.__scatterload_null)
    __scatterload_zeroinit                   0x08000369   Thumb Code    14  handlers.o(i.__scatterload_zeroinit)
    debug_printf_init                        0x08000399   Thumb Code     4  debug_printf.o(i.debug_printf_init)
    exti_init                                0x0800039d   Thumb Code    98  gd32f1x0_exti.o(i.exti_init)
    exti_interrupt_flag_clear                0x08000405   Thumb Code     6  gd32f1x0_exti.o(i.exti_interrupt_flag_clear)
    exti_interrupt_flag_get                  0x08000411   Thumb Code    26  gd32f1x0_exti.o(i.exti_interrupt_flag_get)
    fputc                                    0x08000435   Thumb Code    34  debug_printf.o(i.fputc)
    gd_eval_com_init                         0x0800045d   Thumb Code   142  gd32f1x0r_eval.o(i.gd_eval_com_init)
    gd_eval_led_init                         0x080004f1   Thumb Code    66  gd32f1x0r_eval.o(i.gd_eval_led_init)
    gd_eval_led_toggle                       0x08000539   Thumb Code    22  gd32f1x0r_eval.o(i.gd_eval_led_toggle)
    gpio_af_set                              0x08000555   Thumb Code    86  gd32f1x0_gpio.o(i.gpio_af_set)
    gpio_mode_set                            0x080005ab   Thumb Code    72  gd32f1x0_gpio.o(i.gpio_mode_set)
    gpio_output_options_set                  0x080005f3   Thumb Code    62  gd32f1x0_gpio.o(i.gpio_output_options_set)
    key_init                                 0x08000631   Thumb Code    62  key.o(i.key_init)
    led1_task                                0x08000671   Thumb Code    46  main.o(i.led1_task)
    led2_task                                0x080006c1   Thumb Code    20  main.o(i.led2_task)
    main                                     0x080006f1   Thumb Code    70  main.o(i.main)
    nvic_irq_enable                          0x08000761   Thumb Code   132  gd32f1x0_misc.o(i.nvic_irq_enable)
    nvic_priority_group_set                  0x080007e9   Thumb Code    10  gd32f1x0_misc.o(i.nvic_priority_group_set)
    nvic_vector_table_set                    0x080007fd   Thumb Code    12  gd32f1x0_misc.o(i.nvic_vector_table_set)
    pvPortMalloc                             0x08000b21   Thumb Code   170  heap_4.o(i.pvPortMalloc)
    pxPortInitialiseStack                    0x08000bd1   Thumb Code    32  port.o(i.pxPortInitialiseStack)
    rcu_clock_freq_get                       0x08000bf5   Thumb Code   330  gd32f1x0_rcu.o(i.rcu_clock_freq_get)
    rcu_periph_clock_enable                  0x08000d61   Thumb Code    22  gd32f1x0_rcu.o(i.rcu_periph_clock_enable)
    rcu_periph_reset_disable                 0x08000d7d   Thumb Code    22  gd32f1x0_rcu.o(i.rcu_periph_reset_disable)
    rcu_periph_reset_enable                  0x08000d99   Thumb Code    22  gd32f1x0_rcu.o(i.rcu_periph_reset_enable)
    syscfg_exti_line_config                  0x08000db5   Thumb Code    86  gd32f1x0_syscfg.o(i.syscfg_exti_line_config)
    usart_baudrate_set                       0x08000e7d   Thumb Code    78  gd32f1x0_usart.o(i.usart_baudrate_set)
    usart_data_transmit                      0x08000ed1   Thumb Code     8  gd32f1x0_usart.o(i.usart_data_transmit)
    usart_deinit                             0x08000ed9   Thumb Code    42  gd32f1x0_usart.o(i.usart_deinit)
    usart_enable                             0x08000f09   Thumb Code    10  gd32f1x0_usart.o(i.usart_enable)
    usart_flag_get                           0x08000f13   Thumb Code    22  gd32f1x0_usart.o(i.usart_flag_get)
    usart_receive_config                     0x08000f29   Thumb Code    16  gd32f1x0_usart.o(i.usart_receive_config)
    usart_transmit_config                    0x08000f39   Thumb Code    16  gd32f1x0_usart.o(i.usart_transmit_config)
    uxListRemove                             0x08000f49   Thumb Code    38  list.o(i.uxListRemove)
    vListInitialise                          0x08000f6f   Thumb Code    22  list.o(i.vListInitialise)
    vListInitialiseItem                      0x08000f85   Thumb Code     6  list.o(i.vListInitialiseItem)
    vListInsert                              0x08000f8b   Thumb Code    48  list.o(i.vListInsert)
    vListInsertEnd                           0x08000fbb   Thumb Code    24  list.o(i.vListInsertEnd)
    vPortEnterCritical                       0x08000fd5   Thumb Code    24  port.o(i.vPortEnterCritical)
    vPortExitCritical                        0x08000ff1   Thumb Code    16  port.o(i.vPortExitCritical)
    vPortFree                                0x08001005   Thumb Code    64  heap_4.o(i.vPortFree)
    vPortSetupTimerInterrupt                 0x08001049   Thumb Code    32  port.o(i.vPortSetupTimerInterrupt)
    vTaskDelay                               0x0800106d   Thumb Code    44  tasks.o(i.vTaskDelay)
    vTaskStartScheduler                      0x0800109d   Thumb Code    64  tasks.o(i.vTaskStartScheduler)
    vTaskSuspend                             0x080010ed   Thumb Code   164  tasks.o(i.vTaskSuspend)
    vTaskSuspendAll                          0x0800119d   Thumb Code    10  tasks.o(i.vTaskSuspendAll)
    vTaskSwitchContext                       0x080011ad   Thumb Code    60  tasks.o(i.vTaskSwitchContext)
    xPortStartScheduler                      0x080011f1   Thumb Code    38  port.o(i.xPortStartScheduler)
    xTaskCreate                              0x08001221   Thumb Code    86  tasks.o(i.xTaskCreate)
    xTaskIncrementTick                       0x08001279   Thumb Code   172  tasks.o(i.xTaskIncrementTick)
    xTaskResumeAll                           0x0800132d   Thumb Code   164  tasks.o(i.xTaskResumeAll)
    xTaskResumeFromISR                       0x080013dd   Thumb Code   114  tasks.o(i.xTaskResumeFromISR)
    Region$$Table$$Base                      0x08001458   Number         0  anon$$obj.o(Region$$Table)
    Region$$Table$$Limit                     0x08001478   Number         0  anon$$obj.o(Region$$Table)
    LED1Task_Handler                         0x20000004   Data           4  main.o(.data)
    LED2Task_Handler                         0x20000008   Data           4  main.o(.data)
    SystemCoreClock                          0x2000000c   Data           4  system_gd32f1x0.o(.data)
    pxCurrentTCB                             0x20000078   Data           4  tasks.o(.data)
    uxTopUsedPriority                        0x200000a8   Data           4  tasks.o(.data)
    __stdout                                 0x200000dc   Data           4  stdout.o(.data)
    __initial_sp                             0x200011a8   Data           0  startup_gd32f1x0.o(STACK)



==============================================================================

Memory Map of the image

  Image Entry point : 0x08000169

  Load Region LR_IROM1 (Base: 0x08000000, Size: 0x00001558, Max: 0x00010000, ABSOLUTE)

    Execution Region ER_IROM1 (Exec base: 0x08000000, Load base: 0x08000000, Size: 0x00001478, Max: 0x00010000, ABSOLUTE)

    Exec Addr    Load Addr    Size         Type   Attr      Idx    E Section Name        Object

    0x08000000   0x08000000   0x00000168   Data   RO          269    RESET               startup_gd32f1x0.o
    0x08000168   0x08000168   0x00000000   Code   RO         2776  * .ARM.Collect$$$$00000000  mc_w.l(entry.o)
    0x08000168   0x08000168   0x00000004   Code   RO         3045    .ARM.Collect$$$$00000001  mc_w.l(entry2.o)
    0x0800016c   0x0800016c   0x00000004   Code   RO         3048    .ARM.Collect$$$$00000004  mc_w.l(entry5.o)
    0x08000170   0x08000170   0x00000000   Code   RO         3050    .ARM.Collect$$$$00000008  mc_w.l(entry7b.o)
    0x08000170   0x08000170   0x00000000   Code   RO         3052    .ARM.Collect$$$$0000000A  mc_w.l(entry8b.o)
    0x08000170   0x08000170   0x00000008   Code   RO         3053    .ARM.Collect$$$$0000000B  mc_w.l(entry9a.o)
    0x08000178   0x08000178   0x00000004   Code   RO         3060    .ARM.Collect$$$$0000000E  mc_w.l(entry12b.o)
    0x0800017c   0x0800017c   0x00000000   Code   RO         3055    .ARM.Collect$$$$0000000F  mc_w.l(entry10a.o)
    0x0800017c   0x0800017c   0x00000000   Code   RO         3057    .ARM.Collect$$$$00000011  mc_w.l(entry11a.o)
    0x0800017c   0x0800017c   0x00000004   Code   RO         3046    .ARM.Collect$$$$00002712  mc_w.l(entry2.o)
    0x08000180   0x08000180   0x00000096   Code   RO         2629    .emb_text           port.o
    0x08000216   0x08000216   0x00000002   PAD
    0x08000218   0x08000218   0x00000024   Code   RO          270    .text               startup_gd32f1x0.o
    0x0800023c   0x0800023c   0x00000024   Code   RO         3077    .text               mc_w.l(init.o)
    0x08000260   0x08000260   0x00000002   Code   RO            4    i.BusFault_Handler  gd32f1x0_it.o
    0x08000262   0x08000262   0x00000002   Code   RO            5    i.DebugMon_Handler  gd32f1x0_it.o
    0x08000264   0x08000264   0x0000003c   Code   RO          239    i.EXTI0_1_IRQHandler  key.o
    0x080002a0   0x080002a0   0x00000002   Code   RO            6    i.MemManage_Handler  gd32f1x0_it.o
    0x080002a2   0x080002a2   0x00000002   Code   RO            7    i.NMI_Handler       gd32f1x0_it.o
    0x080002a4   0x080002a4   0x0000002c   Code   RO         2630    i.SysTick_Handler   port.o
    0x080002d0   0x080002d0   0x00000074   Code   RO          278    i.SystemInit        system_gd32f1x0.o
    0x08000344   0x08000344   0x00000002   Code   RO            8    i.UsageFault_Handler  gd32f1x0_it.o
    0x08000346   0x08000346   0x00000002   PAD
    0x08000348   0x08000348   0x00000010   Code   RO         2786    i.__0printf$bare    mc_w.l(printfb.o)
    0x08000358   0x08000358   0x0000000e   Code   RO         3089    i.__scatterload_copy  mc_w.l(handlers.o)
    0x08000366   0x08000366   0x00000002   Code   RO         3090    i.__scatterload_null  mc_w.l(handlers.o)
    0x08000368   0x08000368   0x0000000e   Code   RO         3091    i.__scatterload_zeroinit  mc_w.l(handlers.o)
    0x08000376   0x08000376   0x00000022   Code   RO         2793    i._printf_core      mc_w.l(printfb.o)
    0x08000398   0x08000398   0x00000004   Code   RO          205    i.debug_printf_init  debug_printf.o
    0x0800039c   0x0800039c   0x00000068   Code   RO          323    i.exti_init         gd32f1x0_exti.o
    0x08000404   0x08000404   0x0000000c   Code   RO          326    i.exti_interrupt_flag_clear  gd32f1x0_exti.o
    0x08000410   0x08000410   0x00000024   Code   RO          327    i.exti_interrupt_flag_get  gd32f1x0_exti.o
    0x08000434   0x08000434   0x00000028   Code   RO          206    i.fputc             debug_printf.o
    0x0800045c   0x0800045c   0x00000094   Code   RO         1775    i.gd_eval_com_init  gd32f1x0r_eval.o
    0x080004f0   0x080004f0   0x00000048   Code   RO         1778    i.gd_eval_led_init  gd32f1x0r_eval.o
    0x08000538   0x08000538   0x0000001c   Code   RO         1781    i.gd_eval_led_toggle  gd32f1x0r_eval.o
    0x08000554   0x08000554   0x00000056   Code   RO          408    i.gpio_af_set       gd32f1x0_gpio.o
    0x080005aa   0x080005aa   0x00000048   Code   RO          415    i.gpio_mode_set     gd32f1x0_gpio.o
    0x080005f2   0x080005f2   0x0000003e   Code   RO          417    i.gpio_output_options_set  gd32f1x0_gpio.o
    0x08000630   0x08000630   0x0000003e   Code   RO          240    i.key_init          key.o
    0x0800066e   0x0800066e   0x00000002   PAD
    0x08000670   0x08000670   0x00000050   Code   RO          123    i.led1_task         main.o
    0x080006c0   0x080006c0   0x00000030   Code   RO          124    i.led2_task         main.o
    0x080006f0   0x080006f0   0x00000070   Code   RO          125    i.main              main.o
    0x08000760   0x08000760   0x00000088   Code   RO         1273    i.nvic_irq_enable   gd32f1x0_misc.o
    0x080007e8   0x080007e8   0x00000014   Code   RO         1274    i.nvic_priority_group_set  gd32f1x0_misc.o
    0x080007fc   0x080007fc   0x00000014   Code   RO         1275    i.nvic_vector_table_set  gd32f1x0_misc.o
    0x08000810   0x08000810   0x00000070   Code   RO         1877    i.prvAddCurrentTaskToDelayedList  tasks.o
    0x08000880   0x08000880   0x000000d0   Code   RO         1878    i.prvAddNewTaskToReadyList  tasks.o
    0x08000950   0x08000950   0x00000014   Code   RO         1879    i.prvDeleteTCB      tasks.o
    0x08000964   0x08000964   0x0000004c   Code   RO         2712    i.prvHeapInit       heap_4.o
    0x080009b0   0x080009b0   0x0000005c   Code   RO         1880    i.prvIdleTask       tasks.o
    0x08000a0c   0x08000a0c   0x0000007c   Code   RO         1881    i.prvInitialiseNewTask  tasks.o
    0x08000a88   0x08000a88   0x0000004c   Code   RO         2713    i.prvInsertBlockIntoFreeList  heap_4.o
    0x08000ad4   0x08000ad4   0x0000001c   Code   RO         1882    i.prvResetNextTaskUnblockTime  tasks.o
    0x08000af0   0x08000af0   0x00000010   Code   RO         2631    i.prvTaskExitError  port.o
    0x08000b00   0x08000b00   0x00000020   Code   RO         1883    i.prvTaskIsTaskSuspended  tasks.o
    0x08000b20   0x08000b20   0x000000b0   Code   RO         2714    i.pvPortMalloc      heap_4.o
    0x08000bd0   0x08000bd0   0x00000024   Code   RO         2632    i.pxPortInitialiseStack  port.o
    0x08000bf4   0x08000bf4   0x0000016c   Code   RO         1011    i.rcu_clock_freq_get  gd32f1x0_rcu.o
    0x08000d60   0x08000d60   0x0000001c   Code   RO         1031    i.rcu_periph_clock_enable  gd32f1x0_rcu.o
    0x08000d7c   0x08000d7c   0x0000001c   Code   RO         1034    i.rcu_periph_reset_disable  gd32f1x0_rcu.o
    0x08000d98   0x08000d98   0x0000001c   Code   RO         1035    i.rcu_periph_reset_enable  gd32f1x0_rcu.o
    0x08000db4   0x08000db4   0x0000005c   Code   RO          507    i.syscfg_exti_line_config  gd32f1x0_syscfg.o
    0x08000e10   0x08000e10   0x0000006c   Code   RO          279    i.system_clock_72m_hxtal  system_gd32f1x0.o
    0x08000e7c   0x08000e7c   0x00000054   Code   RO          581    i.usart_baudrate_set  gd32f1x0_usart.o
    0x08000ed0   0x08000ed0   0x00000008   Code   RO          588    i.usart_data_transmit  gd32f1x0_usart.o
    0x08000ed8   0x08000ed8   0x00000030   Code   RO          589    i.usart_deinit      gd32f1x0_usart.o
    0x08000f08   0x08000f08   0x0000000a   Code   RO          596    i.usart_enable      gd32f1x0_usart.o
    0x08000f12   0x08000f12   0x00000016   Code   RO          598    i.usart_flag_get    gd32f1x0_usart.o
    0x08000f28   0x08000f28   0x00000010   Code   RO          623    i.usart_receive_config  gd32f1x0_usart.o
    0x08000f38   0x08000f38   0x00000010   Code   RO          639    i.usart_transmit_config  gd32f1x0_usart.o
    0x08000f48   0x08000f48   0x00000026   Code   RO         2327    i.uxListRemove      list.o
    0x08000f6e   0x08000f6e   0x00000016   Code   RO         2328    i.vListInitialise   list.o
    0x08000f84   0x08000f84   0x00000006   Code   RO         2329    i.vListInitialiseItem  list.o
    0x08000f8a   0x08000f8a   0x00000030   Code   RO         2330    i.vListInsert       list.o
    0x08000fba   0x08000fba   0x00000018   Code   RO         2331    i.vListInsertEnd    list.o
    0x08000fd2   0x08000fd2   0x00000002   PAD
    0x08000fd4   0x08000fd4   0x0000001c   Code   RO         2634    i.vPortEnterCritical  port.o
    0x08000ff0   0x08000ff0   0x00000014   Code   RO         2635    i.vPortExitCritical  port.o
    0x08001004   0x08001004   0x00000044   Code   RO         2715    i.vPortFree         heap_4.o
    0x08001048   0x08001048   0x00000024   Code   RO         2636    i.vPortSetupTimerInterrupt  port.o
    0x0800106c   0x0800106c   0x00000030   Code   RO         1890    i.vTaskDelay        tasks.o
    0x0800109c   0x0800109c   0x00000050   Code   RO         1902    i.vTaskStartScheduler  tasks.o
    0x080010ec   0x080010ec   0x000000b0   Code   RO         1903    i.vTaskSuspend      tasks.o
    0x0800119c   0x0800119c   0x00000010   Code   RO         1904    i.vTaskSuspendAll   tasks.o
    0x080011ac   0x080011ac   0x00000044   Code   RO         1905    i.vTaskSwitchContext  tasks.o
    0x080011f0   0x080011f0   0x00000030   Code   RO         2637    i.xPortStartScheduler  port.o
    0x08001220   0x08001220   0x00000056   Code   RO         1908    i.xTaskCreate       tasks.o
    0x08001276   0x08001276   0x00000002   PAD
    0x08001278   0x08001278   0x000000b4   Code   RO         1917    i.xTaskIncrementTick  tasks.o
    0x0800132c   0x0800132c   0x000000b0   Code   RO         1919    i.xTaskResumeAll    tasks.o
    0x080013dc   0x080013dc   0x0000007c   Code   RO         1920    i.xTaskResumeFromISR  tasks.o
    0x08001458   0x08001458   0x00000020   Data   RO         3087    Region$$Table       anon$$obj.o


    Execution Region RW_IRAM1 (Exec base: 0x20000000, Load base: 0x08001478, Size: 0x000011a8, Max: 0x00002000, ABSOLUTE)

    Exec Addr    Load Addr    Size         Type   Attr      Idx    E Section Name        Object

    0x20000000   0x08001478   0x0000000c   Data   RW          126    .data               main.o
    0x2000000c   0x08001484   0x00000004   Data   RW          280    .data               system_gd32f1x0.o
    0x20000010   0x08001488   0x00000068   Data   RW         1782    .data               gd32f1x0r_eval.o
    0x20000078   0x080014f0   0x00000040   Data   RW         1922    .data               tasks.o
    0x200000b8   0x08001530   0x00000004   Data   RW         2638    .data               port.o
    0x200000bc   0x08001534   0x00000020   Data   RW         2721    .data               heap_4.o
    0x200000dc   0x08001554   0x00000004   Data   RW         3061    .data               mc_w.l(stdout.o)
    0x200000e0        -       0x000000c8   Zero   RW         1921    .bss                tasks.o
    0x200001a8        -       0x00000c00   Zero   RW         2720    .bss                heap_4.o
    0x20000da8        -       0x00000400   Zero   RW          267    STACK               startup_gd32f1x0.o


==============================================================================

Image component sizes


      Code (inc. data)   RO Data    RW Data    ZI Data      Debug   Object Name

        44          6          0          0          0       2236   debug_printf.o
       152         22          0          0          0       2034   gd32f1x0_exti.o
       220          0          0          0          0       2444   gd32f1x0_gpio.o
        10          0          0          0          0      38445   gd32f1x0_it.o
       176         22          0          0          0       2596   gd32f1x0_misc.o
       448         60          0          0          0       4243   gd32f1x0_rcu.o
        92          6          0          0          0        810   gd32f1x0_syscfg.o
       204         12          0          0          0       4597   gd32f1x0_usart.o
       248         18          0        104          0       4543   gd32f1x0r_eval.o
       396         24          0         32       3072       3867   heap_4.o
       122         10          0          0          0        964   key.o
       138          0          0          0          0       2958   list.o
       240        104          0         12          0      14951   main.o
       378         44          0          4          0       8820   port.o
        36          8        360          0       1024        868   startup_gd32f1x0.o
       224         26          0          4          0       2183   system_gd32f1x0.o
      1570        120          0         64        200      25800   tasks.o
         0          0          0          0          0       2356   timers.o

    ----------------------------------------------------------------------
      4708        482        392        220       4296     124715   Object Totals
         0          0         32          0          0          0   (incl. Generated)
        10          0          0          0          0          0   (incl. Padding)

    ----------------------------------------------------------------------

      Code (inc. data)   RO Data    RW Data    ZI Data      Debug   Library Member Name

         0          0          0          0          0          0   entry.o
         0          0          0          0          0          0   entry10a.o
         0          0          0          0          0          0   entry11a.o
         4          0          0          0          0          0   entry12b.o
         8          4          0          0          0          0   entry2.o
         4          0          0          0          0          0   entry5.o
         0          0          0          0          0          0   entry7b.o
         0          0          0          0          0          0   entry8b.o
         8          4          0          0          0          0   entry9a.o
        30          0          0          0          0          0   handlers.o
        36          8          0          0          0         68   init.o
        50          8          0          0          0        152   printfb.o
         0          0          0          4          0          0   stdout.o

    ----------------------------------------------------------------------
       140         24          0          4          0        220   Library Totals
         0          0          0          0          0          0   (incl. Padding)

    ----------------------------------------------------------------------

      Code (inc. data)   RO Data    RW Data    ZI Data      Debug   Library Name

       140         24          0          4          0        220   mc_w.l

    ----------------------------------------------------------------------
       140         24          0          4          0        220   Library Totals

    ----------------------------------------------------------------------

==============================================================================


      Code (inc. data)   RO Data    RW Data    ZI Data      Debug   

      4848        506        392        224       4296     121551   Grand Totals
      4848        506        392        224       4296     121551   ELF Image Totals
      4848        506        392        224          0          0   ROM Totals

==============================================================================

    Total RO  Size (Code + RO Data)                 5240 (   5.12kB)
    Total RW  Size (RW Data + ZI Data)              4520 (   4.41kB)
    Total ROM Size (Code + RO Data + RW Data)       5464 (   5.34kB)

==============================================================================

