Component: ARM Compiler 5.06 update 7 (build 960) Tool: armlink [4d3601]

==============================================================================

Section Cross References

    main.o(i.app_main) refers to event_groups.o(i.xEventGroupCreate) for xEventGroupCreate
    main.o(i.app_main) refers to tasks.o(i.xTaskCreate) for xTaskCreate
    main.o(i.app_main) refers to tasks.o(i.vTaskStartScheduler) for vTaskStartScheduler
    main.o(i.app_main) refers to main.o(.data) for .data
    main.o(i.app_main) refers to main.o(i.key_scan_task) for key_scan_task
    main.o(i.app_main) refers to main.o(i.led_task) for led_task
    main.o(i.key_scan_task) refers to gd32f1x0_gpio.o(i.gpio_input_bit_get) for gpio_input_bit_get
    main.o(i.key_scan_task) refers to event_groups.o(i.xEventGroupSetBits) for xEventGroupSetBits
    main.o(i.key_scan_task) refers to tasks.o(i.vTaskDelay) for vTaskDelay
    main.o(i.key_scan_task) refers to main.o(.data) for .data
    main.o(i.led_task) refers to event_groups.o(i.xEventGroupWaitBits) for xEventGroupWaitBits
    main.o(i.led_task) refers to printf1.o(i.__0printf$1) for __2printf
    main.o(i.led_task) refers to gd32f1x0r_eval.o(i.gd_eval_led_toggle) for gd_eval_led_toggle
    main.o(i.led_task) refers to main.o(.data) for .data
    main.o(i.main) refers to key.o(i.key_init) for key_init
    main.o(i.main) refers to debug_printf.o(i.debug_printf_init) for debug_printf_init
    main.o(i.main) refers to gd32f1x0r_eval.o(i.gd_eval_led_init) for gd_eval_led_init
    main.o(i.main) refers to main.o(i.app_main) for app_main
    debug_printf.o(i.debug_printf_init) refers to gd32f1x0r_eval.o(i.gd_eval_com_init) for gd_eval_com_init
    debug_printf.o(i.fputc) refers to gd32f1x0_usart.o(i.usart_data_transmit) for usart_data_transmit
    debug_printf.o(i.fputc) refers to gd32f1x0_usart.o(i.usart_flag_get) for usart_flag_get
    key.o(i.EXTI0_1_IRQHandler) refers to gd32f1x0_exti.o(i.exti_interrupt_flag_get) for exti_interrupt_flag_get
    key.o(i.EXTI0_1_IRQHandler) refers to gd32f1x0_exti.o(i.exti_interrupt_flag_clear) for exti_interrupt_flag_clear
    key.o(i.key_init) refers to gd32f1x0_rcu.o(i.rcu_periph_clock_enable) for rcu_periph_clock_enable
    key.o(i.key_init) refers to gd32f1x0_gpio.o(i.gpio_mode_set) for gpio_mode_set
    key.o(i.key_init) refers to gd32f1x0_misc.o(i.nvic_irq_enable) for nvic_irq_enable
    key.o(i.key_init) refers to gd32f1x0_syscfg.o(i.syscfg_exti_line_config) for syscfg_exti_line_config
    key.o(i.key_init) refers to gd32f1x0_exti.o(i.exti_init) for exti_init
    key.o(i.key_init) refers to gd32f1x0_exti.o(i.exti_interrupt_flag_clear) for exti_interrupt_flag_clear
    startup_gd32f1x0.o(RESET) refers to startup_gd32f1x0.o(STACK) for __initial_sp
    startup_gd32f1x0.o(RESET) refers to startup_gd32f1x0.o(.text) for Reset_Handler
    startup_gd32f1x0.o(RESET) refers to gd32f1x0_it.o(i.NMI_Handler) for NMI_Handler
    startup_gd32f1x0.o(RESET) refers to gd32f1x0_it.o(i.MemManage_Handler) for MemManage_Handler
    startup_gd32f1x0.o(RESET) refers to gd32f1x0_it.o(i.BusFault_Handler) for BusFault_Handler
    startup_gd32f1x0.o(RESET) refers to gd32f1x0_it.o(i.UsageFault_Handler) for UsageFault_Handler
    startup_gd32f1x0.o(RESET) refers to port.o(.emb_text) for SVC_Handler
    startup_gd32f1x0.o(RESET) refers to gd32f1x0_it.o(i.DebugMon_Handler) for DebugMon_Handler
    startup_gd32f1x0.o(RESET) refers to port.o(i.SysTick_Handler) for SysTick_Handler
    startup_gd32f1x0.o(RESET) refers to key.o(i.EXTI0_1_IRQHandler) for EXTI0_1_IRQHandler
    startup_gd32f1x0.o(.text) refers to system_gd32f1x0.o(i.SystemInit) for SystemInit
    startup_gd32f1x0.o(.text) refers to entry.o(.ARM.Collect$$$$00000000) for __main
    system_gd32f1x0.o(i.SystemCoreClockUpdate) refers to system_gd32f1x0.o(.data) for .data
    system_gd32f1x0.o(i.SystemInit) refers to system_gd32f1x0.o(i.system_clock_72m_hxtal) for system_clock_72m_hxtal
    system_gd32f1x0.o(i.SystemInit) refers to gd32f1x0_misc.o(i.nvic_vector_table_set) for nvic_vector_table_set
    gd32f1x0_gpio.o(i.gpio_deinit) refers to gd32f1x0_rcu.o(i.rcu_periph_reset_enable) for rcu_periph_reset_enable
    gd32f1x0_gpio.o(i.gpio_deinit) refers to gd32f1x0_rcu.o(i.rcu_periph_reset_disable) for rcu_periph_reset_disable
    gd32f1x0_syscfg.o(i.syscfg_deinit) refers to gd32f1x0_rcu.o(i.rcu_periph_reset_enable) for rcu_periph_reset_enable
    gd32f1x0_syscfg.o(i.syscfg_deinit) refers to gd32f1x0_rcu.o(i.rcu_periph_reset_disable) for rcu_periph_reset_disable
    gd32f1x0_usart.o(i.usart_baudrate_set) refers to gd32f1x0_rcu.o(i.rcu_clock_freq_get) for rcu_clock_freq_get
    gd32f1x0_usart.o(i.usart_deinit) refers to gd32f1x0_rcu.o(i.rcu_periph_reset_enable) for rcu_periph_reset_enable
    gd32f1x0_usart.o(i.usart_deinit) refers to gd32f1x0_rcu.o(i.rcu_periph_reset_disable) for rcu_periph_reset_disable
    gd32f1x0_rcu.o(i.rcu_osci_stab_wait) refers to gd32f1x0_rcu.o(i.rcu_flag_get) for rcu_flag_get
[...]
    Removing gd32f1x0_usart.o(i.usart_hardware_flow_cts_config), (24 bytes).
    Removing gd32f1x0_usart.o(i.usart_hardware_flow_rts_config), (24 bytes).
    Removing gd32f1x0_usart.o(i.usart_interrupt_disable), (20 bytes).
    Removing gd32f1x0_usart.o(i.usart_interrupt_enable), (20 bytes).
    Removing gd32f1x0_usart.o(i.usart_interrupt_flag_clear), (16 bytes).
    Removing gd32f1x0_usart.o(i.usart_interrupt_flag_get), (48 bytes).
    Removing gd32f1x0_usart.o(i.usart_invert_config), (90 bytes).
    Removing gd32f1x0_usart.o(i.usart_irda_lowpower_config), (28 bytes).
    Removing gd32f1x0_usart.o(i.usart_irda_mode_disable), (18 bytes).
    Removing gd32f1x0_usart.o(i.usart_irda_mode_enable), (18 bytes).
    Removing gd32f1x0_usart.o(i.usart_lin_break_detection_length_config), (28 bytes).
    Removing gd32f1x0_usart.o(i.usart_lin_mode_disable), (18 bytes).
    Removing gd32f1x0_usart.o(i.usart_lin_mode_enable), (18 bytes).
    Removing gd32f1x0_usart.o(i.usart_mute_mode_disable), (10 bytes).
    Removing gd32f1x0_usart.o(i.usart_mute_mode_enable), (10 bytes).
    Removing gd32f1x0_usart.o(i.usart_mute_mode_wakeup_config), (24 bytes).
    Removing gd32f1x0_usart.o(i.usart_overrun_disable), (18 bytes).
    Removing gd32f1x0_usart.o(i.usart_overrun_enable), (18 bytes).
    Removing gd32f1x0_usart.o(i.usart_oversample_config), (24 bytes).
    Removing gd32f1x0_usart.o(i.usart_parity_config), (24 bytes).
    Removing gd32f1x0_usart.o(i.usart_prescaler_config), (24 bytes).
    Removing gd32f1x0_usart.o(i.usart_receiver_timeout_disable), (10 bytes).
    Removing gd32f1x0_usart.o(i.usart_receiver_timeout_enable), (10 bytes).
    Removing gd32f1x0_usart.o(i.usart_receiver_timeout_threshold_config), (16 bytes).
    Removing gd32f1x0_usart.o(i.usart_reception_error_dma_disable), (18 bytes).
    Removing gd32f1x0_usart.o(i.usart_reception_error_dma_enable), (18 bytes).
    Removing gd32f1x0_usart.o(i.usart_rs485_driver_disable), (18 bytes).
    Removing gd32f1x0_usart.o(i.usart_rs485_driver_enable), (18 bytes).
    Removing gd32f1x0_usart.o(i.usart_sample_bit_config), (24 bytes).
    Removing gd32f1x0_usart.o(i.usart_smartcard_autoretry_config), (32 bytes).
    Removing gd32f1x0_usart.o(i.usart_smartcard_mode_disable), (18 bytes).
    Removing gd32f1x0_usart.o(i.usart_smartcard_mode_enable), (18 bytes).
    Removing gd32f1x0_usart.o(i.usart_smartcard_mode_nack_disable), (18 bytes).
    Removing gd32f1x0_usart.o(i.usart_smartcard_mode_nack_enable), (18 bytes).
    Removing gd32f1x0_usart.o(i.usart_stop_bit_set), (24 bytes).
    Removing gd32f1x0_usart.o(i.usart_synchronous_clock_config), (50 bytes).
    Removing gd32f1x0_usart.o(i.usart_wakeup_disable), (10 bytes).
    Removing gd32f1x0_usart.o(i.usart_wakeup_enable), (10 bytes).
    Removing gd32f1x0_usart.o(i.usart_wakeup_mode_config), (28 bytes).
    Removing gd32f1x0_usart.o(i.usart_word_length_set), (24 bytes).
    Removing gd32f1x0_rcu.o(.rev16_text), (4 bytes).
    Removing gd32f1x0_rcu.o(.revsh_text), (4 bytes).
    Removing gd32f1x0_rcu.o(.rrx_text), (6 bytes).
    Removing gd32f1x0_rcu.o(i.rcu_adc_clock_config), (84 bytes).
    Removing gd32f1x0_rcu.o(i.rcu_ahb_clock_config), (20 bytes).
    Removing gd32f1x0_rcu.o(i.rcu_all_reset_flag_clear), (16 bytes).
    Removing gd32f1x0_rcu.o(i.rcu_apb1_clock_config), (20 bytes).
    Removing gd32f1x0_rcu.o(i.rcu_apb2_clock_config), (20 bytes).
    Removing gd32f1x0_rcu.o(i.rcu_bkp_reset_disable), (16 bytes).
    Removing gd32f1x0_rcu.o(i.rcu_bkp_reset_enable), (16 bytes).
    Removing gd32f1x0_rcu.o(i.rcu_cec_clock_config), (24 bytes).
    Removing gd32f1x0_rcu.o(i.rcu_ckout_config), (20 bytes).
    Removing gd32f1x0_rcu.o(i.rcu_deepsleep_voltage_set), (32 bytes).
    Removing gd32f1x0_rcu.o(i.rcu_deinit), (96 bytes).
    Removing gd32f1x0_rcu.o(i.rcu_flag_get), (32 bytes).
    Removing gd32f1x0_rcu.o(i.rcu_hxtal_clock_monitor_disable), (16 bytes).
    Removing gd32f1x0_rcu.o(i.rcu_hxtal_clock_monitor_enable), (16 bytes).
    Removing gd32f1x0_rcu.o(i.rcu_hxtal_prediv_config), (20 bytes).
    Removing gd32f1x0_rcu.o(i.rcu_interrupt_disable), (16 bytes).
    Removing gd32f1x0_rcu.o(i.rcu_interrupt_enable), (16 bytes).
    Removing gd32f1x0_rcu.o(i.rcu_interrupt_flag_clear), (16 bytes).
    Removing gd32f1x0_rcu.o(i.rcu_interrupt_flag_get), (20 bytes).
    Removing gd32f1x0_rcu.o(i.rcu_irc14m_adjust_value_set), (20 bytes).
    Removing gd32f1x0_rcu.o(i.rcu_irc8m_adjust_value_set), (20 bytes).
    Removing gd32f1x0_rcu.o(i.rcu_lxtal_drive_capability_config), (24 bytes).
    Removing gd32f1x0_rcu.o(i.rcu_osci_bypass_mode_disable), (60 bytes).
    Removing gd32f1x0_rcu.o(i.rcu_osci_bypass_mode_enable), (60 bytes).
    Removing gd32f1x0_rcu.o(i.rcu_osci_off), (28 bytes).
    Removing gd32f1x0_rcu.o(i.rcu_osci_on), (28 bytes).
    Removing gd32f1x0_rcu.o(i.rcu_osci_stab_wait), (188 bytes).
    Removing gd32f1x0_rcu.o(i.rcu_periph_clock_disable), (28 bytes).
    Removing gd32f1x0_rcu.o(i.rcu_periph_clock_sleep_disable), (28 bytes).
    Removing gd32f1x0_rcu.o(i.rcu_periph_clock_sleep_enable), (28 bytes).
    Removing gd32f1x0_rcu.o(i.rcu_pll_config), (32 bytes).
    Removing gd32f1x0_rcu.o(i.rcu_power_down_voltage_set), (32 bytes).
    Removing gd32f1x0_rcu.o(i.rcu_rtc_clock_config), (24 bytes).
    Removing gd32f1x0_rcu.o(i.rcu_system_clock_source_config), (20 bytes).
    Removing gd32f1x0_rcu.o(i.rcu_system_clock_source_get), (16 bytes).
    Removing gd32f1x0_rcu.o(i.rcu_usart_clock_config), (24 bytes).
    Removing gd32f1x0_rcu.o(i.rcu_usbd_clock_config), (24 bytes).
    Removing gd32f1x0_rcu.o(i.rcu_voltage_key_unlock), (36 bytes).
    Removing gd32f1x0_misc.o(.rev16_text), (4 bytes).
    Removing gd32f1x0_misc.o(.revsh_text), (4 bytes).
    Removing gd32f1x0_misc.o(.rrx_text), (6 bytes).
    Removing gd32f1x0_misc.o(i.nvic_irq_disable), (22 bytes).
    Removing gd32f1x0_misc.o(i.system_lowpower_reset), (16 bytes).
    Removing gd32f1x0_misc.o(i.system_lowpower_set), (16 bytes).
    Removing gd32f1x0_misc.o(i.systick_clksource_set), (24 bytes).
    Removing gd32f1x0_timer.o(.rev16_text), (4 bytes).
    Removing gd32f1x0_timer.o(.revsh_text), (4 bytes).
    Removing gd32f1x0_timer.o(.rrx_text), (6 bytes).
    Removing gd32f1x0_timer.o(i.timer_auto_reload_shadow_disable), (10 bytes).
    Removing gd32f1x0_timer.o(i.timer_auto_reload_shadow_enable), (10 bytes).
    Removing gd32f1x0_timer.o(i.timer_automatic_output_disable), (10 bytes).
    Removing gd32f1x0_timer.o(i.timer_automatic_output_enable), (10 bytes).
    Removing gd32f1x0_timer.o(i.timer_autoreload_value_config), (4 bytes).
    Removing gd32f1x0_timer.o(i.timer_break_config), (32 bytes).
    Removing gd32f1x0_timer.o(i.timer_break_disable), (10 bytes).
    Removing gd32f1x0_timer.o(i.timer_break_enable), (10 bytes).
    Removing gd32f1x0_timer.o(i.timer_break_struct_para_init), (18 bytes).
    Removing gd32f1x0_timer.o(i.timer_channel_capture_value_register_read), (34 bytes).
    Removing gd32f1x0_timer.o(i.timer_channel_complementary_output_polarity_config), (78 bytes).
    Removing gd32f1x0_timer.o(i.timer_channel_complementary_output_state_config), (58 bytes).
    Removing gd32f1x0_timer.o(i.timer_channel_control_shadow_config), (20 bytes).
    Removing gd32f1x0_timer.o(i.timer_channel_control_shadow_update_config), (24 bytes).
    Removing gd32f1x0_timer.o(i.timer_channel_dma_request_source_select), (24 bytes).
    Removing gd32f1x0_timer.o(i.timer_channel_input_capture_prescaler_config), (78 bytes).
    Removing gd32f1x0_timer.o(i.timer_channel_input_struct_para_init), (14 bytes).
    Removing gd32f1x0_timer.o(i.timer_channel_output_clear_config), (78 bytes).
    Removing gd32f1x0_timer.o(i.timer_channel_output_config), (496 bytes).
    Removing gd32f1x0_timer.o(i.timer_channel_output_fast_config), (78 bytes).
    Removing gd32f1x0_timer.o(i.timer_channel_output_mode_config), (78 bytes).
    Removing gd32f1x0_timer.o(i.timer_channel_output_polarity_config), (78 bytes).
    Removing gd32f1x0_timer.o(i.timer_channel_output_pulse_value_config), (30 bytes).
    Removing gd32f1x0_timer.o(i.timer_channel_output_shadow_config), (78 bytes).
    Removing gd32f1x0_timer.o(i.timer_channel_output_state_config), (78 bytes).
    Removing gd32f1x0_timer.o(i.timer_channel_output_struct_para_init), (16 bytes).
    Removing gd32f1x0_timer.o(i.timer_channel_remap_config), (4 bytes).
    Removing gd32f1x0_timer.o(i.timer_counter_alignment), (16 bytes).
    Removing gd32f1x0_timer.o(i.timer_counter_down_direction), (10 bytes).
    Removing gd32f1x0_timer.o(i.timer_counter_read), (4 bytes).
    Removing gd32f1x0_timer.o(i.timer_counter_up_direction), (10 bytes).
    Removing gd32f1x0_timer.o(i.timer_counter_value_config), (4 bytes).
    Removing gd32f1x0_timer.o(i.timer_deinit), (128 bytes).
    Removing gd32f1x0_timer.o(i.timer_disable), (10 bytes).
    Removing gd32f1x0_timer.o(i.timer_dma_disable), (8 bytes).
    Removing gd32f1x0_timer.o(i.timer_dma_enable), (8 bytes).
    Removing gd32f1x0_timer.o(i.timer_dma_transfer_config), (22 bytes).
    Removing gd32f1x0_timer.o(i.timer_enable), (10 bytes).
    Removing gd32f1x0_timer.o(i.timer_event_software_generate), (8 bytes).
    Removing gd32f1x0_timer.o(i.timer_external_clock_mode0_config), (26 bytes).
    Removing gd32f1x0_timer.o(i.timer_external_clock_mode1_config), (18 bytes).
    Removing gd32f1x0_timer.o(i.timer_external_clock_mode1_disable), (10 bytes).
    Removing gd32f1x0_timer.o(i.timer_external_trigger_as_external_clock_config), (156 bytes).
    Removing gd32f1x0_timer.o(i.timer_external_trigger_config), (28 bytes).
    Removing gd32f1x0_timer.o(i.timer_flag_clear), (6 bytes).
    Removing gd32f1x0_timer.o(i.timer_flag_get), (10 bytes).
    Removing gd32f1x0_timer.o(i.timer_hall_mode_config), (24 bytes).
    Removing gd32f1x0_timer.o(i.timer_init), (160 bytes).
    Removing gd32f1x0_timer.o(i.timer_input_capture_config), (300 bytes).
    Removing gd32f1x0_timer.o(i.timer_input_pwm_capture_config), (334 bytes).
    Removing gd32f1x0_timer.o(i.timer_input_trigger_source_select), (16 bytes).
    Removing gd32f1x0_timer.o(i.timer_internal_clock_config), (10 bytes).
    Removing gd32f1x0_timer.o(i.timer_internal_trigger_as_external_clock_config), (26 bytes).
    Removing gd32f1x0_timer.o(i.timer_interrupt_disable), (8 bytes).
    Removing gd32f1x0_timer.o(i.timer_interrupt_enable), (8 bytes).
    Removing gd32f1x0_timer.o(i.timer_interrupt_flag_clear), (6 bytes).
    Removing gd32f1x0_timer.o(i.timer_interrupt_flag_get), (20 bytes).
    Removing gd32f1x0_timer.o(i.timer_master_output_trigger_source_select), (16 bytes).
    Removing gd32f1x0_timer.o(i.timer_master_slave_mode_config), (24 bytes).
    Removing gd32f1x0_timer.o(i.timer_ocpre_clear_source_config), (26 bytes).
    Removing gd32f1x0_timer.o(i.timer_prescaler_config), (16 bytes).
    Removing gd32f1x0_timer.o(i.timer_prescaler_read), (6 bytes).
    Removing gd32f1x0_timer.o(i.timer_primary_output_config), (20 bytes).
    Removing gd32f1x0_timer.o(i.timer_quadrature_decoder_mode_config), (64 bytes).
    Removing gd32f1x0_timer.o(i.timer_repetition_value_config), (4 bytes).
    Removing gd32f1x0_timer.o(i.timer_single_pulse_mode_config), (24 bytes).
    Removing gd32f1x0_timer.o(i.timer_slave_mode_select), (16 bytes).
    Removing gd32f1x0_timer.o(i.timer_struct_para_init), (20 bytes).
    Removing gd32f1x0_timer.o(i.timer_update_event_disable), (10 bytes).
    Removing gd32f1x0_timer.o(i.timer_update_event_enable), (10 bytes).
    Removing gd32f1x0_timer.o(i.timer_update_source_config), (24 bytes).
    Removing gd32f1x0r_eval.o(.rev16_text), (4 bytes).
    Removing gd32f1x0r_eval.o(.revsh_text), (4 bytes).
    Removing gd32f1x0r_eval.o(.rrx_text), (6 bytes).
    Removing gd32f1x0r_eval.o(i.gd_eval_key_init), (112 bytes).
    Removing gd32f1x0r_eval.o(i.gd_eval_key_state_get), (24 bytes).
    Removing gd32f1x0r_eval.o(i.gd_eval_led_off), (24 bytes).
    Removing gd32f1x0r_eval.o(i.gd_eval_led_on), (24 bytes).
    Removing timers.o(.rev16_text), (4 bytes).
    Removing timers.o(.revsh_text), (4 bytes).
    Removing timers.o(.rrx_text), (6 bytes).
    Removing timers.o(i.pcTimerGetName), (4 bytes).
    Removing timers.o(i.pvTimerGetTimerID), (18 bytes).
    Removing timers.o(i.uxTimerGetReloadMode), (30 bytes).
    Removing timers.o(i.uxTimerGetTimerNumber), (4 bytes).
    Removing timers.o(i.vTimerSetReloadMode), (36 bytes).
    Removing timers.o(i.vTimerSetTimerID), (20 bytes).
    Removing timers.o(i.vTimerSetTimerNumber), (4 bytes).
    Removing timers.o(i.xTimerCreate), (74 bytes).
    Removing timers.o(i.xTimerGetExpiryTime), (4 bytes).
    Removing timers.o(i.xTimerGetPeriod), (4 bytes).
    Removing timers.o(i.xTimerGetTimerDaemonTaskHandle), (12 bytes).
    Removing timers.o(i.xTimerIsTimerActive), (30 bytes).
    Removing tasks.o(.rev16_text), (4 bytes).
    Removing tasks.o(.revsh_text), (4 bytes).
    Removing tasks.o(.rrx_text), (6 bytes).
    Removing tasks.o(i.eTaskGetState), (108 bytes).
    Removing tasks.o(i.pcTaskGetName), (16 bytes).
    Removing tasks.o(i.prvListTasksWithinSingleList), (86 bytes).
    Removing tasks.o(i.prvSearchForNameWithinSingleList), (98 bytes).
    Removing tasks.o(i.prvTaskIsTaskSuspended), (32 bytes).
    Removing tasks.o(i.ulTaskGenericNotifyTake), (132 bytes).
    Removing tasks.o(i.ulTaskGenericNotifyValueClear), (44 bytes).
    Removing tasks.o(i.uxTaskGetNumberOfTasks), (12 bytes).
    Removing tasks.o(i.uxTaskGetSystemState), (168 bytes).
    Removing tasks.o(i.uxTaskGetTaskNumber), (8 bytes).
    Removing tasks.o(i.uxTaskPriorityGet), (28 bytes).
    Removing tasks.o(i.uxTaskPriorityGetFromISR), (36 bytes).
    Removing tasks.o(i.vTaskDelete), (156 bytes).
    Removing tasks.o(i.vTaskEndScheduler), (28 bytes).
    Removing tasks.o(i.vTaskGenericNotifyGiveFromISR), (140 bytes).
    Removing tasks.o(i.vTaskGetInfo), (124 bytes).
    Removing tasks.o(i.vTaskPrioritySet), (172 bytes).
    Removing tasks.o(i.vTaskResume), (112 bytes).
    Removing tasks.o(i.vTaskSetTaskNumber), (8 bytes).
    Removing tasks.o(i.vTaskSetTimeOutState), (32 bytes).
    Removing tasks.o(i.vTaskSuspend), (176 bytes).
    Removing tasks.o(i.xTaskCatchUpTicks), (28 bytes).
    Removing tasks.o(i.xTaskDelayUntil), (88 bytes).
    Removing tasks.o(i.xTaskGenericNotify), (180 bytes).
    Removing tasks.o(i.xTaskGenericNotifyFromISR), (192 bytes).
    Removing tasks.o(i.xTaskGenericNotifyStateClear), (52 bytes).
    Removing tasks.o(i.xTaskGenericNotifyWait), (164 bytes).
    Removing tasks.o(i.xTaskGetCurrentTaskHandle), (12 bytes).
    Removing tasks.o(i.xTaskGetHandle), (108 bytes).
    Removing tasks.o(i.xTaskGetTickCountFromISR), (12 bytes).
    Removing tasks.o(i.xTaskResumeFromISR), (124 bytes).
    Removing queue.o(.rev16_text), (4 bytes).
    Removing queue.o(.revsh_text), (4 bytes).
    Removing queue.o(.rrx_text), (6 bytes).
    Removing queue.o(i.ucQueueGetQueueType), (6 bytes).
    Removing queue.o(i.uxQueueGetQueueNumber), (4 bytes).
    Removing queue.o(i.uxQueueMessagesWaiting), (18 bytes).
    Removing queue.o(i.uxQueueMessagesWaitingFromISR), (4 bytes).
    Removing queue.o(i.uxQueueSpacesAvailable), (22 bytes).
    Removing queue.o(i.vQueueDelete), (4 bytes).
    Removing queue.o(i.vQueueSetQueueNumber), (4 bytes).
    Removing queue.o(i.xQueueAddToSet), (34 bytes).
    Removing queue.o(i.xQueueCreateSet), (8 bytes).
    Removing queue.o(i.xQueueGiveFromISR), (96 bytes).
    Removing queue.o(i.xQueueIsQueueEmptyFromISR), (12 bytes).
    Removing queue.o(i.xQueueIsQueueFullFromISR), (16 bytes).
    Removing queue.o(i.xQueuePeek), (240 bytes).
    Removing queue.o(i.xQueuePeekFromISR), (44 bytes).
    Removing queue.o(i.xQueueReceiveFromISR), (100 bytes).
    Removing queue.o(i.xQueueRemoveFromSet), (34 bytes).
    Removing queue.o(i.xQueueSelectFromSet), (18 bytes).
    Removing queue.o(i.xQueueSelectFromSetFromISR), (18 bytes).
    Removing queue.o(i.xQueueSemaphoreTake), (228 bytes).
    Removing list.o(.rev16_text), (4 bytes).
    Removing list.o(.revsh_text), (4 bytes).
    Removing list.o(.rrx_text), (6 bytes).
    Removing event_groups.o(.rev16_text), (4 bytes).
    Removing event_groups.o(.revsh_text), (4 bytes).
    Removing event_groups.o(.rrx_text), (6 bytes).
    Removing event_groups.o(i.uxEventGroupGetNumber), (8 bytes).
    Removing event_groups.o(i.vEventGroupClearBitsCallback), (4 bytes).
    Removing event_groups.o(i.vEventGroupDelete), (44 bytes).
    Removing event_groups.o(i.vEventGroupSetBitsCallback), (4 bytes).
    Removing event_groups.o(i.vEventGroupSetNumber), (4 bytes).
    Removing event_groups.o(i.xEventGroupClearBits), (26 bytes).
    Removing event_groups.o(i.xEventGroupGetBitsFromISR), (26 bytes).
    Removing event_groups.o(i.xEventGroupSync), (136 bytes).
    Removing croutine.o(.rev16_text), (4 bytes).
    Removing croutine.o(.revsh_text), (4 bytes).
    Removing croutine.o(.rrx_text), (6 bytes).
    Removing stream_buffer.o(.rev16_text), (4 bytes).
    Removing stream_buffer.o(.revsh_text), (4 bytes).
    Removing stream_buffer.o(.rrx_text), (6 bytes).
    Removing stream_buffer.o(i.prvBytesInBuffer), (18 bytes).
    Removing stream_buffer.o(i.prvInitialiseNewStreamBuffer), (36 bytes).
    Removing stream_buffer.o(i.prvReadBytesFromBuffer), (78 bytes).
    Removing stream_buffer.o(i.prvReadMessageFromBuffer), (58 bytes).
    Removing stream_buffer.o(i.prvWriteBytesToBuffer), (66 bytes).
    Removing stream_buffer.o(i.prvWriteMessageToBuffer), (60 bytes).
    Removing stream_buffer.o(i.ucStreamBufferGetStreamBufferType), (8 bytes).
    Removing stream_buffer.o(i.uxStreamBufferGetStreamBufferNumber), (4 bytes).
    Removing stream_buffer.o(i.vStreamBufferDelete), (16 bytes).
    Removing stream_buffer.o(i.vStreamBufferSetStreamBufferNumber), (4 bytes).
    Removing stream_buffer.o(i.xStreamBufferBytesAvailable), (4 bytes).
    Removing stream_buffer.o(i.xStreamBufferGenericCreate), (64 bytes).
    Removing stream_buffer.o(i.xStreamBufferIsEmpty), (16 bytes).
    Removing stream_buffer.o(i.xStreamBufferIsFull), (30 bytes).
    Removing stream_buffer.o(i.xStreamBufferNextMessageLengthBytes), (44 bytes).
    Removing stream_buffer.o(i.xStreamBufferReceive), (162 bytes).
    Removing stream_buffer.o(i.xStreamBufferReceiveCompletedFromISR), (54 bytes).
    Removing stream_buffer.o(i.xStreamBufferReceiveFromISR), (106 bytes).
    Removing stream_buffer.o(i.xStreamBufferReset), (48 bytes).
    Removing stream_buffer.o(i.xStreamBufferSend), (202 bytes).
    Removing stream_buffer.o(i.xStreamBufferSendCompletedFromISR), (54 bytes).
    Removing stream_buffer.o(i.xStreamBufferSendFromISR), (112 bytes).
    Removing stream_buffer.o(i.xStreamBufferSetTriggerLevel), (20 bytes).
    Removing stream_buffer.o(i.xStreamBufferSpacesAvailable), (20 bytes).
    Removing port.o(.rev16_text), (4 bytes).
    Removing port.o(.revsh_text), (4 bytes).
    Removing port.o(.rrx_text), (6 bytes).
    Removing port.o(i.vPortEndScheduler), (2 bytes).
    Removing heap_4.o(.rev16_text), (4 bytes).
    Removing heap_4.o(.revsh_text), (4 bytes).
    Removing heap_4.o(.rrx_text), (6 bytes).
    Removing heap_4.o(i.vPortGetHeapStats), (108 bytes).
    Removing heap_4.o(i.vPortInitialiseBlocks), (2 bytes).
    Removing heap_4.o(i.xPortGetFreeHeapSize), (12 bytes).
    Removing heap_4.o(i.xPortGetMinimumEverFreeHeapSize), (12 bytes).
    Removing dadd.o(.text), (334 bytes).
    Removing dmul.o(.text), (228 bytes).
    Removing ddiv.o(.text), (222 bytes).
    Removing dfixul.o(.text), (48 bytes).
    Removing cdrcmple.o(.text), (48 bytes).
    Removing depilogue.o(.text), (186 bytes).

377 unused section(s) (total 14432 bytes) removed from the image.

==============================================================================

Image Symbol Table

    Local Symbols

    Symbol Name                              Value     Ov Type        Size  Object(Section)

    ../clib/microlib/division.c              0x00000000   Number         0  uidiv.o ABSOLUTE
    ../clib/microlib/division.c              0x00000000   Number         0  uldiv.o ABSOLUTE
    ../clib/microlib/init/entry.s            0x00000000   Number         0  entry2.o ABSOLUTE
    ../clib/microlib/init/entry.s            0x00000000   Number         0  entry8b.o ABSOLUTE
    ../clib/microlib/init/entry.s            0x00000000   Number         0  entry9a.o ABSOLUTE
    ../clib/microlib/init/entry.s            0x00000000   Number         0  entry9b.o ABSOLUTE
    ../clib/microlib/init/entry.s            0x00000000   Number         0  entry10a.o ABSOLUTE
    ../clib/microlib/init/entry.s            0x00000000   Number         0  entry10b.o ABSOLUTE
    ../clib/microlib/init/entry.s            0x00000000   Number         0  entry11a.o ABSOLUTE
    ../clib/microlib/init/entry.s            0x00000000   Number         0  entry11b.o ABSOLUTE
    ../clib/microlib/init/entry.s            0x00000000   Number         0  entry12a.o ABSOLUTE
    ../clib/microlib/init/entry.s            0x00000000   Number         0  entry7a.o ABSOLUTE
    ../clib/microlib/init/entry.s            0x00000000   Number         0  entry12b.o ABSOLUTE
    ../clib/microlib/init/entry.s            0x00000000   Number         0  entry.o ABSOLUTE
    ../clib/microlib/init/entry.s            0x00000000   Number         0  entry7b.o ABSOLUTE
    ../clib/microlib/init/entry.s            0x00000000   Number         0  entry5.o ABSOLUTE
    ../clib/microlib/init/entry.s            0x00000000   Number         0  entry8a.o ABSOLUTE
    ../clib/microlib/longlong.c              0x00000000   Number         0  llsshr.o ABSOLUTE
    ../clib/microlib/longlong.c              0x00000000   Number         0  llushr.o ABSOLUTE
    ../clib/microlib/longlong.c              0x00000000   Number         0  llshl.o ABSOLUTE
    ../clib/microlib/printf/printf.c         0x00000000   Number         0  printf0.o ABSOLUTE
    ../clib/microlib/printf/printf.c         0x00000000   Number         0  printf5.o ABSOLUTE
    ../clib/microlib/printf/printf.c         0x00000000   Number         0  printf6.o ABSOLUTE
    ../clib/microlib/printf/printf.c         0x00000000   Number         0  printf7.o ABSOLUTE
    ../clib/microlib/printf/printf.c         0x00000000   Number         0  printf8.o ABSOLUTE
    ../clib/microlib/printf/printf.c         0x00000000   Number         0  printfa.o ABSOLUTE
    ../clib/microlib/printf/printf.c         0x00000000   Number         0  printf3.o ABSOLUTE
    ../clib/microlib/printf/printf.c         0x00000000   Number         0  printf4.o ABSOLUTE
    ../clib/microlib/printf/printf.c         0x00000000   Number         0  printf2.o ABSOLUTE
    ../clib/microlib/printf/printf.c         0x00000000   Number         0  printf1.o ABSOLUTE
    ../clib/microlib/printf/printf.c         0x00000000   Number         0  printfb.o ABSOLUTE
    ../clib/microlib/printf/stubs.s          0x00000000   Number         0  stubs.o ABSOLUTE
    ../clib/microlib/stdio/streams.c         0x00000000   Number         0  stdout.o ABSOLUTE
    ../clib/microlib/string/memcpy.c         0x00000000   Number         0  memcpya.o ABSOLUTE
    ../clib/microlib/string/memcpy.c         0x00000000   Number         0  memcpyb.o ABSOLUTE
    ../clib/microlib/string/memset.c         0x00000000   Number         0  memseta.o ABSOLUTE
    ../clib/microlib/stubs.s                 0x00000000   Number         0  iusefp.o ABSOLUTE
    ../fplib/microlib/fpadd.c                0x00000000   Number         0  dadd.o ABSOLUTE
    ../fplib/microlib/fpdiv.c                0x00000000   Number         0  ddiv.o ABSOLUTE
    ../fplib/microlib/fpepilogue.c           0x00000000   Number         0  depilogue.o ABSOLUTE
    ../fplib/microlib/fpfix.c                0x00000000   Number         0  dfixul.o ABSOLUTE
    ../fplib/microlib/fpmul.c                0x00000000   Number         0  dmul.o ABSOLUTE
    FreeRTOS\\croutine.c                     0x00000000   Number         0  croutine.o ABSOLUTE
    FreeRTOS\\event_groups.c                 0x00000000   Number         0  event_groups.o ABSOLUTE
    FreeRTOS\\list.c                         0x00000000   Number         0  list.o ABSOLUTE
    FreeRTOS\\portable\\MemMang\\heap_4.c    0x00000000   Number         0  heap_4.o ABSOLUTE
    FreeRTOS\\portable\\RVDS\\ARM_CM3\\port.c 0x00000000   Number         0  port.o ABSOLUTE
    FreeRTOS\\queue.c                        0x00000000   Number         0  queue.o ABSOLUTE
    FreeRTOS\\stream_buffer.c                0x00000000   Number         0  stream_buffer.o ABSOLUTE
    FreeRTOS\\tasks.c                        0x00000000   Number         0  tasks.o ABSOLUTE
    FreeRTOS\\timers.c                       0x00000000   Number         0  timers.o ABSOLUTE
    FreeRTOS\croutine.c                      0x00000000   Number         0  croutine.o ABSOLUTE
    FreeRTOS\event_groups.c                  0x00000000   Number         0  event_groups.o ABSOLUTE
    FreeRTOS\list.c                          0x00000000   Number         0  list.o ABSOLUTE
    FreeRTOS\portable\MemMang\heap_4.c       0x00000000   Number         0  heap_4.o ABSOLUTE
    FreeRTOS\portable\RVDS\ARM_CM3\port.c    0x00000000   Number         0  port.o ABSOLUTE
    FreeRTOS\queue.c                         0x00000000   Number         0  queue.o ABSOLUTE
    FreeRTOS\stream_buffer.c                 0x00000000   Number         0  stream_buffer.o ABSOLUTE
    FreeRTOS\tasks.c                         0x00000000   Number         0  tasks.o ABSOLUTE
    FreeRTOS\timers.c                        0x00000000   Number         0  timers.o ABSOLUTE
    GD32F1x0_Firmware_Library\CMSIS\GD\GD32F1x0\Source\ARM\startup_gd32f1x0.s 0x00000000   Number         0  startup_gd32f1x0.o ABSOLUTE
    GD32F1x0_Firmware_Library\CMSIS\GD\GD32F1x0\Source\system_gd32f1x0.c 0x00000000   Number         0  system_gd32f1x0.o ABSOLUTE
    GD32F1x0_Firmware_Library\GD32F1x0_standard_peripheral\Source\gd32f1x0_exti.c 0x00000000   Number         0  gd32f1x0_exti.o ABSOLUTE
    GD32F1x0_Firmware_Library\GD32F1x0_standard_peripheral\Source\gd32f1x0_gpio.c 0x00000000   Number         0  gd32f1x0_gpio.o ABSOLUTE
    GD32F1x0_Firmware_Library\GD32F1x0_standard_peripheral\Source\gd32f1x0_misc.c 0x00000000   Number         0  gd32f1x0_misc.o ABSOLUTE
    GD32F1x0_Firmware_Library\GD32F1x0_standard_peripheral\Source\gd32f1x0_rcu.c 0x00000000   Number         0  gd32f1x0_rcu.o ABSOLUTE
    GD32F1x0_Firmware_Library\GD32F1x0_standard_peripheral\Source\gd32f1x0_syscfg.c 0x00000000   Number         0  gd32f1x0_syscfg.o ABSOLUTE
    GD32F1x0_Firmware_Library\GD32F1x0_standard_peripheral\Source\gd32f1x0_timer.c 0x00000000   Number         0  gd32f1x0_timer.o ABSOLUTE
    GD32F1x0_Firmware_Library\GD32F1x0_standard_peripheral\Source\gd32f1x0_usart.c 0x00000000   Number         0  gd32f1x0_usart.o ABSOLUTE
    GD32F1x0_Firmware_Library\Utilities\gd32f1x0r_eval.c 0x00000000   Number         0  gd32f1x0r_eval.o ABSOLUTE
    GD32F1x0_Firmware_Library\\CMSIS\\GD\\GD32F1x0\\Source\\system_gd32f1x0.c 0x00000000   Number         0  system_gd32f1x0.o ABSOLUTE
    GD32F1x0_Firmware_Library\\GD32F1x0_standard_peripheral\\Source\\gd32f1x0_exti.c 0x00000000   Number         0  gd32f1x0_exti.o ABSOLUTE
    GD32F1x0_Firmware_Library\\GD32F1x0_standard_peripheral\\Source\\gd32f1x0_gpio.c 0x00000000   Number         0  gd32f1x0_gpio.o ABSOLUTE
    GD32F1x0_Firmware_Library\\GD32F1x0_standard_peripheral\\Source\\gd32f1x0_misc.c 0x00000000   Number         0  gd32f1x0_misc.o ABSOLUTE
    GD32F1x0_Firmware_Library\\GD32F1x0_standard_peripheral\\Source\\gd32f1x0_rcu.c 0x00000000   Number         0  gd32f1x0_rcu.o ABSOLUTE
    GD32F1x0_Firmware_Library\\GD32F1x0_standard_peripheral\\Source\\gd32f1x0_syscfg.c 0x00000000   Number         0  gd32f1x0_syscfg.o ABSOLUTE
    GD32F1x0_Firmware_Library\\GD32F1x0_standard_peripheral\\Source\\gd32f1x0_timer.c 0x00000000   Number         0  gd32f1x0_timer.o ABSOLUTE
    GD32F1x0_Firmware_Library\\GD32F1x0_standard_peripheral\\Source\\gd32f1x0_usart.c 0x00000000   Number         0  gd32f1x0_usart.o ABSOLUTE
    GD32F1x0_Firmware_Library\\Utilities\\gd32f1x0r_eval.c 0x00000000   Number         0  gd32f1x0r_eval.o ABSOLUTE
    User\Src\debug_printf.c                  0x00000000   Number         0  debug_printf.o ABSOLUTE
    User\Src\gd32f1x0_it.c                   0x00000000   Number         0  gd32f1x0_it.o ABSOLUTE
    User\Src\key.c                           0x00000000   Number         0  key.o ABSOLUTE
    User\Src\main.c                          0x00000000   Number         0  main.o ABSOLUTE
    User\\Src\\debug_printf.c                0x00000000   Number         0  debug_printf.o ABSOLUTE
    User\\Src\\gd32f1x0_it.c                 0x00000000   Number         0  gd32f1x0_it.o ABSOLUTE
    User\\Src\\key.c                         0x00000000   Number         0  key.o ABSOLUTE
    User\\Src\\main.c                        0x00000000   Number         0  main.o ABSOLUTE
    cdrcmple.s                               0x00000000   Number         0  cdrcmple.o ABSOLUTE
    dc.s                                     0x00000000   Number         0  dc.o ABSOLUTE
    handlers.s                               0x00000000   Number         0  handlers.o ABSOLUTE
    init.s                                   0x00000000   Number         0  init.o ABSOLUTE
    RESET                                    0x08000000   Section      360  startup_gd32f1x0.o(RESET)
    .ARM.Collect$$$$00000000                 0x08000168   Section        0  entry.o(.ARM.Collect$$$$00000000)
    .ARM.Collect$$$$00000001                 0x08000168   Section        4  entry2.o(.ARM.Collect$$$$00000001)
    .ARM.Collect$$$$00000004                 0x0800016c   Section        4  entry5.o(.ARM.Collect$$$$00000004)
    .ARM.Collect$$$$00000008                 0x08000170   Section        0  entry7b.o(.ARM.Collect$$$$00000008)
    .ARM.Collect$$$$0000000A                 0x08000170   Section        0  entry8b.o(.ARM.Collect$$$$0000000A)
    .ARM.Collect$$$$0000000B                 0x08000170   Section        8  entry9a.o(.ARM.Collect$$$$0000000B)
    .ARM.Collect$$$$0000000E                 0x08000178   Section        4  entry12b.o(.ARM.Collect$$$$0000000E)
    .ARM.Collect$$$$0000000F                 0x0800017c   Section        0  entry10a.o(.ARM.Collect$$$$0000000F)
    .ARM.Collect$$$$00000011                 0x0800017c   Section        0  entry11a.o(.ARM.Collect$$$$00000011)
    .ARM.Collect$$$$00002712                 0x0800017c   Section        4  entry2.o(.ARM.Collect$$$$00002712)
    __lit__00000000                          0x0800017c   Data           4  entry2.o(.ARM.Collect$$$$00002712)
    .emb_text                                0x08000180   Section      150  port.o(.emb_text)
    .text                                    0x08000218   Section       36  startup_gd32f1x0.o(.text)
    .text                                    0x0800023c   Section        0  memcpya.o(.text)
    .text                                    0x08000260   Section        0  memseta.o(.text)
    .text                                    0x08000284   Section        0  uidiv.o(.text)
    .text                                    0x080002b0   Section       36  init.o(.text)
    i.BusFault_Handler                       0x080002d4   Section        0  gd32f1x0_it.o(i.BusFault_Handler)
    i.DebugMon_Handler                       0x080002d6   Section        0  gd32f1x0_it.o(i.DebugMon_Handler)
    i.EXTI0_1_IRQHandler                     0x080002d8   Section        0  key.o(i.EXTI0_1_IRQHandler)
    i.MemManage_Handler                      0x080002f0   Section        0  gd32f1x0_it.o(i.MemManage_Handler)
    i.NMI_Handler                            0x080002f2   Section        0  gd32f1x0_it.o(i.NMI_Handler)
    i.SysTick_Handler                        0x080002f4   Section        0  port.o(i.SysTick_Handler)
    i.SystemInit                             0x08000320   Section        0  system_gd32f1x0.o(i.SystemInit)
    i.UsageFault_Handler                     0x08000394   Section        0  gd32f1x0_it.o(i.UsageFault_Handler)
    i.__0printf$1                            0x08000398   Section        0  printf1.o(i.__0printf$1)
    i.__scatterload_copy                     0x080003b8   Section       14  handlers.o(i.__scatterload_copy)
    i.__scatterload_null                     0x080003c6   Section        2  handlers.o(i.__scatterload_null)
    i.__scatterload_zeroinit                 0x080003c8   Section       14  handlers.o(i.__scatterload_zeroinit)
    i._printf_core                           0x080003d8   Section        0  printf1.o(i._printf_core)
    _printf_core                             0x080003d9   Thumb Code   336  printf1.o(i._printf_core)
    i.app_main                               0x0800052c   Section        0  main.o(i.app_main)
    i.debug_printf_init                      0x08000590   Section        0  debug_printf.o(i.debug_printf_init)
    i.exti_init                              0x08000594   Section        0  gd32f1x0_exti.o(i.exti_init)
    i.exti_interrupt_flag_clear              0x080005fc   Section        0  gd32f1x0_exti.o(i.exti_interrupt_flag_clear)
    i.exti_interrupt_flag_get                0x08000608   Section        0  gd32f1x0_exti.o(i.exti_interrupt_flag_get)
    i.fputc                                  0x0800062c   Section        0  debug_printf.o(i.fputc)
    i.gd_eval_com_init                       0x08000654   Section        0  gd32f1x0r_eval.o(i.gd_eval_com_init)
    i.gd_eval_led_init                       0x080006e8   Section        0  gd32f1x0r_eval.o(i.gd_eval_led_init)
    i.gd_eval_led_toggle                     0x08000730   Section        0  gd32f1x0r_eval.o(i.gd_eval_led_toggle)
    i.gpio_af_set                            0x0800074c   Section        0  gd32f1x0_gpio.o(i.gpio_af_set)
    i.gpio_input_bit_get                     0x080007a2   Section        0  gd32f1x0_gpio.o(i.gpio_input_bit_get)
    i.gpio_mode_set                          0x080007ac   Section        0  gd32f1x0_gpio.o(i.gpio_mode_set)
    i.gpio_output_options_set                0x080007f4   Section        0  gd32f1x0_gpio.o(i.gpio_output_options_set)
    i.key_init                               0x08000832   Section        0  key.o(i.key_init)
    i.key_scan_task                          0x08000870   Section        0  main.o(i.key_scan_task)
    i.led_task                               0x08000894   Section        0  main.o(i.led_task)
    i.main                                   0x080008c8   Section        0  main.o(i.main)
    i.nvic_irq_enable                        0x080008e8   Section        0  gd32f1x0_misc.o(i.nvic_irq_enable)
    i.nvic_priority_group_set                0x08000970   Section        0  gd32f1x0_misc.o(i.nvic_priority_group_set)
    i.nvic_vector_table_set                  0x08000984   Section        0  gd32f1x0_misc.o(i.nvic_vector_table_set)
    i.prvAddCurrentTaskToDelayedList         0x08000998   Section        0  tasks.o(i.prvAddCurrentTaskToDelayedList)
    prvAddCurrentTaskToDelayedList           0x08000999   Thumb Code   102  tasks.o(i.prvAddCurrentTaskToDelayedList)
    i.prvAddNewTaskToReadyList               0x08000a08   Section        0  tasks.o(i.prvAddNewTaskToReadyList)
    prvAddNewTaskToReadyList                 0x08000a09   Thumb Code   196  tasks.o(i.prvAddNewTaskToReadyList)
    i.prvCheckForValidListAndQueue           0x08000ad8   Section        0  timers.o(i.prvCheckForValidListAndQueue)
    prvCheckForValidListAndQueue             0x08000ad9   Thumb Code    54  timers.o(i.prvCheckForValidListAndQueue)
    i.prvCopyDataFromQueue                   0x08000b18   Section        0  queue.o(i.prvCopyDataFromQueue)
    prvCopyDataFromQueue                     0x08000b19   Thumb Code    38  queue.o(i.prvCopyDataFromQueue)
    i.prvCopyDataToQueue                     0x08000b3e   Section        0  queue.o(i.prvCopyDataToQueue)
    prvCopyDataToQueue                       0x08000b3f   Thumb Code    90  queue.o(i.prvCopyDataToQueue)
    i.prvDeleteTCB                           0x08000b98   Section        0  tasks.o(i.prvDeleteTCB)
    prvDeleteTCB                             0x08000b99   Thumb Code    20  tasks.o(i.prvDeleteTCB)
    i.prvHeapInit                            0x08000bac   Section        0  heap_4.o(i.prvHeapInit)
    prvHeapInit                              0x08000bad   Thumb Code    66  heap_4.o(i.prvHeapInit)
    i.prvIdleTask                            0x08000bf8   Section        0  tasks.o(i.prvIdleTask)
    prvIdleTask                              0x08000bf9   Thumb Code    80  tasks.o(i.prvIdleTask)
    i.prvInitialiseNewTask                   0x08000c54   Section        0  tasks.o(i.prvInitialiseNewTask)
    prvInitialiseNewTask                     0x08000c55   Thumb Code   142  tasks.o(i.prvInitialiseNewTask)
    i.prvInsertBlockIntoFreeList             0x08000ce4   Section        0  heap_4.o(i.prvInsertBlockIntoFreeList)
    prvInsertBlockIntoFreeList               0x08000ce5   Thumb Code    72  heap_4.o(i.prvInsertBlockIntoFreeList)
    i.prvInsertTimerInActiveList             0x08000d30   Section        0  timers.o(i.prvInsertTimerInActiveList)
    prvInsertTimerInActiveList               0x08000d31   Thumb Code    52  timers.o(i.prvInsertTimerInActiveList)
    i.prvIsQueueEmpty                        0x08000d68   Section        0  queue.o(i.prvIsQueueEmpty)
    prvIsQueueEmpty                          0x08000d69   Thumb Code    26  queue.o(i.prvIsQueueEmpty)
    i.prvNotifyQueueSetContainer             0x08000d82   Section        0  queue.o(i.prvNotifyQueueSetContainer)
    prvNotifyQueueSetContainer               0x08000d83   Thumb Code    68  queue.o(i.prvNotifyQueueSetContainer)
    i.prvProcessReceivedCommands             0x08000dc8   Section        0  timers.o(i.prvProcessReceivedCommands)
    prvProcessReceivedCommands               0x08000dc9   Thumb Code   200  timers.o(i.prvProcessReceivedCommands)
    i.prvProcessTimerOrBlockTask             0x08000e94   Section        0  timers.o(i.prvProcessTimerOrBlockTask)
    prvProcessTimerOrBlockTask               0x08000e95   Thumb Code   166  timers.o(i.prvProcessTimerOrBlockTask)
    i.prvResetNextTaskUnblockTime            0x08000f44   Section        0  tasks.o(i.prvResetNextTaskUnblockTime)
    prvResetNextTaskUnblockTime              0x08000f45   Thumb Code    24  tasks.o(i.prvResetNextTaskUnblockTime)
    i.prvSampleTimeNow                       0x08000f60   Section        0  timers.o(i.prvSampleTimeNow)
    prvSampleTimeNow                         0x08000f61   Thumb Code    36  timers.o(i.prvSampleTimeNow)
    i.prvSwitchTimerLists                    0x08000f88   Section        0  timers.o(i.prvSwitchTimerLists)
    prvSwitchTimerLists                      0x08000f89   Thumb Code    86  timers.o(i.prvSwitchTimerLists)
    i.prvTaskExitError                       0x08000fe4   Section        0  port.o(i.prvTaskExitError)
    prvTaskExitError                         0x08000fe5   Thumb Code    16  port.o(i.prvTaskExitError)
    i.prvTestWaitCondition                   0x08000ff4   Section        0  event_groups.o(i.prvTestWaitCondition)
    prvTestWaitCondition                     0x08000ff5   Thumb Code    20  event_groups.o(i.prvTestWaitCondition)
    i.prvTimerTask                           0x08001008   Section        0  timers.o(i.prvTimerTask)
    prvTimerTask                             0x08001009   Thumb Code    34  timers.o(i.prvTimerTask)
    i.prvUnlockQueue                         0x08001030   Section        0  queue.o(i.prvUnlockQueue)
    prvUnlockQueue                           0x08001031   Thumb Code   118  queue.o(i.prvUnlockQueue)
    i.pvPortMalloc                           0x080010a8   Section        0  heap_4.o(i.pvPortMalloc)
    i.pxPortInitialiseStack                  0x08001158   Section        0  port.o(i.pxPortInitialiseStack)
    i.rcu_clock_freq_get                     0x0800117c   Section        0  gd32f1x0_rcu.o(i.rcu_clock_freq_get)
    i.rcu_periph_clock_enable                0x080012e8   Section        0  gd32f1x0_rcu.o(i.rcu_periph_clock_enable)
    i.rcu_periph_reset_disable               0x08001304   Section        0  gd32f1x0_rcu.o(i.rcu_periph_reset_disable)
    i.rcu_periph_reset_enable                0x08001320   Section        0  gd32f1x0_rcu.o(i.rcu_periph_reset_enable)
    i.syscfg_exti_line_config                0x0800133c   Section        0  gd32f1x0_syscfg.o(i.syscfg_exti_line_config)
    i.system_clock_72m_hxtal                 0x08001398   Section        0  system_gd32f1x0.o(i.system_clock_72m_hxtal)
    system_clock_72m_hxtal                   0x08001399   Thumb Code   100  system_gd32f1x0.o(i.system_clock_72m_hxtal)
    i.usart_baudrate_set                     0x08001404   Section        0  gd32f1x0_usart.o(i.usart_baudrate_set)
    i.usart_data_transmit                    0x08001458   Section        0  gd32f1x0_usart.o(i.usart_data_transmit)
    i.usart_deinit                           0x08001460   Section        0  gd32f1x0_usart.o(i.usart_deinit)
    i.usart_enable                           0x08001490   Section        0  gd32f1x0_usart.o(i.usart_enable)
    i.usart_flag_get                         0x0800149a   Section        0  gd32f1x0_usart.o(i.usart_flag_get)
    i.usart_receive_config                   0x080014b0   Section        0  gd32f1x0_usart.o(i.usart_receive_config)
    i.usart_transmit_config                  0x080014c0   Section        0  gd32f1x0_usart.o(i.usart_transmit_config)
    i.uxListRemove                           0x080014d0   Section        0  list.o(i.uxListRemove)
    i.uxTaskResetEventItemValue              0x080014f8   Section        0  tasks.o(i.uxTaskResetEventItemValue)
    i.vListInitialise                        0x08001510   Section        0  list.o(i.vListInitialise)
    i.vListInitialiseItem                    0x08001526   Section        0  list.o(i.vListInitialiseItem)
    i.vListInsert                            0x0800152c   Section        0  list.o(i.vListInsert)
    i.vListInsertEnd                         0x0800155c   Section        0  list.o(i.vListInsertEnd)
    i.vPortEnterCritical                     0x08001574   Section        0  port.o(i.vPortEnterCritical)
    i.vPortExitCritical                      0x08001590   Section        0  port.o(i.vPortExitCritical)
    i.vPortFree                              0x080015a4   Section        0  heap_4.o(i.vPortFree)
    i.vPortSetupTimerInterrupt               0x080015e8   Section        0  port.o(i.vPortSetupTimerInterrupt)
    i.vQueueWaitForMessageRestricted         0x0800160c   Section        0  queue.o(i.vQueueWaitForMessageRestricted)
    i.vTaskDelay                             0x08001650   Section        0  tasks.o(i.vTaskDelay)
    i.vTaskInternalSetTimeOutState           0x08001680   Section        0  tasks.o(i.vTaskInternalSetTimeOutState)
    i.vTaskMissedYield                       0x08001690   Section        0  tasks.o(i.vTaskMissedYield)
    i.vTaskPlaceOnEventList                  0x0800169c   Section        0  tasks.o(i.vTaskPlaceOnEventList)
    i.vTaskPlaceOnEventListRestricted        0x080016c0   Section        0  tasks.o(i.vTaskPlaceOnEventListRestricted)
    i.vTaskPlaceOnUnorderedEventList         0x080016ec   Section        0  tasks.o(i.vTaskPlaceOnUnorderedEventList)
    i.vTaskRemoveFromUnorderedEventList      0x08001718   Section        0  tasks.o(i.vTaskRemoveFromUnorderedEventList)
    i.vTaskStartScheduler                    0x08001764   Section        0  tasks.o(i.vTaskStartScheduler)
    i.vTaskSuspendAll                        0x080017bc   Section        0  tasks.o(i.vTaskSuspendAll)
    i.vTaskSwitchContext                     0x080017cc   Section        0  tasks.o(i.vTaskSwitchContext)
    i.xEventGroupCreate                      0x08001810   Section        0  event_groups.o(i.xEventGroupCreate)
    i.xEventGroupSetBits                     0x0800182a   Section        0  event_groups.o(i.xEventGroupSetBits)
    i.xEventGroupWaitBits                    0x08001890   Section        0  event_groups.o(i.xEventGroupWaitBits)
    i.xPortStartScheduler                    0x0800194c   Section        0  port.o(i.xPortStartScheduler)
    i.xQueueGenericCreate                    0x0800197c   Section        0  queue.o(i.xQueueGenericCreate)
    i.xQueueGenericReset                     0x080019b8   Section        0  queue.o(i.xQueueGenericReset)
    i.xQueueGenericSend                      0x08001a2c   Section        0  queue.o(i.xQueueGenericSend)
    i.xQueueGenericSendFromISR               0x08001b40   Section        0  queue.o(i.xQueueGenericSendFromISR)
    i.xQueueReceive                          0x08001bc8   Section        0  queue.o(i.xQueueReceive)
    i.xTaskCheckForTimeOut                   0x08001cb8   Section        0  tasks.o(i.xTaskCheckForTimeOut)
    i.xTaskCreate                            0x08001d10   Section        0  tasks.o(i.xTaskCreate)
    i.xTaskGetSchedulerState                 0x08001d68   Section        0  tasks.o(i.xTaskGetSchedulerState)
    i.xTaskGetTickCount                      0x08001d84   Section        0  tasks.o(i.xTaskGetTickCount)
    i.xTaskIncrementTick                     0x08001d90   Section        0  tasks.o(i.xTaskIncrementTick)
    i.xTaskRemoveFromEventList               0x08001e44   Section        0  tasks.o(i.xTaskRemoveFromEventList)
    i.xTaskResumeAll                         0x08001ea8   Section        0  tasks.o(i.xTaskResumeAll)
    i.xTimerCreateTimerTask                  0x08001f58   Section        0  timers.o(i.xTimerCreateTimerTask)
    i.xTimerGenericCommand                   0x08001f94   Section        0  timers.o(i.xTimerGenericCommand)
    .data                                    0x20000000   Section        4  main.o(.data)
    .data                                    0x20000004   Section        4  system_gd32f1x0.o(.data)
    .data                                    0x20000008   Section      104  gd32f1x0r_eval.o(.data)
    COM_CLK                                  0x20000008   Data           2  gd32f1x0r_eval.o(.data)
    KEY_PORT_SOURCE                          0x2000000a   Data           3  gd32f1x0r_eval.o(.data)
    KEY_PIN_SOURCE                           0x2000000d   Data           3  gd32f1x0r_eval.o(.data)
    KEY_IRQn                                 0x20000010   Data           3  gd32f1x0r_eval.o(.data)
    COM_TX_PIN                               0x20000014   Data           4  gd32f1x0r_eval.o(.data)
    COM_RX_PIN                               0x20000018   Data           4  gd32f1x0r_eval.o(.data)
    KEY_CLK                                  0x2000001c   Data           6  gd32f1x0r_eval.o(.data)
    GPIO_CLK                                 0x20000022   Data           8  gd32f1x0r_eval.o(.data)
    GPIO_PORT                                0x2000002c   Data          16  gd32f1x0r_eval.o(.data)
    GPIO_PIN                                 0x2000003c   Data          16  gd32f1x0r_eval.o(.data)
    KEY_PORT                                 0x2000004c   Data          12  gd32f1x0r_eval.o(.data)
    KEY_PIN                                  0x20000058   Data          12  gd32f1x0r_eval.o(.data)
    KEY_EXTI_LINE                            0x20000064   Data          12  gd32f1x0r_eval.o(.data)
    .data                                    0x20000070   Section       20  timers.o(.data)
    xTimerQueue                              0x20000070   Data           4  timers.o(.data)
    xTimerTaskHandle                         0x20000074   Data           4  timers.o(.data)
    xLastTime                                0x20000078   Data           4  timers.o(.data)
    pxCurrentTimerList                       0x2000007c   Data           4  timers.o(.data)
    pxOverflowTimerList                      0x20000080   Data           4  timers.o(.data)
    .data                                    0x20000084   Section       64  tasks.o(.data)
    uxDeletedTasksWaitingCleanUp             0x20000088   Data           4  tasks.o(.data)
    uxCurrentNumberOfTasks                   0x2000008c   Data           4  tasks.o(.data)
    xTickCount                               0x20000090   Data           4  tasks.o(.data)
    uxTopReadyPriority                       0x20000094   Data           4  tasks.o(.data)
    xSchedulerRunning                        0x20000098   Data           4  tasks.o(.data)
    xPendedTicks                             0x2000009c   Data           4  tasks.o(.data)
    xYieldPending                            0x200000a0   Data           4  tasks.o(.data)
    xNumOfOverflows                          0x200000a4   Data           4  tasks.o(.data)
    uxTaskNumber                             0x200000a8   Data           4  tasks.o(.data)
    xNextTaskUnblockTime                     0x200000ac   Data           4  tasks.o(.data)
    xIdleTaskHandle                          0x200000b0   Data           4  tasks.o(.data)
    uxSchedulerSuspended                     0x200000b8   Data           4  tasks.o(.data)
    pxDelayedTaskList                        0x200000bc   Data           4  tasks.o(.data)
    pxOverflowDelayedTaskList                0x200000c0   Data           4  tasks.o(.data)
    .data                                    0x200000c4   Section        4  port.o(.data)
    uxCriticalNesting                        0x200000c4   Data           4  port.o(.data)
    .data                                    0x200000c8   Section       32  heap_4.o(.data)
    pxEnd                                    0x200000c8   Data           4  heap_4.o(.data)
    xFreeBytesRemaining                      0x200000cc   Data           4  heap_4.o(.data)
    xMinimumEverFreeBytesRemaining           0x200000d0   Data           4  heap_4.o(.data)
    xNumberOfSuccessfulAllocations           0x200000d4   Data           4  heap_4.o(.data)
    xNumberOfSuccessfulFrees                 0x200000d8   Data           4  heap_4.o(.data)
    xBlockAllocatedBit                       0x200000dc   Data           4  heap_4.o(.data)
    xStart                                   0x200000e0   Data           8  heap_4.o(.data)
    .data                                    0x200000e8   Section        4  stdout.o(.data)
    .bss                                     0x200000ec   Section       40  timers.o(.bss)
    xActiveTimerList1                        0x200000ec   Data          20  timers.o(.bss)
    xActiveTimerList2                        0x20000100   Data          20  timers.o(.bss)
    .bss                                     0x20000114   Section      200  tasks.o(.bss)
    pxReadyTasksLists                        0x20000114   Data         100  tasks.o(.bss)
    xDelayedTaskList1                        0x20000178   Data          20  tasks.o(.bss)
    xDelayedTaskList2                        0x2000018c   Data          20  tasks.o(.bss)
    xPendingReadyList                        0x200001a0   Data          20  tasks.o(.bss)
    xTasksWaitingTermination                 0x200001b4   Data          20  tasks.o(.bss)
    xSuspendedTaskList                       0x200001c8   Data          20  tasks.o(.bss)
    .bss                                     0x200001dc   Section     3072  heap_4.o(.bss)
    ucHeap                                   0x200001dc   Data        3072  heap_4.o(.bss)
    STACK                                    0x20000de0   Section     1024  startup_gd32f1x0.o(STACK)

    Global Symbols

    Symbol Name                              Value     Ov Type        Size  Object(Section)

    BuildAttributes$$THM_ISAv4$P$D$K$B$S$PE$A:L22UL41UL21$X:L11$S22US41US21$IEEE1$IW$USESV6$~STKCKD$USESV7$~SHL$OSPACE$ROPI$EBA8$MICROLIB$REQ8$PRES8$EABIv2 0x00000000   Number         0  anon$$obj.o ABSOLUTE
    __ARM_use_no_argv                        0x00000000   Number         0  main.o ABSOLUTE
    _printf_a                                0x00000000   Number         0  stubs.o ABSOLUTE
    _printf_c                                0x00000000   Number         0  stubs.o ABSOLUTE
    _printf_charcount                        0x00000000   Number         0  stubs.o ABSOLUTE
    _printf_d                                0x00000000   Number         0  stubs.o ABSOLUTE
    _printf_e                                0x00000000   Number         0  stubs.o ABSOLUTE
    _printf_f                                0x00000000   Number         0  stubs.o ABSOLUTE
    _printf_flags                            0x00000000   Number         0  stubs.o ABSOLUTE
    _printf_fp_dec                           0x00000000   Number         0  stubs.o ABSOLUTE
    _printf_fp_hex                           0x00000000   Number         0  stubs.o ABSOLUTE
    _printf_g                                0x00000000   Number         0  stubs.o ABSOLUTE
    _printf_i                                0x00000000   Number         0  stubs.o ABSOLUTE
    _printf_int_dec                          0x00000000   Number         0  stubs.o ABSOLUTE
    _printf_l                                0x00000000   Number         0  stubs.o ABSOLUTE
    _printf_lc                               0x00000000   Number         0  stubs.o ABSOLUTE
    _printf_ll                               0x00000000   Number         0  stubs.o ABSOLUTE
    _printf_lld                              0x00000000   Number         0  stubs.o ABSOLUTE
    _printf_lli                              0x00000000   Number         0  stubs.o ABSOLUTE
    _printf_llo                              0x00000000   Number         0  stubs.o ABSOLUTE
    _printf_llu                              0x00000000   Number         0  stubs.o ABSOLUTE
    _printf_llx                              0x00000000   Number         0  stubs.o ABSOLUTE
    _printf_longlong_dec                     0x00000000   Number         0  stubs.o ABSOLUTE
    _printf_longlong_hex                     0x00000000   Number         0  stubs.o ABSOLUTE
    _printf_longlong_oct                     0x00000000   Number         0  stubs.o ABSOLUTE
    _printf_ls                               0x00000000   Number         0  stubs.o ABSOLUTE
    _printf_mbtowc                           0x00000000   Number         0  stubs.o ABSOLUTE
    _printf_n                                0x00000000   Number         0  stubs.o ABSOLUTE
    _printf_o                                0x00000000   Number         0  stubs.o ABSOLUTE
    _printf_p                                0x00000000   Number         0  stubs.o ABSOLUTE
    _printf_percent                          0x00000000   Number         0  stubs.o ABSOLUTE
    _printf_pre_padding                      0x00000000   Number         0  stubs.o ABSOLUTE
    _printf_return_value                     0x00000000   Number         0  stubs.o ABSOLUTE
    _printf_s                                0x00000000   Number         0  stubs.o ABSOLUTE
    _printf_sizespec                         0x00000000   Number         0  stubs.o ABSOLUTE
    _printf_str                              0x00000000   Number         0  stubs.o ABSOLUTE
    _printf_truncate_signed                  0x00000000   Number         0  stubs.o ABSOLUTE
    _printf_truncate_unsigned                0x00000000   Number         0  stubs.o ABSOLUTE
    _printf_u                                0x00000000   Number         0  stubs.o ABSOLUTE
    _printf_wc                               0x00000000   Number         0  stubs.o ABSOLUTE
    _printf_wctomb                           0x00000000   Number         0  stubs.o ABSOLUTE
    _printf_widthprec                        0x00000000   Number         0  stubs.o ABSOLUTE
    _printf_x                                0x00000000   Number         0  stubs.o ABSOLUTE
    __arm_fini_                               - Undefined Weak Reference
    __cpp_initialize__aeabi_                  - Undefined Weak Reference
    __cxa_finalize                            - Undefined Weak Reference
    __decompress                              - Undefined Weak Reference
    _clock_init                               - Undefined Weak Reference
    _microlib_exit                            - Undefined Weak Reference
    __Vectors_Size                           0x00000168   Number         0  startup_gd32f1x0.o ABSOLUTE
    __Vectors                                0x08000000   Data           4  startup_gd32f1x0.o(RESET)
    __Vectors_End                            0x08000168   Data           0  startup_gd32f1x0.o(RESET)
    __main                                   0x08000169   Thumb Code     0  entry.o(.ARM.Collect$$$$00000000)
    _main_stk                                0x08000169   Thumb Code     0  entry2.o(.ARM.Collect$$$$00000001)
    _main_scatterload                        0x0800016d   Thumb Code     0  entry5.o(.ARM.Collect$$$$00000004)
    __main_after_scatterload                 0x08000171   Thumb Code     0  entry5.o(.ARM.Collect$$$$00000004)
    _main_clock                              0x08000171   Thumb Code     0  entry7b.o(.ARM.Collect$$$$00000008)
    _main_cpp_init                           0x08000171   Thumb Code     0  entry8b.o(.ARM.Collect$$$$0000000A)
    _main_init                               0x08000171   Thumb Code     0  entry9a.o(.ARM.Collect$$$$0000000B)
    __rt_lib_shutdown_fini                   0x08000179   Thumb Code     0  entry12b.o(.ARM.Collect$$$$0000000E)
    __rt_final_cpp                           0x0800017d   Thumb Code     0  entry10a.o(.ARM.Collect$$$$0000000F)
    __rt_final_exit                          0x0800017d   Thumb Code     0  entry11a.o(.ARM.Collect$$$$00000011)
    SVC_Handler                              0x08000181   Thumb Code    32  port.o(.emb_text)
    __asm___6_port_c_39a90d8d__prvStartFirstTask 0x080001a5   Thumb Code    28  port.o(.emb_text)
    PendSV_Handler                           0x080001c5   Thumb Code    72  port.o(.emb_text)
    vPortGetIPSR                             0x08000211   Thumb Code     6  port.o(.emb_text)
    Reset_Handler                            0x08000219   Thumb Code     8  startup_gd32f1x0.o(.text)
    HardFault_Handler                        0x08000223   Thumb Code     2  startup_gd32f1x0.o(.text)
    ADC_CMP_IRQHandler                       0x08000233   Thumb Code     0  startup_gd32f1x0.o(.text)
    CAN0_RX0_IRQHandler                      0x08000233   Thumb Code     0  startup_gd32f1x0.o(.text)
    CAN0_RX1_IRQHandler                      0x08000233   Thumb Code     0  startup_gd32f1x0.o(.text)
    CAN0_SCE_IRQHandler                      0x08000233   Thumb Code     0  startup_gd32f1x0.o(.text)
    CAN0_TX_IRQHandler                       0x08000233   Thumb Code     0  startup_gd32f1x0.o(.text)
    CAN1_RX0_IRQHandler                      0x08000233   Thumb Code     0  startup_gd32f1x0.o(.text)
    CAN1_RX1_IRQHandler                      0x08000233   Thumb Code     0  startup_gd32f1x0.o(.text)
    CAN1_SCE_IRQHandler                      0x08000233   Thumb Code     0  startup_gd32f1x0.o(.text)
    CAN1_TX_IRQHandler                       0x08000233   Thumb Code     0  startup_gd32f1x0.o(.text)
    CEC_IRQHandler                           0x08000233   Thumb Code     0  startup_gd32f1x0.o(.text)
    DMA_Channel0_IRQHandler                  0x08000233   Thumb Code     0  startup_gd32f1x0.o(.text)
    DMA_Channel1_2_IRQHandler                0x08000233   Thumb Code     0  startup_gd32f1x0.o(.text)
    DMA_Channel3_4_IRQHandler                0x08000233   Thumb Code     0  startup_gd32f1x0.o(.text)
    DMA_Channel5_6_IRQHandler                0x08000233   Thumb Code     0  startup_gd32f1x0.o(.text)
    EXTI2_3_IRQHandler                       0x08000233   Thumb Code     0  startup_gd32f1x0.o(.text)
    EXTI4_15_IRQHandler                      0x08000233   Thumb Code     0  startup_gd32f1x0.o(.text)
    FMC_IRQHandler                           0x08000233   Thumb Code     0  startup_gd32f1x0.o(.text)
    I2C0_ER_IRQHandler                       0x08000233   Thumb Code     0  startup_gd32f1x0.o(.text)
    I2C0_EV_IRQHandler                       0x08000233   Thumb Code     0  startup_gd32f1x0.o(.text)
    I2C1_ER_IRQHandler                       0x08000233   Thumb Code     0  startup_gd32f1x0.o(.text)
    I2C1_EV_IRQHandler                       0x08000233   Thumb Code     0  startup_gd32f1x0.o(.text)
    I2C2_ER_IRQHandler                       0x08000233   Thumb Code     0  startup_gd32f1x0.o(.text)
    I2C2_EV_IRQHandler                       0x08000233   Thumb Code     0  startup_gd32f1x0.o(.text)
    LVD_IRQHandler                           0x08000233   Thumb Code     0  startup_gd32f1x0.o(.text)
    RCU_IRQHandler                           0x08000233   Thumb Code     0  startup_gd32f1x0.o(.text)
    RTC_IRQHandler                           0x08000233   Thumb Code     0  startup_gd32f1x0.o(.text)
    SLCD_IRQHandler                          0x08000233   Thumb Code     0  startup_gd32f1x0.o(.text)
    SPI0_IRQHandler                          0x08000233   Thumb Code     0  startup_gd32f1x0.o(.text)
    SPI1_IRQHandler                          0x08000233   Thumb Code     0  startup_gd32f1x0.o(.text)
    SPI2_IRQHandler                          0x08000233   Thumb Code     0  startup_gd32f1x0.o(.text)
    TIMER0_BRK_UP_TRG_COM_IRQHandler         0x08000233   Thumb Code     0  startup_gd32f1x0.o(.text)
    TIMER0_Channel_IRQHandler                0x08000233   Thumb Code     0  startup_gd32f1x0.o(.text)
    TIMER13_IRQHandler                       0x08000233   Thumb Code     0  startup_gd32f1x0.o(.text)
    TIMER14_IRQHandler                       0x08000233   Thumb Code     0  startup_gd32f1x0.o(.text)
    TIMER15_IRQHandler                       0x08000233   Thumb Code     0  startup_gd32f1x0.o(.text)
    TIMER16_IRQHandler                       0x08000233   Thumb Code     0  startup_gd32f1x0.o(.text)
    TIMER1_IRQHandler                        0x08000233   Thumb Code     0  startup_gd32f1x0.o(.text)
    TIMER2_IRQHandler                        0x08000233   Thumb Code     0  startup_gd32f1x0.o(.text)
    TIMER5_DAC_IRQHandler                    0x08000233   Thumb Code     0  startup_gd32f1x0.o(.text)
    TSI_IRQHandler                           0x08000233   Thumb Code     0  startup_gd32f1x0.o(.text)
    USART0_IRQHandler                        0x08000233   Thumb Code     0  startup_gd32f1x0.o(.text)
    USART1_IRQHandler                        0x08000233   Thumb Code     0  startup_gd32f1x0.o(.text)
    USBDWakeUp_IRQHandler                    0x08000233   Thumb Code     0  startup_gd32f1x0.o(.text)
    USBD_HP_IRQHandler                       0x08000233   Thumb Code     0  startup_gd32f1x0.o(.text)
    USBD_LP_IRQHandler                       0x08000233   Thumb Code     0  startup_gd32f1x0.o(.text)
    WWDGT_IRQHandler                         0x08000233   Thumb Code     0  startup_gd32f1x0.o(.text)
    __aeabi_memcpy                           0x0800023d   Thumb Code    36  memcpya.o(.text)
    __aeabi_memcpy4                          0x0800023d   Thumb Code     0  memcpya.o(.text)
    __aeabi_memcpy8                          0x0800023d   Thumb Code     0  memcpya.o(.text)
    __aeabi_memset                           0x08000261   Thumb Code    14  memseta.o(.text)
    __aeabi_memset4                          0x08000261   Thumb Code     0  memseta.o(.text)
    __aeabi_memset8                          0x08000261   Thumb Code     0  memseta.o(.text)
    __aeabi_memclr                           0x0800026f   Thumb Code     4  memseta.o(.text)
    __aeabi_memclr4                          0x0800026f   Thumb Code     0  memseta.o(.text)
    __aeabi_memclr8                          0x0800026f   Thumb Code     0  memseta.o(.text)
    _memset$wrapper                          0x08000273   Thumb Code    18  memseta.o(.text)
    __aeabi_uidiv                            0x08000285   Thumb Code     0  uidiv.o(.text)
    __aeabi_uidivmod                         0x08000285   Thumb Code    44  uidiv.o(.text)
    __scatterload                            0x080002b1   Thumb Code    28  init.o(.text)
    __scatterload_rt2                        0x080002b1   Thumb Code     0  init.o(.text)
    BusFault_Handler                         0x080002d5   Thumb Code     2  gd32f1x0_it.o(i.BusFault_Handler)
    DebugMon_Handler                         0x080002d7   Thumb Code     2  gd32f1x0_it.o(i.DebugMon_Handler)
    EXTI0_1_IRQHandler                       0x080002d9   Thumb Code    24  key.o(i.EXTI0_1_IRQHandler)
    MemManage_Handler                        0x080002f1   Thumb Code     2  gd32f1x0_it.o(i.MemManage_Handler)
    NMI_Handler                              0x080002f3   Thumb Code     2  gd32f1x0_it.o(i.NMI_Handler)
    SysTick_Handler                          0x080002f5   Thumb Code    38  port.o(i.SysTick_Handler)
    SystemInit                               0x08000321   Thumb Code    98  system_gd32f1x0.o(i.SystemInit)
    UsageFault_Handler                       0x08000395   Thumb Code     2  gd32f1x0_it.o(i.UsageFault_Handler)
    __0printf$1                              0x08000399   Thumb Code    22  printf1.o(i.__0printf$1)
    __1printf$1                              0x08000399   Thumb Code     0  printf1.o(i.__0printf$1)
    __2printf                                0x08000399   Thumb Code     0  printf1.o(i.__0printf$1)
    __scatterload_copy                       0x080003b9   Thumb Code    14  handlers.o(i.__scatterload_copy)
    __scatterload_null                       0x080003c7   Thumb Code     2  handlers.o(i.__scatterload_null)
    __scatterload_zeroinit                   0x080003c9   Thumb Code    14  handlers.o(i.__scatterload_zeroinit)
    app_main                                 0x0800052d   Thumb Code    60  main.o(i.app_main)
    debug_printf_init                        0x08000591   Thumb Code     4  debug_printf.o(i.debug_printf_init)
    exti_init                                0x08000595   Thumb Code    98  gd32f1x0_exti.o(i.exti_init)
    exti_interrupt_flag_clear                0x080005fd   Thumb Code     6  gd32f1x0_exti.o(i.exti_interrupt_flag_clear)
    exti_interrupt_flag_get                  0x08000609   Thumb Code    26  gd32f1x0_exti.o(i.exti_interrupt_flag_get)
    fputc                                    0x0800062d   Thumb Code    34  debug_printf.o(i.fputc)
    gd_eval_com_init                         0x08000655   Thumb Code   142  gd32f1x0r_eval.o(i.gd_eval_com_init)
    gd_eval_led_init                         0x080006e9   Thumb Code    66  gd32f1x0r_eval.o(i.gd_eval_led_init)
    gd_eval_led_toggle                       0x08000731   Thumb Code    22  gd32f1x0r_eval.o(i.gd_eval_led_toggle)
    gpio_af_set                              0x0800074d   Thumb Code    86  gd32f1x0_gpio.o(i.gpio_af_set)
    gpio_input_bit_get                       0x080007a3   Thumb Code    10  gd32f1x0_gpio.o(i.gpio_input_bit_get)
    gpio_mode_set                            0x080007ad   Thumb Code    72  gd32f1x0_gpio.o(i.gpio_mode_set)
    gpio_output_options_set                  0x080007f5   Thumb Code    62  gd32f1x0_gpio.o(i.gpio_output_options_set)
    key_init                                 0x08000833   Thumb Code    62  key.o(i.key_init)
    key_scan_task                            0x08000871   Thumb Code    32  main.o(i.key_scan_task)
    led_task                                 0x08000895   Thumb Code    44  main.o(i.led_task)
    main                                     0x080008c9   Thumb Code    28  main.o(i.main)
    nvic_irq_enable                          0x080008e9   Thumb Code   132  gd32f1x0_misc.o(i.nvic_irq_enable)
    nvic_priority_group_set                  0x08000971   Thumb Code    10  gd32f1x0_misc.o(i.nvic_priority_group_set)
    nvic_vector_table_set                    0x08000985   Thumb Code    12  gd32f1x0_misc.o(i.nvic_vector_table_set)
    pvPortMalloc                             0x080010a9   Thumb Code   170  heap_4.o(i.pvPortMalloc)
    pxPortInitialiseStack                    0x08001159   Thumb Code    32  port.o(i.pxPortInitialiseStack)
    rcu_clock_freq_get                       0x0800117d   Thumb Code   330  gd32f1x0_rcu.o(i.rcu_clock_freq_get)
    rcu_periph_clock_enable                  0x080012e9   Thumb Code    22  gd32f1x0_rcu.o(i.rcu_periph_clock_enable)
    rcu_periph_reset_disable                 0x08001305   Thumb Code    22  gd32f1x0_rcu.o(i.rcu_periph_reset_disable)
    rcu_periph_reset_enable                  0x08001321   Thumb Code    22  gd32f1x0_rcu.o(i.rcu_periph_reset_enable)
    syscfg_exti_line_config                  0x0800133d   Thumb Code    86  gd32f1x0_syscfg.o(i.syscfg_exti_line_config)
    usart_baudrate_set                       0x08001405   Thumb Code    78  gd32f1x0_usart.o(i.usart_baudrate_set)
    usart_data_transmit                      0x08001459   Thumb Code     8  gd32f1x0_usart.o(i.usart_data_transmit)
    usart_deinit                             0x08001461   Thumb Code    42  gd32f1x0_usart.o(i.usart_deinit)
    usart_enable                             0x08001491   Thumb Code    10  gd32f1x0_usart.o(i.usart_enable)
    usart_flag_get                           0x0800149b   Thumb Code    22  gd32f1x0_usart.o(i.usart_flag_get)
    usart_receive_config                     0x080014b1   Thumb Code    16  gd32f1x0_usart.o(i.usart_receive_config)
    usart_transmit_config                    0x080014c1   Thumb Code    16  gd32f1x0_usart.o(i.usart_transmit_config)
    uxListRemove                             0x080014d1   Thumb Code    38  list.o(i.uxListRemove)
    uxTaskResetEventItemValue                0x080014f9   Thumb Code    20  tasks.o(i.uxTaskResetEventItemValue)
    vListInitialise                          0x08001511   Thumb Code    22  list.o(i.vListInitialise)
    vListInitialiseItem                      0x08001527   Thumb Code     6  list.o(i.vListInitialiseItem)
    vListInsert                              0x0800152d   Thumb Code    48  list.o(i.vListInsert)
    vListInsertEnd                           0x0800155d   Thumb Code    24  list.o(i.vListInsertEnd)
    vPortEnterCritical                       0x08001575   Thumb Code    24  port.o(i.vPortEnterCritical)
    vPortExitCritical                        0x08001591   Thumb Code    16  port.o(i.vPortExitCritical)
    vPortFree                                0x080015a5   Thumb Code    64  heap_4.o(i.vPortFree)
    vPortSetupTimerInterrupt                 0x080015e9   Thumb Code    32  port.o(i.vPortSetupTimerInterrupt)
    vQueueWaitForMessageRestricted           0x0800160d   Thumb Code    68  queue.o(i.vQueueWaitForMessageRestricted)
    vTaskDelay                               0x08001651   Thumb Code    44  tasks.o(i.vTaskDelay)
    vTaskInternalSetTimeOutState             0x08001681   Thumb Code    12  tasks.o(i.vTaskInternalSetTimeOutState)
    vTaskMissedYield                         0x08001691   Thumb Code     8  tasks.o(i.vTaskMissedYield)
    vTaskPlaceOnEventList                    0x0800169d   Thumb Code    30  tasks.o(i.vTaskPlaceOnEventList)
    vTaskPlaceOnEventListRestricted          0x080016c1   Thumb Code    38  tasks.o(i.vTaskPlaceOnEventListRestricted)
    vTaskPlaceOnUnorderedEventList           0x080016ed   Thumb Code    38  tasks.o(i.vTaskPlaceOnUnorderedEventList)
    vTaskRemoveFromUnorderedEventList        0x08001719   Thumb Code    66  tasks.o(i.vTaskRemoveFromUnorderedEventList)
    vTaskStartScheduler                      0x08001765   Thumb Code    72  tasks.o(i.vTaskStartScheduler)
    vTaskSuspendAll                          0x080017bd   Thumb Code    10  tasks.o(i.vTaskSuspendAll)
    vTaskSwitchContext                       0x080017cd   Thumb Code    60  tasks.o(i.vTaskSwitchContext)
    xEventGroupCreate                        0x08001811   Thumb Code    26  event_groups.o(i.xEventGroupCreate)
    xEventGroupSetBits                       0x0800182b   Thumb Code   100  event_groups.o(i.xEventGroupSetBits)
    xEventGroupWaitBits                      0x08001891   Thumb Code   184  event_groups.o(i.xEventGroupWaitBits)
    xPortStartScheduler                      0x0800194d   Thumb Code    38  port.o(i.xPortStartScheduler)
    xQueueGenericCreate                      0x0800197d   Thumb Code    60  queue.o(i.xQueueGenericCreate)
    xQueueGenericReset                       0x080019b9   Thumb Code   112  queue.o(i.xQueueGenericReset)
    xQueueGenericSend                        0x08001a2d   Thumb Code   272  queue.o(i.xQueueGenericSend)
    xQueueGenericSendFromISR                 0x08001b41   Thumb Code   134  queue.o(i.xQueueGenericSendFromISR)
    xQueueReceive                            0x08001bc9   Thumb Code   234  queue.o(i.xQueueReceive)
    xTaskCheckForTimeOut                     0x08001cb9   Thumb Code    82  tasks.o(i.xTaskCheckForTimeOut)
    xTaskCreate                              0x08001d11   Thumb Code    86  tasks.o(i.xTaskCreate)
    xTaskGetSchedulerState                   0x08001d69   Thumb Code    22  tasks.o(i.xTaskGetSchedulerState)
    xTaskGetTickCount                        0x08001d85   Thumb Code     6  tasks.o(i.xTaskGetTickCount)
    xTaskIncrementTick                       0x08001d91   Thumb Code   172  tasks.o(i.xTaskIncrementTick)
    xTaskRemoveFromEventList                 0x08001e45   Thumb Code    90  tasks.o(i.xTaskRemoveFromEventList)
    xTaskResumeAll                           0x08001ea9   Thumb Code   164  tasks.o(i.xTaskResumeAll)
    xTimerCreateTimerTask                    0x08001f59   Thumb Code    42  timers.o(i.xTimerCreateTimerTask)
    xTimerGenericCommand                     0x08001f95   Thumb Code    68  timers.o(i.xTimerGenericCommand)
    Region$$Table$$Base                      0x08001fdc   Number         0  anon$$obj.o(Region$$Table)
    Region$$Table$$Limit                     0x08001ffc   Number         0  anon$$obj.o(Region$$Table)
    Event_Handle                             0x20000000   Data           4  main.o(.data)
    SystemCoreClock                          0x20000004   Data           4  system_gd32f1x0.o(.data)
    pxCurrentTCB                             0x20000084   Data           4  tasks.o(.data)
    uxTopUsedPriority                        0x200000b4   Data           4  tasks.o(.data)
    __stdout                                 0x200000e8   Data           4  stdout.o(.data)
    __initial_sp                             0x200011e0   Data           0  startup_gd32f1x0.o(STACK)



==============================================================================

Memory Map of the image

  Image Entry point : 0x08000169

  Load Region LR_IROM1 (Base: 0x08000000, Size: 0x000020e8, Max: 0x00010000, ABSOLUTE)

    Execution Region ER_IROM1 (Exec base: 0x08000000, Load base: 0x08000000, Size: 0x00001ffc, Max: 0x00010000, ABSOLUTE)

    Exec Addr    Load Addr    Size         Type   Attr      Idx    E Section Name        Object

    0x08000000   0x08000000   0x00000168   Data   RO          293    RESET               startup_gd32f1x0.o
    0x08000168   0x08000168   0x00000000   Code   RO         3066  * .ARM.Collect$$$$00000000  mc_w.l(entry.o)
    0x08000168   0x08000168   0x00000004   Code   RO         3336    .ARM.Collect$$$$00000001  mc_w.l(entry2.o)
    0x0800016c   0x0800016c   0x00000004   Code   RO         3339    .ARM.Collect$$$$00000004  mc_w.l(entry5.o)
    0x08000170   0x08000170   0x00000000   Code   RO         3341    .ARM.Collect$$$$00000008  mc_w.l(entry7b.o)
    0x08000170   0x08000170   0x00000000   Code   RO         3343    .ARM.Collect$$$$0000000A  mc_w.l(entry8b.o)
    0x08000170   0x08000170   0x00000008   Code   RO         3344    .ARM.Collect$$$$0000000B  mc_w.l(entry9a.o)
    0x08000178   0x08000178   0x00000004   Code   RO         3351    .ARM.Collect$$$$0000000E  mc_w.l(entry12b.o)
    0x0800017c   0x0800017c   0x00000000   Code   RO         3346    .ARM.Collect$$$$0000000F  mc_w.l(entry10a.o)
    0x0800017c   0x0800017c   0x00000000   Code   RO         3348    .ARM.Collect$$$$00000011  mc_w.l(entry11a.o)
    0x0800017c   0x0800017c   0x00000004   Code   RO         3337    .ARM.Collect$$$$00002712  mc_w.l(entry2.o)
    0x08000180   0x08000180   0x00000096   Code   RO         2919    .emb_text           port.o
    0x08000216   0x08000216   0x00000002   PAD
    0x08000218   0x08000218   0x00000024   Code   RO          294    .text               startup_gd32f1x0.o
    0x0800023c   0x0800023c   0x00000024   Code   RO         3069    .text               mc_w.l(memcpya.o)
    0x08000260   0x08000260   0x00000024   Code   RO         3071    .text               mc_w.l(memseta.o)
    0x08000284   0x08000284   0x0000002c   Code   RO         3353    .text               mc_w.l(uidiv.o)
    0x080002b0   0x080002b0   0x00000024   Code   RO         3368    .text               mc_w.l(init.o)
    0x080002d4   0x080002d4   0x00000002   Code   RO            4    i.BusFault_Handler  gd32f1x0_it.o
    0x080002d6   0x080002d6   0x00000002   Code   RO            5    i.DebugMon_Handler  gd32f1x0_it.o
    0x080002d8   0x080002d8   0x00000018   Code   RO          263    i.EXTI0_1_IRQHandler  key.o
    0x080002f0   0x080002f0   0x00000002   Code   RO            6    i.MemManage_Handler  gd32f1x0_it.o
    0x080002f2   0x080002f2   0x00000002   Code   RO            7    i.NMI_Handler       gd32f1x0_it.o
    0x080002f4   0x080002f4   0x0000002c   Code   RO         2920    i.SysTick_Handler   port.o
    0x08000320   0x08000320   0x00000074   Code   RO          302    i.SystemInit        system_gd32f1x0.o
    0x08000394   0x08000394   0x00000002   Code   RO            8    i.UsageFault_Handler  gd32f1x0_it.o
    0x08000396   0x08000396   0x00000002   PAD
    0x08000398   0x08000398   0x00000020   Code   RO         3120    i.__0printf$1       mc_w.l(printf1.o)
    0x080003b8   0x080003b8   0x0000000e   Code   RO         3380    i.__scatterload_copy  mc_w.l(handlers.o)
    0x080003c6   0x080003c6   0x00000002   Code   RO         3381    i.__scatterload_null  mc_w.l(handlers.o)
    0x080003c8   0x080003c8   0x0000000e   Code   RO         3382    i.__scatterload_zeroinit  mc_w.l(handlers.o)
    0x080003d6   0x080003d6   0x00000002   PAD
    0x080003d8   0x080003d8   0x00000154   Code   RO         3127    i._printf_core      mc_w.l(printf1.o)
    0x0800052c   0x0800052c   0x00000064   Code   RO          123    i.app_main          main.o
    0x08000590   0x08000590   0x00000004   Code   RO          229    i.debug_printf_init  debug_printf.o
    0x08000594   0x08000594   0x00000068   Code   RO          347    i.exti_init         gd32f1x0_exti.o
    0x080005fc   0x080005fc   0x0000000c   Code   RO          350    i.exti_interrupt_flag_clear  gd32f1x0_exti.o
    0x08000608   0x08000608   0x00000024   Code   RO          351    i.exti_interrupt_flag_get  gd32f1x0_exti.o
    0x0800062c   0x0800062c   0x00000028   Code   RO          230    i.fputc             debug_printf.o
    0x08000654   0x08000654   0x00000094   Code   RO         1799    i.gd_eval_com_init  gd32f1x0r_eval.o
    0x080006e8   0x080006e8   0x00000048   Code   RO         1802    i.gd_eval_led_init  gd32f1x0r_eval.o
    0x08000730   0x08000730   0x0000001c   Code   RO         1805    i.gd_eval_led_toggle  gd32f1x0r_eval.o
    0x0800074c   0x0800074c   0x00000056   Code   RO          432    i.gpio_af_set       gd32f1x0_gpio.o
    0x080007a2   0x080007a2   0x0000000a   Code   RO          437    i.gpio_input_bit_get  gd32f1x0_gpio.o
    0x080007ac   0x080007ac   0x00000048   Code   RO          439    i.gpio_mode_set     gd32f1x0_gpio.o
    0x080007f4   0x080007f4   0x0000003e   Code   RO          441    i.gpio_output_options_set  gd32f1x0_gpio.o
    0x08000832   0x08000832   0x0000003e   Code   RO          264    i.key_init          key.o
    0x08000870   0x08000870   0x00000024   Code   RO          124    i.key_scan_task     main.o
    0x08000894   0x08000894   0x00000034   Code   RO          125    i.led_task          main.o
    0x080008c8   0x080008c8   0x00000020   Code   RO          126    i.main              main.o
    0x080008e8   0x080008e8   0x00000088   Code   RO         1297    i.nvic_irq_enable   gd32f1x0_misc.o
    0x08000970   0x08000970   0x00000014   Code   RO         1298    i.nvic_priority_group_set  gd32f1x0_misc.o
    0x08000984   0x08000984   0x00000014   Code   RO         1299    i.nvic_vector_table_set  gd32f1x0_misc.o
    0x08000998   0x08000998   0x00000070   Code   RO         2021    i.prvAddCurrentTaskToDelayedList  tasks.o
    0x08000a08   0x08000a08   0x000000d0   Code   RO         2022    i.prvAddNewTaskToReadyList  tasks.o
    0x08000ad8   0x08000ad8   0x00000040   Code   RO         1865    i.prvCheckForValidListAndQueue  timers.o
    0x08000b18   0x08000b18   0x00000026   Code   RO         2379    i.prvCopyDataFromQueue  queue.o
    0x08000b3e   0x08000b3e   0x0000005a   Code   RO         2380    i.prvCopyDataToQueue  queue.o
    0x08000b98   0x08000b98   0x00000014   Code   RO         2023    i.prvDeleteTCB      tasks.o
    0x08000bac   0x08000bac   0x0000004c   Code   RO         3002    i.prvHeapInit       heap_4.o
    0x08000bf8   0x08000bf8   0x0000005c   Code   RO         2024    i.prvIdleTask       tasks.o
    0x08000c54   0x08000c54   0x0000008e   Code   RO         2025    i.prvInitialiseNewTask  tasks.o
    0x08000ce2   0x08000ce2   0x00000002   PAD
    0x08000ce4   0x08000ce4   0x0000004c   Code   RO         3003    i.prvInsertBlockIntoFreeList  heap_4.o
    0x08000d30   0x08000d30   0x00000038   Code   RO         1866    i.prvInsertTimerInActiveList  timers.o
    0x08000d68   0x08000d68   0x0000001a   Code   RO         2381    i.prvIsQueueEmpty   queue.o
    0x08000d82   0x08000d82   0x00000044   Code   RO         2382    i.prvNotifyQueueSetContainer  queue.o
    0x08000dc6   0x08000dc6   0x00000002   PAD
    0x08000dc8   0x08000dc8   0x000000cc   Code   RO         1867    i.prvProcessReceivedCommands  timers.o
    0x08000e94   0x08000e94   0x000000b0   Code   RO         1868    i.prvProcessTimerOrBlockTask  timers.o
    0x08000f44   0x08000f44   0x0000001c   Code   RO         2027    i.prvResetNextTaskUnblockTime  tasks.o
    0x08000f60   0x08000f60   0x00000028   Code   RO         1869    i.prvSampleTimeNow  timers.o
    0x08000f88   0x08000f88   0x0000005c   Code   RO         1870    i.prvSwitchTimerLists  timers.o
    0x08000fe4   0x08000fe4   0x00000010   Code   RO         2921    i.prvTaskExitError  port.o
    0x08000ff4   0x08000ff4   0x00000014   Code   RO         2635    i.prvTestWaitCondition  event_groups.o
    0x08001008   0x08001008   0x00000028   Code   RO         1871    i.prvTimerTask      timers.o
    0x08001030   0x08001030   0x00000076   Code   RO         2383    i.prvUnlockQueue    queue.o
    0x080010a6   0x080010a6   0x00000002   PAD
    0x080010a8   0x080010a8   0x000000b0   Code   RO         3004    i.pvPortMalloc      heap_4.o
    0x08001158   0x08001158   0x00000024   Code   RO         2922    i.pxPortInitialiseStack  port.o
    0x0800117c   0x0800117c   0x0000016c   Code   RO         1035    i.rcu_clock_freq_get  gd32f1x0_rcu.o
    0x080012e8   0x080012e8   0x0000001c   Code   RO         1055    i.rcu_periph_clock_enable  gd32f1x0_rcu.o
    0x08001304   0x08001304   0x0000001c   Code   RO         1058    i.rcu_periph_reset_disable  gd32f1x0_rcu.o
    0x08001320   0x08001320   0x0000001c   Code   RO         1059    i.rcu_periph_reset_enable  gd32f1x0_rcu.o
    0x0800133c   0x0800133c   0x0000005c   Code   RO          531    i.syscfg_exti_line_config  gd32f1x0_syscfg.o
    0x08001398   0x08001398   0x0000006c   Code   RO          303    i.system_clock_72m_hxtal  system_gd32f1x0.o
    0x08001404   0x08001404   0x00000054   Code   RO          605    i.usart_baudrate_set  gd32f1x0_usart.o
    0x08001458   0x08001458   0x00000008   Code   RO          612    i.usart_data_transmit  gd32f1x0_usart.o
    0x08001460   0x08001460   0x00000030   Code   RO          613    i.usart_deinit      gd32f1x0_usart.o
    0x08001490   0x08001490   0x0000000a   Code   RO          620    i.usart_enable      gd32f1x0_usart.o
    0x0800149a   0x0800149a   0x00000016   Code   RO          622    i.usart_flag_get    gd32f1x0_usart.o
    0x080014b0   0x080014b0   0x00000010   Code   RO          647    i.usart_receive_config  gd32f1x0_usart.o
    0x080014c0   0x080014c0   0x00000010   Code   RO          663    i.usart_transmit_config  gd32f1x0_usart.o
    0x080014d0   0x080014d0   0x00000026   Code   RO         2587    i.uxListRemove      list.o
    0x080014f6   0x080014f6   0x00000002   PAD
    0x080014f8   0x080014f8   0x00000018   Code   RO         2037    i.uxTaskResetEventItemValue  tasks.o
    0x08001510   0x08001510   0x00000016   Code   RO         2588    i.vListInitialise   list.o
    0x08001526   0x08001526   0x00000006   Code   RO         2589    i.vListInitialiseItem  list.o
    0x0800152c   0x0800152c   0x00000030   Code   RO         2590    i.vListInsert       list.o
    0x0800155c   0x0800155c   0x00000018   Code   RO         2591    i.vListInsertEnd    list.o
    0x08001574   0x08001574   0x0000001c   Code   RO         2924    i.vPortEnterCritical  port.o
    0x08001590   0x08001590   0x00000014   Code   RO         2925    i.vPortExitCritical  port.o
    0x080015a4   0x080015a4   0x00000044   Code   RO         3005    i.vPortFree         heap_4.o
    0x080015e8   0x080015e8   0x00000024   Code   RO         2926    i.vPortSetupTimerInterrupt  port.o
    0x0800160c   0x0800160c   0x00000044   Code   RO         2391    i.vQueueWaitForMessageRestricted  queue.o
    0x08001650   0x08001650   0x00000030   Code   RO         2038    i.vTaskDelay        tasks.o
    0x08001680   0x08001680   0x00000010   Code   RO         2043    i.vTaskInternalSetTimeOutState  tasks.o
    0x08001690   0x08001690   0x0000000c   Code   RO         2044    i.vTaskMissedYield  tasks.o
    0x0800169c   0x0800169c   0x00000024   Code   RO         2045    i.vTaskPlaceOnEventList  tasks.o
    0x080016c0   0x080016c0   0x0000002c   Code   RO         2046    i.vTaskPlaceOnEventListRestricted  tasks.o
    0x080016ec   0x080016ec   0x0000002c   Code   RO         2047    i.vTaskPlaceOnUnorderedEventList  tasks.o
    0x08001718   0x08001718   0x0000004c   Code   RO         2049    i.vTaskRemoveFromUnorderedEventList  tasks.o
    0x08001764   0x08001764   0x00000058   Code   RO         2053    i.vTaskStartScheduler  tasks.o
    0x080017bc   0x080017bc   0x00000010   Code   RO         2055    i.vTaskSuspendAll   tasks.o
    0x080017cc   0x080017cc   0x00000044   Code   RO         2056    i.vTaskSwitchContext  tasks.o
    0x08001810   0x08001810   0x0000001a   Code   RO         2642    i.xEventGroupCreate  event_groups.o
    0x0800182a   0x0800182a   0x00000064   Code   RO         2644    i.xEventGroupSetBits  event_groups.o
    0x0800188e   0x0800188e   0x00000002   PAD
    0x08001890   0x08001890   0x000000bc   Code   RO         2646    i.xEventGroupWaitBits  event_groups.o
    0x0800194c   0x0800194c   0x00000030   Code   RO         2927    i.xPortStartScheduler  port.o
    0x0800197c   0x0800197c   0x0000003c   Code   RO         2394    i.xQueueGenericCreate  queue.o
    0x080019b8   0x080019b8   0x00000074   Code   RO         2395    i.xQueueGenericReset  queue.o
    0x08001a2c   0x08001a2c   0x00000114   Code   RO         2396    i.xQueueGenericSend  queue.o
    0x08001b40   0x08001b40   0x00000086   Code   RO         2397    i.xQueueGenericSendFromISR  queue.o
    0x08001bc6   0x08001bc6   0x00000002   PAD
    0x08001bc8   0x08001bc8   0x000000f0   Code   RO         2403    i.xQueueReceive     queue.o
    0x08001cb8   0x08001cb8   0x00000058   Code   RO         2058    i.xTaskCheckForTimeOut  tasks.o
    0x08001d10   0x08001d10   0x00000056   Code   RO         2059    i.xTaskCreate       tasks.o
    0x08001d66   0x08001d66   0x00000002   PAD
    0x08001d68   0x08001d68   0x0000001c   Code   RO         2067    i.xTaskGetSchedulerState  tasks.o
    0x08001d84   0x08001d84   0x0000000c   Code   RO         2068    i.xTaskGetTickCount  tasks.o
    0x08001d90   0x08001d90   0x000000b4   Code   RO         2070    i.xTaskIncrementTick  tasks.o
    0x08001e44   0x08001e44   0x00000064   Code   RO         2071    i.xTaskRemoveFromEventList  tasks.o
    0x08001ea8   0x08001ea8   0x000000b0   Code   RO         2072    i.xTaskResumeAll    tasks.o
    0x08001f58   0x08001f58   0x0000003c   Code   RO         1879    i.xTimerCreateTimerTask  timers.o
    0x08001f94   0x08001f94   0x00000048   Code   RO         1880    i.xTimerGenericCommand  timers.o
    0x08001fdc   0x08001fdc   0x00000020   Data   RO         3378    Region$$Table       anon$$obj.o


    Execution Region RW_IRAM1 (Exec base: 0x20000000, Load base: 0x08001ffc, Size: 0x000011e0, Max: 0x00002000, ABSOLUTE)

    Exec Addr    Load Addr    Size         Type   Attr      Idx    E Section Name        Object

    0x20000000   0x08001ffc   0x00000004   Data   RW          127    .data               main.o
    0x20000004   0x08002000   0x00000004   Data   RW          304    .data               system_gd32f1x0.o
    0x20000008   0x08002004   0x00000068   Data   RW         1806    .data               gd32f1x0r_eval.o
    0x20000070   0x0800206c   0x00000014   Data   RW         1886    .data               timers.o
    0x20000084   0x08002080   0x00000040   Data   RW         2075    .data               tasks.o
    0x200000c4   0x080020c0   0x00000004   Data   RW         2928    .data               port.o
    0x200000c8   0x080020c4   0x00000020   Data   RW         3011    .data               heap_4.o
    0x200000e8   0x080020e4   0x00000004   Data   RW         3352    .data               mc_w.l(stdout.o)
    0x200000ec        -       0x00000028   Zero   RW         1885    .bss                timers.o
    0x20000114        -       0x000000c8   Zero   RW         2074    .bss                tasks.o
    0x200001dc        -       0x00000c00   Zero   RW         3010    .bss                heap_4.o
    0x20000ddc   0x080020e8   0x00000004   PAD
    0x20000de0        -       0x00000400   Zero   RW          291    STACK               startup_gd32f1x0.o


==============================================================================

Image component sizes


      Code (inc. data)   RO Data    RW Data    ZI Data      Debug   Object Name

        44          6          0          0          0       2264   debug_printf.o
       334          4          0          0          0       4870   event_groups.o
       152         22          0          0          0       2074   gd32f1x0_exti.o
       230          0          0          0          0       3141   gd32f1x0_gpio.o
        10          0          0          0          0      38569   gd32f1x0_it.o
       176         22          0          0          0       2652   gd32f1x0_misc.o
       448         60          0          0          0       4303   gd32f1x0_rcu.o
        92          6          0          0          0        822   gd32f1x0_syscfg.o
       204         12          0          0          0       4701   gd32f1x0_usart.o
       248         18          0        104          0       4623   gd32f1x0r_eval.o
       396         24          0         32       3072       3955   heap_4.o
        86          0          0          0          0        936   key.o
       138          0          0          0          0       3042   list.o
       220         56          0          4          0      18204   main.o
       378         44          0          4          0       8976   port.o
      1234         14          0          0          0      24959   queue.o
        36          8        360          0       1024        880   startup_gd32f1x0.o
       224         26          0          4          0       2239   system_gd32f1x0.o
      1744        160          0         64        200      30449   tasks.o
       804         76          0         20         40      12887   timers.o

    ----------------------------------------------------------------------
      7216        558        392        232       4340     174546   Object Totals
         0          0         32          0          0          0   (incl. Generated)
        18          0          0          0          4          0   (incl. Padding)

    ----------------------------------------------------------------------

      Code (inc. data)   RO Data    RW Data    ZI Data      Debug   Library Member Name

         0          0          0          0          0          0   entry.o
         0          0          0          0          0          0   entry10a.o
         0          0          0          0          0          0   entry11a.o
         4          0          0          0          0          0   entry12b.o
         8          4          0          0          0          0   entry2.o
         4          0          0          0          0          0   entry5.o
         0          0          0          0          0          0   entry7b.o
         0          0          0          0          0          0   entry8b.o
         8          4          0          0          0          0   entry9a.o
        30          0          0          0          0          0   handlers.o
        36          8          0          0          0         68   init.o
        36          0          0          0          0         68   memcpya.o
        36          0          0          0          0        108   memseta.o
       372         14          0          0          0        184   printf1.o
         0          0          0          4          0          0   stdout.o
        44          0          0          0          0         80   uidiv.o

    ----------------------------------------------------------------------
       580         30          0          4          0        508   Library Totals
         2          0          0          0          0          0   (incl. Padding)

    ----------------------------------------------------------------------

      Code (inc. data)   RO Data    RW Data    ZI Data      Debug   Library Name

       578         30          0          4          0        508   mc_w.l

    ----------------------------------------------------------------------
       580         30          0          4          0        508   Library Totals

    ----------------------------------------------------------------------

==============================================================================


      Code (inc. data)   RO Data    RW Data    ZI Data      Debug   

      7796        588        392        236       4340     169798   Grand Totals
      7796        588        392        236       4340     169798   ELF Image Totals
      7796        588        392        236          0          0   ROM Totals

==============================================================================

    Total RO  Size (Code + RO Data)                 8188 (   8.00kB)
    Total RW  Size (RW Data + ZI Data)              4576 (   4.47kB)
    Total ROM Size (Code + RO Data + RW Data)       8424 (   8.23kB)

==============================================================================

